Component: ARM Compiler 5.06 update 2 (build 183) Tool: armlink [4d35b7]

==============================================================================

Section Cross References

    system_stm32f10x.o(.text) refers to system_stm32f10x.o(.data) for SystemCoreClock
    startup_stm32f10x_md.o(STACK) refers (Special) to heapauxi.o(.text) for __use_two_region_memory
    startup_stm32f10x_md.o(HEAP) refers (Special) to heapauxi.o(.text) for __use_two_region_memory
    startup_stm32f10x_md.o(RESET) refers (Special) to heapauxi.o(.text) for __use_two_region_memory
    startup_stm32f10x_md.o(RESET) refers to startup_stm32f10x_md.o(STACK) for __initial_sp
    startup_stm32f10x_md.o(RESET) refers to startup_stm32f10x_md.o(.text) for Reset_Handler
    startup_stm32f10x_md.o(RESET) refers to systick.o(.text) for SysTick_Handler
    startup_stm32f10x_md.o(RESET) refers to usart.o(.text) for USART2_IRQHandler
    startup_stm32f10x_md.o(RESET) refers to si4432.o(.text) for EXTI15_10_IRQHandler
    startup_stm32f10x_md.o(.text) refers (Special) to heapauxi.o(.text) for __use_two_region_memory
    startup_stm32f10x_md.o(.text) refers to system_stm32f10x.o(.text) for SystemInit
    startup_stm32f10x_md.o(.text) refers to __main.o(!!!main) for __main
    startup_stm32f10x_md.o(.text) refers to startup_stm32f10x_md.o(HEAP) for Heap_Mem
    startup_stm32f10x_md.o(.text) refers to startup_stm32f10x_md.o(STACK) for Stack_Mem
    cmdprocess.o(.text) refers to command.o(.text) for cmd_get
    cmdprocess.o(.text) refers to systick.o(.text) for UpdateRandomTime
    cmdprocess.o(.text) refers to unitcfg.o(.text) for UnitCnt_Get
    cmdprocess.o(.text) refers to upload.o(.text) for Upload
    cmdprocess.o(.text) refers to bestfulib.o(.text) for memmove
    cmdprocess.o(.text) refers to object.o(.text) for Object_Check
    cmdprocess.o(.text) refers to instruct.o(.text) for Instruct
    cmdprocess.o(.text) refers to msgpackage.o(.text) for Msg_Feedback
    cmdprocess.o(.text) refers to fifo.o(.text) for fifo_Init
    cmdprocess.o(.text) refers to thread.o(.text) for Thread_Login
    cmdprocess.o(.text) refers to object.o(.data) for DelayID
    cmdprocess.o(.text) refers to userdata.o(.bss) for gSysData
    cmdprocess.o(.text) refers to cmdprocess.o(.bss) for send_433
    cmdprocess.o(.text) refers to unitcfg.o(.constdata) for UnitTab
    cmdprocess.o(.text) refers to unitcfg.o(.bss) for gUnitData
    cmdprocess.o(.text) refers to si4432.o(.text) for Si4432_Send
    command.o(.text) refers to fifo.o(.text) for fifo_empty
    command.o(.text) refers to crc.o(.text) for ChkCrcValue
    command.o(.text) refers to command.o(.constdata) for HeadCMD
    crc.o(.text) refers to crc.o(.constdata) for CRCTable
    delay.o(.text) refers to wdg.o(.text) for WDG_Feed
    eeprom.o(.text) refers to i2c.o(.text) for IIC_Read
    eeprom.o(.text) refers to faultmanage.o(.text) for Fault_Upload
    faultmanage.o(.text) refers to upload.o(.text) for Upload_Fault
    faultmanage.o(.text) refers to thread.o(.text) for Thread_Logout
    faultmanage.o(.text) refers to wdg.o(.text) for WDG_FeedOFF
    faultmanage.o(.text) refers to userdata.o(.text) for FaultData_Save
    faultmanage.o(.text) refers to instruct.o(.text) for Instruct_Run
    fifo.o(.text) refers to bestfulib.o(.text) for memcpy
    flashattr.o(.text) refers to updata.o(.text) for Updata_Check
    flashattr.o(.text) refers to wdg.o(.text) for WDG_Feed
    flashattr.o(.text) refers to thread.o(.text) for Thread_Login
    flashattr.o(.text) refers to flashattr.o(.data) for Version
    flashattr.o(.text) refers to si4432.o(.text) for Si4432_Init
    linkscanfifo.o(.text) refers to fifo.o(.text) for fifo_Init
    linkscanfifo.o(.text) refers to linksrc.o(.text) for LinkSrcExe
    linkscanfifo.o(.text) refers to thread.o(.text) for Thread_Login
    linkscanfifo.o(.text) refers to upload.o(.text) for Upload
    linkscanfifo.o(.text) refers to linkscanfifo.o(.bss) for propbuf
    linkscanfifo.o(.text) refers to unitcfg.o(.bss) for gUnitData
    linksimplest.o(.text) refers to eeprom.o(.text) for WriteDataToEEPROM
    linksimplest.o(.text) refers to bestfulib.o(.text) for memset
    linksimplest.o(.text) refers to linksimplest.o(.bss) for ALink
    linksrc.o(.text) refers to linksimplest.o(.text) for ALinkInit
    linksrc.o(.text) refers to msgpackage.o(.text) for Msg_Send
    linksrc.o(.text) refers to linksimplest.o(.bss) for ALink
    linkwrdc.o(.text) refers to linksimplest.o(.text) for CheckALinkFull
    linkwrdc.o(.text) refers to bestfulib.o(.text) for memset
    linkwrdc.o(.text) refers to eeprom.o(.text) for WriteDataToEEPROM
    linkwrdc.o(.text) refers to linksimplest.o(.bss) for ALink
    msgpackage.o(.text) refers to userdata.o(.text) for SysEEPROMData_Set
    msgpackage.o(.text) refers to command.o(.text) for cmd_put
    msgpackage.o(.text) refers to faultmanage.o(.text) for Fault_Upload
    msgpackage.o(.text) refers to bestfulib.o(.text) for memcpy
[...]
    x$fpl$dfltu                              0x080096ca   Section       38  dflt_clz.o(x$fpl$dfltu)
    x$fpl$dmul                               0x080096f0   Section      340  dmul.o(x$fpl$dmul)
    x$fpl$dnaninf                            0x08009844   Section      156  dnaninf.o(x$fpl$dnaninf)
    x$fpl$dretinf                            0x080098e0   Section       12  dretinf.o(x$fpl$dretinf)
    x$fpl$dsub                               0x080098ec   Section      468  daddsub_clz.o(x$fpl$dsub)
    _dsub1                                   0x080098fd   Thumb Code     0  daddsub_clz.o(x$fpl$dsub)
    .constdata                               0x08009ac0   Section       12  command.o(.constdata)
    x$fpl$usenofp                            0x08009ac0   Section        0  usenofp.o(x$fpl$usenofp)
    .constdata                               0x08009acc   Section      512  crc.o(.constdata)
    .constdata                               0x08009ccc   Section      560  sysexeattr.o(.constdata)
    .constdata                               0x08009efc   Section        8  program.o(.constdata)
    .constdata                               0x08009f04   Section       30  si4432.o(.constdata)
    randWait_Tab                             0x08009f1a   Data           8  si4432.o(.constdata)
    .constdata                               0x08009f22   Section        9  test.o(.constdata)
    .constdata                               0x08009f2b   Section       23  flashsizeflag.o(.constdata)
    .constdata                               0x08009f44   Section       32  unitcfg.o(.constdata)
    .constdata                               0x08009f64   Section      512  crc16.o(.constdata)
    .constdata                               0x0800a164   Section       30  ht1621.o(.constdata)
    .constdata                               0x0800a182   Section       24  keyport.o(.constdata)
    KeyPort                                  0x0800a182   Data          24  keyport.o(.constdata)
    .constdata                               0x0800a19a   Section        9  lcd_show.o(.constdata)
    .constdata                               0x0800a1a4   Section      140  aircondition.o(.constdata)
    .constdata                               0x0800a230   Section      384  airattr.o(.constdata)
    .data                                    0x20000000   Section       20  system_stm32f10x.o(.data)
    .data                                    0x20000014   Section        2  flashattr.o(.data)
    UPDATA_LEVEL                             0x20000014   Data           1  flashattr.o(.data)
    Version                                  0x20000015   Data           1  flashattr.o(.data)
    .data                                    0x20000018   Section        5  object.o(.data)
    seat                                     0x2000001c   Data           1  object.o(.data)
    .data                                    0x2000001d   Section        2  sign433.o(.data)
    SendCount                                0x2000001e   Data           1  sign433.o(.data)
    .data                                    0x2000001f   Section        2  updata.o(.data)
    .data                                    0x20000021   Section        1  upload.o(.data)
    Fault                                    0x20000021   Data           1  upload.o(.data)
    .data                                    0x20000022   Section        1  userdata.o(.data)
    cnt                                      0x20000022   Data           1  userdata.o(.data)
    .data                                    0x20000024   Section        4  devicereset.o(.data)
    cnt                                      0x20000024   Data           4  devicereset.o(.data)
    .data                                    0x20000028   Section       24  si4432.o(.data)
    SI4432_RSSI                              0x20000028   Data           1  si4432.o(.data)
    SI4432SendEn                             0x20000029   Data           1  si4432.o(.data)
    Threshold                                0x2000002a   Data           1  si4432.o(.data)
    seat                                     0x2000002c   Data           1  si4432.o(.data)
    busyTime                                 0x2000002e   Data           2  si4432.o(.data)
    idleTime                                 0x20000030   Data           2  si4432.o(.data)
    rand                                     0x20000032   Data           2  si4432.o(.data)
    buf                                      0x20000034   Data           4  si4432.o(.data)
    time                                     0x20000038   Data           4  si4432.o(.data)
    calculTime                               0x2000003c   Data           4  si4432.o(.data)
    .data                                    0x20000040   Section        8  systick.o(.data)
    timer                                    0x20000040   Data           4  systick.o(.data)
    RandTime                                 0x20000044   Data           4  systick.o(.data)
    .data                                    0x20000048   Section        5  test.o(.data)
    .data                                    0x20000050   Section        8  usart.o(.data)
    .data                                    0x20000058   Section        3  keyport.o(.data)
    First_Press_Key                          0x20000058   Data           1  keyport.o(.data)
    portVal                                  0x20000059   Data           1  keyport.o(.data)
    portCnt                                  0x2000005a   Data           1  keyport.o(.data)
    .data                                    0x2000005b   Section        1  lcd_show.o(.data)
    LcdReg0                                  0x2000005b   Data           1  lcd_show.o(.data)
    .data                                    0x2000005c   Section       53  polling.o(.data)
    Poll_Dev_Addr                            0x20000065   Data           1  polling.o(.data)
    Gateway_status                           0x2000008c   Data           1  polling.o(.data)
    Send_Time_Cnt                            0x2000008d   Data           1  polling.o(.data)
    MS_DevPol_Status                         0x2000008e   Data           1  polling.o(.data)
    Device_Polling_Status                    0x2000008f   Data           1  polling.o(.data)
    Comm_gateway_status                      0x20000090   Data           1  polling.o(.data)
    .data                                    0x20000091   Section        2  devicerelate.o(.data)
    .data                                    0x20000094   Section        6  keyunit.o(.data)
    Key_Press_Flag                           0x20000098   Data           1  keyunit.o(.data)
    keyStatus                                0x20000099   Data           1  keyunit.o(.data)
    .data                                    0x2000009a   Section        7  airunit.o(.data)
    .data                                    0x200000a4   Section       12  aircondition.o(.data)
    cnt                                      0x200000ac   Data           1  aircondition.o(.data)
    Average                                  0x200000ae   Data           2  aircondition.o(.data)
    .data                                    0x200000b0   Section       10  airattr.o(.data)
    airStatus                                0x200000b0   Data           7  airattr.o(.data)
    time                                     0x200000b8   Data           2  airattr.o(.data)
    .bss                                     0x200000bc   Section     2608  cmdprocess.o(.bss)
    sendBuf                                  0x200004dc   Data        1024  cmdprocess.o(.bss)
    .bss                                     0x20000aec   Section      144  linkscanfifo.o(.bss)
    .bss                                     0x20000b7c   Section     1651  linksimplest.o(.bss)
    .bss                                     0x200011f0   Section      320  object.o(.bss)
    .bss                                     0x20001330   Section       12  sign433.o(.bss)
    .bss                                     0x2000133c   Section      324  thread.o(.bss)
    thread                                   0x2000133c   Data         324  thread.o(.bss)
    .bss                                     0x20001480   Section      272  updata.o(.bss)
    .bss                                     0x20001590   Section       31  userdata.o(.bss)
    .bss                                     0x200015b0   Section      140  userdatadownload.o(.bss)
    .bss                                     0x2000163c   Section      100  si4432.o(.bss)
    .bss                                     0x200016a0   Section       16  unitcfg.o(.bss)
    .bss                                     0x200016b0   Section     1713  polling.o(.bss)
    .bss                                     0x20001d61   Section        9  devicerelate.o(.bss)
    .bss                                     0x20001d6a   Section      140  aircondition.o(.bss)
    .bss                                     0x20001df8   Section      228  rand.o(.bss)
    .bss                                     0x20001edc   Section       96  libspace.o(.bss)
    HEAP                                     0x20001f40   Section        0  startup_stm32f10x_md.o(HEAP)
    STACK                                    0x20001f40   Section     3072  startup_stm32f10x_md.o(STACK)
    Heap_Mem                                 0x20001f40   Data           0  startup_stm32f10x_md.o(HEAP)
    Stack_Mem                                0x20001f40   Data        3072  startup_stm32f10x_md.o(STACK)
    __initial_sp                             0x20002b40   Data           0  startup_stm32f10x_md.o(STACK)

    Global Symbols

    Symbol Name                              Value     Ov Type        Size  Object(Section)

    BuildAttributes$$THM_ISAv4$P$D$K$B$S$PE$A:L22UL41UL21$X:L11$S22US41US21$IEEE1$IW$USESV6$~STKCKD$USESV7$~SHL$OSPACE$ROPI$EBA8$UX$STANDARDLIB$REQ8$PRES8$EABIv2 0x00000000   Number         0  anon$$obj.o ABSOLUTE
    __ARM_use_no_argv                        0x00000000   Number         0  main.o ABSOLUTE
    __ARM_exceptions_init                     - Undefined Weak Reference
    __alloca_initialize                       - Undefined Weak Reference
    __arm_preinit_                            - Undefined Weak Reference
    __cpp_initialize__aeabi_                  - Undefined Weak Reference
    __cxa_finalize                            - Undefined Weak Reference
    __rt_locale                               - Undefined Weak Reference
    __sigvec_lookup                           - Undefined Weak Reference
    _atexit_init                              - Undefined Weak Reference
    _call_atexit_fns                          - Undefined Weak Reference
    _clock_init                               - Undefined Weak Reference
    _fp_trap_init                             - Undefined Weak Reference
    _fp_trap_shutdown                         - Undefined Weak Reference
    _get_lc_collate                           - Undefined Weak Reference
    _get_lc_ctype                             - Undefined Weak Reference
    _get_lc_monetary                          - Undefined Weak Reference
    _get_lc_numeric                           - Undefined Weak Reference
    _get_lc_time                              - Undefined Weak Reference
    _getenv_init                              - Undefined Weak Reference
    _handle_redirection                       - Undefined Weak Reference
    _init_alloc                               - Undefined Weak Reference
    _init_user_alloc                          - Undefined Weak Reference
    _initio                                   - Undefined Weak Reference
    _signal_finish                            - Undefined Weak Reference
    _signal_init                              - Undefined Weak Reference
    _terminate_alloc                          - Undefined Weak Reference
    _terminate_user_alloc                     - Undefined Weak Reference
    _terminateio                              - Undefined Weak Reference
    __Vectors_Size                           0x000000ec   Number         0  startup_stm32f10x_md.o ABSOLUTE
    __Vectors                                0x08000800   Data           4  startup_stm32f10x_md.o(RESET)
    __Vectors_End                            0x080008ec   Data           0  startup_stm32f10x_md.o(RESET)
    __main                                   0x080008ed   Thumb Code     8  __main.o(!!!main)
    __scatterload                            0x080008f5   Thumb Code     0  __scatter.o(!!!scatter)
    __scatterload_rt2                        0x080008f5   Thumb Code    44  __scatter.o(!!!scatter)
    __scatterload_rt2_thumb_only             0x080008f5   Thumb Code     0  __scatter.o(!!!scatter)
    __scatterload_null                       0x08000903   Thumb Code     0  __scatter.o(!!!scatter)
    __scatterload_copy                       0x08000929   Thumb Code    26  __scatter_copy.o(!!handler_copy)
    __scatterload_zeroinit                   0x08000945   Thumb Code    28  __scatter_zi.o(!!handler_zi)
    __rt_lib_init                            0x08000961   Thumb Code     0  libinit.o(.ARM.Collect$$libinit$$00000000)
    __rt_lib_init_fp_1                       0x08000963   Thumb Code     0  libinit2.o(.ARM.Collect$$libinit$$00000002)
    __rt_lib_init_heap_1                     0x08000963   Thumb Code     0  libinit2.o(.ARM.Collect$$libinit$$0000000A)
    __rt_lib_init_preinit_1                  0x08000963   Thumb Code     0  libinit2.o(.ARM.Collect$$libinit$$00000004)
    __rt_lib_init_rand_2                     0x08000963   Thumb Code     0  libinit2.o(.ARM.Collect$$libinit$$0000000D)
    __rt_lib_init_user_alloc_1               0x08000963   Thumb Code     0  libinit2.o(.ARM.Collect$$libinit$$0000000C)
    __rt_lib_init_alloca_1                   0x08000967   Thumb Code     0  libinit2.o(.ARM.Collect$$libinit$$0000002E)
    __rt_lib_init_argv_1                     0x08000967   Thumb Code     0  libinit2.o(.ARM.Collect$$libinit$$0000002C)
    __rt_lib_init_atexit_1                   0x08000967   Thumb Code     0  libinit2.o(.ARM.Collect$$libinit$$0000001B)
    __rt_lib_init_clock_1                    0x08000967   Thumb Code     0  libinit2.o(.ARM.Collect$$libinit$$00000021)
    __rt_lib_init_cpp_1                      0x08000967   Thumb Code     0  libinit2.o(.ARM.Collect$$libinit$$00000032)
    __rt_lib_init_exceptions_1               0x08000967   Thumb Code     0  libinit2.o(.ARM.Collect$$libinit$$00000030)
    __rt_lib_init_fp_trap_1                  0x08000967   Thumb Code     0  libinit2.o(.ARM.Collect$$libinit$$0000001F)
    __rt_lib_init_getenv_1                   0x08000967   Thumb Code     0  libinit2.o(.ARM.Collect$$libinit$$00000023)
    __rt_lib_init_lc_collate_1               0x08000967   Thumb Code     0  libinit2.o(.ARM.Collect$$libinit$$00000011)
    __rt_lib_init_lc_ctype_1                 0x08000967   Thumb Code     0  libinit2.o(.ARM.Collect$$libinit$$00000013)
    __rt_lib_init_lc_monetary_1              0x08000967   Thumb Code     0  libinit2.o(.ARM.Collect$$libinit$$00000015)
    __rt_lib_init_lc_numeric_1               0x08000967   Thumb Code     0  libinit2.o(.ARM.Collect$$libinit$$00000017)
    __rt_lib_init_lc_time_1                  0x08000967   Thumb Code     0  libinit2.o(.ARM.Collect$$libinit$$00000019)
    __rt_lib_init_rand_1                     0x08000967   Thumb Code     0  libinit2.o(.ARM.Collect$$libinit$$0000000E)
    __rt_lib_init_return                     0x08000967   Thumb Code     0  libinit2.o(.ARM.Collect$$libinit$$00000033)
    __rt_lib_init_signal_1                   0x08000967   Thumb Code     0  libinit2.o(.ARM.Collect$$libinit$$0000001D)
    __rt_lib_init_stdio_1                    0x08000967   Thumb Code     0  libinit2.o(.ARM.Collect$$libinit$$00000025)
    __rt_lib_shutdown                        0x08000969   Thumb Code     0  libshutdown.o(.ARM.Collect$$libshutdown$$00000000)
    __rt_lib_shutdown_cpp_1                  0x0800096b   Thumb Code     0  libshutdown2.o(.ARM.Collect$$libshutdown$$00000002)
    __rt_lib_shutdown_fp_trap_1              0x0800096b   Thumb Code     0  libshutdown2.o(.ARM.Collect$$libshutdown$$00000007)
    __rt_lib_shutdown_heap_1                 0x0800096b   Thumb Code     0  libshutdown2.o(.ARM.Collect$$libshutdown$$0000000F)
    __rt_lib_shutdown_return                 0x0800096b   Thumb Code     0  libshutdown2.o(.ARM.Collect$$libshutdown$$00000010)
    __rt_lib_shutdown_signal_1               0x0800096b   Thumb Code     0  libshutdown2.o(.ARM.Collect$$libshutdown$$0000000A)
    __rt_lib_shutdown_stdio_1                0x0800096b   Thumb Code     0  libshutdown2.o(.ARM.Collect$$libshutdown$$00000004)
    __rt_lib_shutdown_user_alloc_1           0x0800096b   Thumb Code     0  libshutdown2.o(.ARM.Collect$$libshutdown$$0000000C)
    __rt_entry                               0x0800096d   Thumb Code     0  __rtentry.o(.ARM.Collect$$rtentry$$00000000)
    __rt_entry_presh_1                       0x0800096d   Thumb Code     0  __rtentry2.o(.ARM.Collect$$rtentry$$00000002)
    __rt_entry_sh                            0x0800096d   Thumb Code     0  __rtentry4.o(.ARM.Collect$$rtentry$$00000004)
    __rt_entry_li                            0x08000973   Thumb Code     0  __rtentry2.o(.ARM.Collect$$rtentry$$0000000A)
    __rt_entry_postsh_1                      0x08000973   Thumb Code     0  __rtentry2.o(.ARM.Collect$$rtentry$$00000009)
    __rt_entry_main                          0x08000977   Thumb Code     0  __rtentry2.o(.ARM.Collect$$rtentry$$0000000D)
    __rt_entry_postli_1                      0x08000977   Thumb Code     0  __rtentry2.o(.ARM.Collect$$rtentry$$0000000C)
    __rt_exit                                0x0800097f   Thumb Code     0  rtexit.o(.ARM.Collect$$rtexit$$00000000)
    __rt_exit_ls                             0x08000981   Thumb Code     0  rtexit2.o(.ARM.Collect$$rtexit$$00000003)
    __rt_exit_prels_1                        0x08000981   Thumb Code     0  rtexit2.o(.ARM.Collect$$rtexit$$00000002)
    __rt_exit_exit                           0x08000985   Thumb Code     0  rtexit2.o(.ARM.Collect$$rtexit$$00000004)
    DisableIRQ                               0x0800098d   Thumb Code     4  sys.o(.emb_text)
    EnableIRQ                                0x08000991   Thumb Code     4  sys.o(.emb_text)
    Set_MSP                                  0x08000995   Thumb Code     6  sys.o(.emb_text)
    CPU_SR_Restore                           0x0800099b   Thumb Code     6  sys.o(.emb_text)
    CPU_SR_Save                              0x080009a1   Thumb Code     8  sys.o(.emb_text)
    rand                                     0x080009a9   Thumb Code    48  rand.o(.emb_text)
    SystemInit                               0x08000abb   Thumb Code    78  system_stm32f10x.o(.text)
    SystemCoreClockUpdate                    0x08000b09   Thumb Code   142  system_stm32f10x.o(.text)
    Reset_Handler                            0x08000bc1   Thumb Code     8  startup_stm32f10x_md.o(.text)
    NMI_Handler                              0x08000bc9   Thumb Code     2  startup_stm32f10x_md.o(.text)
    HardFault_Handler                        0x08000bcb   Thumb Code     2  startup_stm32f10x_md.o(.text)
    MemManage_Handler                        0x08000bcd   Thumb Code     2  startup_stm32f10x_md.o(.text)
    BusFault_Handler                         0x08000bcf   Thumb Code     2  startup_stm32f10x_md.o(.text)
    UsageFault_Handler                       0x08000bd1   Thumb Code     2  startup_stm32f10x_md.o(.text)
    SVC_Handler                              0x08000bd3   Thumb Code     2  startup_stm32f10x_md.o(.text)
    DebugMon_Handler                         0x08000bd5   Thumb Code     2  startup_stm32f10x_md.o(.text)
    PendSV_Handler                           0x08000bd7   Thumb Code     2  startup_stm32f10x_md.o(.text)
    ADC1_2_IRQHandler                        0x08000bdb   Thumb Code     0  startup_stm32f10x_md.o(.text)
    CAN1_RX1_IRQHandler                      0x08000bdb   Thumb Code     0  startup_stm32f10x_md.o(.text)
    CAN1_SCE_IRQHandler                      0x08000bdb   Thumb Code     0  startup_stm32f10x_md.o(.text)
    DMA1_Channel1_IRQHandler                 0x08000bdb   Thumb Code     0  startup_stm32f10x_md.o(.text)
    DMA1_Channel2_IRQHandler                 0x08000bdb   Thumb Code     0  startup_stm32f10x_md.o(.text)
    DMA1_Channel3_IRQHandler                 0x08000bdb   Thumb Code     0  startup_stm32f10x_md.o(.text)
    DMA1_Channel4_IRQHandler                 0x08000bdb   Thumb Code     0  startup_stm32f10x_md.o(.text)
    DMA1_Channel5_IRQHandler                 0x08000bdb   Thumb Code     0  startup_stm32f10x_md.o(.text)
    DMA1_Channel6_IRQHandler                 0x08000bdb   Thumb Code     0  startup_stm32f10x_md.o(.text)
    DMA1_Channel7_IRQHandler                 0x08000bdb   Thumb Code     0  startup_stm32f10x_md.o(.text)
    EXTI0_IRQHandler                         0x08000bdb   Thumb Code     0  startup_stm32f10x_md.o(.text)
    EXTI1_IRQHandler                         0x08000bdb   Thumb Code     0  startup_stm32f10x_md.o(.text)
    EXTI2_IRQHandler                         0x08000bdb   Thumb Code     0  startup_stm32f10x_md.o(.text)
    EXTI3_IRQHandler                         0x08000bdb   Thumb Code     0  startup_stm32f10x_md.o(.text)
    EXTI4_IRQHandler                         0x08000bdb   Thumb Code     0  startup_stm32f10x_md.o(.text)
    EXTI9_5_IRQHandler                       0x08000bdb   Thumb Code     0  startup_stm32f10x_md.o(.text)
    FLASH_IRQHandler                         0x08000bdb   Thumb Code     0  startup_stm32f10x_md.o(.text)
    I2C1_ER_IRQHandler                       0x08000bdb   Thumb Code     0  startup_stm32f10x_md.o(.text)
    I2C1_EV_IRQHandler                       0x08000bdb   Thumb Code     0  startup_stm32f10x_md.o(.text)
    I2C2_ER_IRQHandler                       0x08000bdb   Thumb Code     0  startup_stm32f10x_md.o(.text)
    I2C2_EV_IRQHandler                       0x08000bdb   Thumb Code     0  startup_stm32f10x_md.o(.text)
    PVD_IRQHandler                           0x08000bdb   Thumb Code     0  startup_stm32f10x_md.o(.text)
    RCC_IRQHandler                           0x08000bdb   Thumb Code     0  startup_stm32f10x_md.o(.text)
    RTCAlarm_IRQHandler                      0x08000bdb   Thumb Code     0  startup_stm32f10x_md.o(.text)
    RTC_IRQHandler                           0x08000bdb   Thumb Code     0  startup_stm32f10x_md.o(.text)
    SPI1_IRQHandler                          0x08000bdb   Thumb Code     0  startup_stm32f10x_md.o(.text)
    SPI2_IRQHandler                          0x08000bdb   Thumb Code     0  startup_stm32f10x_md.o(.text)
    TAMPER_IRQHandler                        0x08000bdb   Thumb Code     0  startup_stm32f10x_md.o(.text)
    TIM1_BRK_IRQHandler                      0x08000bdb   Thumb Code     0  startup_stm32f10x_md.o(.text)
    TIM1_CC_IRQHandler                       0x08000bdb   Thumb Code     0  startup_stm32f10x_md.o(.text)
    TIM1_TRG_COM_IRQHandler                  0x08000bdb   Thumb Code     0  startup_stm32f10x_md.o(.text)
    TIM1_UP_IRQHandler                       0x08000bdb   Thumb Code     0  startup_stm32f10x_md.o(.text)
    TIM2_IRQHandler                          0x08000bdb   Thumb Code     0  startup_stm32f10x_md.o(.text)
    TIM3_IRQHandler                          0x08000bdb   Thumb Code     0  startup_stm32f10x_md.o(.text)
    TIM4_IRQHandler                          0x08000bdb   Thumb Code     0  startup_stm32f10x_md.o(.text)
    USART1_IRQHandler                        0x08000bdb   Thumb Code     0  startup_stm32f10x_md.o(.text)
    USART3_IRQHandler                        0x08000bdb   Thumb Code     0  startup_stm32f10x_md.o(.text)
    USBWakeUp_IRQHandler                     0x08000bdb   Thumb Code     0  startup_stm32f10x_md.o(.text)
    USB_HP_CAN1_TX_IRQHandler                0x08000bdb   Thumb Code     0  startup_stm32f10x_md.o(.text)
    USB_LP_CAN1_RX0_IRQHandler               0x08000bdb   Thumb Code     0  startup_stm32f10x_md.o(.text)
    WWDG_IRQHandler                          0x08000bdb   Thumb Code     0  startup_stm32f10x_md.o(.text)
    __user_initial_stackheap                 0x08000bdd   Thumb Code     0  startup_stm32f10x_md.o(.text)
    memcpy                                   0x08000bfd   Thumb Code    28  bestfulib.o(.text)
    memcmp                                   0x08000c19   Thumb Code    40  bestfulib.o(.text)
    memset                                   0x08000c41   Thumb Code    18  bestfulib.o(.text)
    memmove                                  0x08000c53   Thumb Code    58  bestfulib.o(.text)
    memfind                                  0x08000c8d   Thumb Code    64  bestfulib.o(.text)
    memcharget                               0x08000ccd   Thumb Code    48  bestfulib.o(.text)
    Process_FIFOData                         0x08000d19   Thumb Code   106  cmdprocess.o(.text)
    Msg_Execute                              0x08000dbf   Thumb Code   210  cmdprocess.o(.text)
    Msg_Change                               0x08000f03   Thumb Code    32  cmdprocess.o(.text)
    FIFOInit                                 0x08000f23   Thumb Code    72  cmdprocess.o(.text)
    ProcessSend_Fun                          0x08000f6b   Thumb Code     8  cmdprocess.o(.text)
    cmd_get                                  0x08000fa5   Thumb Code   232  command.o(.text)
    cmd_put                                  0x0800108d   Thumb Code   124  command.o(.text)
    ChkCrcValue                              0x08001111   Thumb Code    52  crc.o(.text)
    ChkCrcValueEx                            0x08001145   Thumb Code    56  crc.o(.text)
    delay_us                                 0x08001181   Thumb Code    24  delay.o(.text)
    delay_ms                                 0x08001199   Thumb Code    28  delay.o(.text)
    ReadDataFromEEPROM                       0x080011b5   Thumb Code   120  eeprom.o(.text)
    WriteDataToEEPROM                        0x0800122d   Thumb Code   120  eeprom.o(.text)
    WriteDataToEEPROMEx                      0x080012a5   Thumb Code   118  eeprom.o(.text)
    Fault_Upload                             0x0800131d   Thumb Code    74  faultmanage.o(.text)
    fifo_Init                                0x0800136d   Thumb Code    26  fifo.o(.text)
    fifo_Rst                                 0x08001387   Thumb Code    18  fifo.o(.text)
    fifo_empty                               0x08001399   Thumb Code    18  fifo.o(.text)
    fifo_validSize                           0x080013eb   Thumb Code    30  fifo.o(.text)
    fifo_puts                                0x08001409   Thumb Code   106  fifo.o(.text)
    fifo_gets                                0x08001473   Thumb Code   124  fifo.o(.text)
    fifo_putc                                0x080014ef   Thumb Code    60  fifo.o(.text)
    fifo_getc                                0x0800152b   Thumb Code    62  fifo.o(.text)
    fifo_find                                0x08001569   Thumb Code    92  fifo.o(.text)
    fifo_cmp                                 0x080015c5   Thumb Code    62  fifo.o(.text)
    Set_IAPReady_Attr                        0x08001605   Thumb Code   182  flashattr.o(.text)
    Set_IAPPackSave_Attr                     0x080016bb   Thumb Code    66  flashattr.o(.text)
    Get_IAPPackCheck_Attr                    0x080016fd   Thumb Code    66  flashattr.o(.text)
    Set_IAPDataCRC_Attr                      0x0800173f   Thumb Code   104  flashattr.o(.text)
    Set_433Channel_Attr                      0x080017a7   Thumb Code    70  flashattr.o(.text)
    Get_433Channel_Attr                      0x080017ed   Thumb Code    20  flashattr.o(.text)
    PropFifoInit                             0x08001825   Thumb Code    14  linkscanfifo.o(.text)
    PropChangeScanAndExe                     0x08001833   Thumb Code    46  linkscanfifo.o(.text)
    PropEventFifo                            0x08001861   Thumb Code    80  linkscanfifo.o(.text)
    ALinkClr                                 0x080018bd   Thumb Code    62  linksimplest.o(.text)
    ALinkInit                                0x080018fb   Thumb Code    42  linksimplest.o(.text)
    ChkALinkIsExist                          0x08001925   Thumb Code    90  linksimplest.o(.text)
    GetALinkNum                              0x0800197f   Thumb Code    80  linksimplest.o(.text)
    QueryALink                               0x080019cf   Thumb Code    50  linksimplest.o(.text)
    CheckALinkFull                           0x08001a01   Thumb Code    18  linksimplest.o(.text)
    ReadALink                                0x08001a13   Thumb Code    50  linksimplest.o(.text)
    WriteALink                               0x08001a45   Thumb Code   148  linksimplest.o(.text)
    DelALink                                 0x08001ad9   Thumb Code   234  linksimplest.o(.text)
    LinkInit                                 0x08001bcd   Thumb Code     8  linksrc.o(.text)
    LinkClr                                  0x08001bd5   Thumb Code     8  linksrc.o(.text)
    CmpSampAndLinkValue                      0x08001bdd   Thumb Code   130  linksrc.o(.text)
    GetConditionReverse                      0x08001c5f   Thumb Code    56  linksrc.o(.text)
    GetConditionOffset                       0x08001c97   Thumb Code    78  linksrc.o(.text)
    LinkSrcExe                               0x08001ce5   Thumb Code   300  linksrc.o(.text)
    CheckLinkFull                            0x08001e15   Thumb Code    18  linkwrdc.o(.text)
    QueryLink                                0x08001e27   Thumb Code    22  linkwrdc.o(.text)
    QueryAllLinkFromTable                    0x08001e3d   Thumb Code    64  linkwrdc.o(.text)
    ReadLinkFromTable                        0x08001e7d   Thumb Code    34  linkwrdc.o(.text)
    WriteLinkToTable                         0x08001e9f   Thumb Code    62  linkwrdc.o(.text)
    DelAllLinkFromTable                      0x08001edd   Thumb Code    46  linkwrdc.o(.text)
    DelLinkFromTable                         0x08001f0b   Thumb Code    30  linkwrdc.o(.text)
    ChkLinkIsExist                           0x08001f29   Thumb Code    26  linkwrdc.o(.text)
    GetLinkNum                               0x08001f43   Thumb Code    22  linkwrdc.o(.text)
    WriteLinkItem                            0x08001f59   Thumb Code    94  linkwrdc.o(.text)
    ModifyLinkItem                           0x08001fb7   Thumb Code    60  linkwrdc.o(.text)
    ReadLinkItem                             0x08001ff3   Thumb Code    48  linkwrdc.o(.text)
    QueryLinkItem                            0x08002023   Thumb Code    56  linkwrdc.o(.text)
    DelLinkItem                              0x0800205b   Thumb Code    46  linkwrdc.o(.text)
    DelLinkForUnit                           0x08002089   Thumb Code   124  linkwrdc.o(.text)
    DelLinkForPropIDandVal                   0x08002105   Thumb Code    68  linkwrdc.o(.text)
    SaveSerialNum                            0x0800214d   Thumb Code    12  msgpackage.o(.text)
    Msg_Feedback                             0x08002159   Thumb Code   176  msgpackage.o(.text)
    Msg_UploadUnit                           0x08002253   Thumb Code    62  msgpackage.o(.text)
    Msg_Upload                               0x08002291   Thumb Code    58  msgpackage.o(.text)
    Msg_Send                                 0x080022cb   Thumb Code    68  msgpackage.o(.text)
    Check_Area                               0x0800231d   Thumb Code   108  object.o(.text)
    Check_AreaEx                             0x08002389   Thumb Code    40  object.o(.text)
    Check_BandAddr                           0x080023b1   Thumb Code   116  object.o(.text)
    Object_Check                             0x080024df   Thumb Code  1182  object.o(.text)
    Set_Scene_Attr                           0x08002985   Thumb Code   398  scene&group.o(.text)
    Get_Scene_Attr                           0x08002b13   Thumb Code   104  scene&group.o(.text)
    Set_Group_Attr                           0x08002b7b   Thumb Code   364  scene&group.o(.text)
    Get_Group_Attr                           0x08002ce7   Thumb Code    94  scene&group.o(.text)
    Sign433_SendTestFrame                    0x08002d45   Thumb Code    78  sign433.o(.text)
    Sign433_SendTestFrameStream              0x08002d93   Thumb Code    28  sign433.o(.text)
    ClearRecTestStatus                       0x08002daf   Thumb Code    10  sign433.o(.text)
    Sign433_SendTestReport                   0x08002db9   Thumb Code    54  sign433.o(.text)
    Set_Sign433_StartSendFrame_Attr          0x08002df9   Thumb Code    70  sign433attr.o(.text)
    Get_Sign433_MasterAddr                   0x08002e3f   Thumb Code     6  sign433attr.o(.text)
    Get_Sign433_TestPackNum                  0x08002e45   Thumb Code     6  sign433attr.o(.text)
    Get_Sign433_StartSendFrame_Attr          0x08002e4b   Thumb Code    46  sign433attr.o(.text)
    Set_Sign433_StartRecFrame_Attr           0x08002e79   Thumb Code   100  sign433attr.o(.text)
    Get_Sign433_StartRecFrame_Attr           0x08002edd   Thumb Code    46  sign433attr.o(.text)
    Set_Sign433_RecFrameStream_Attr          0x08002f0b   Thumb Code    66  sign433attr.o(.text)
    Get_DeviceThreshold_Attr                 0x08002f4d   Thumb Code    22  sign433attr.o(.text)
    Set_Sign433_TestState_Attr               0x08002f63   Thumb Code    20  sign433attr.o(.text)
    Get_Sign433_TestState_Attr               0x08002f77   Thumb Code    16  sign433attr.o(.text)
    Upload_RESTART                           0x08002fa1   Thumb Code    10  sysexeattr.o(.text)
    SysAttr_Init                             0x08002fab   Thumb Code    48  sysexeattr.o(.text)
    Get_Version_Attr                         0x08002fdb   Thumb Code   104  sysexeattr.o(.text)
    Get_DeviceType_Attr                      0x08003043   Thumb Code    76  sysexeattr.o(.text)
    Set_UserID_Attr                          0x0800308f   Thumb Code    42  sysexeattr.o(.text)
    Get_UserID_Attr                          0x080030b9   Thumb Code    16  sysexeattr.o(.text)
    Get_DeviceAddr_Attr                      0x080030c9   Thumb Code    16  sysexeattr.o(.text)
    Set_CmdAckNum_Attr                       0x080030d9   Thumb Code    42  sysexeattr.o(.text)
    Get_CmdAckNum_Attr                       0x08003103   Thumb Code    14  sysexeattr.o(.text)
    Set_RepeatBandAddr_Attr                  0x08003111   Thumb Code   138  sysexeattr.o(.text)
    Get_RepeatBandAddr_Attr                  0x0800319b   Thumb Code   138  sysexeattr.o(.text)
    Set_RepeatBroadcast_Attr                 0x08003225   Thumb Code    36  sysexeattr.o(.text)
    Get_RepeatBroadcast_Attr                 0x08003249   Thumb Code    22  sysexeattr.o(.text)
    Set_UnitArea_Attr                        0x0800325f   Thumb Code   112  sysexeattr.o(.text)
    Get_UnitArea_Attr                        0x080032cf   Thumb Code   100  sysexeattr.o(.text)
    Set_UnitType_Attr                        0x08003333   Thumb Code   120  sysexeattr.o(.text)
    Get_UnitType_Attr                        0x080033ab   Thumb Code   116  sysexeattr.o(.text)
    Set_CommonType_Attr                      0x0800341f   Thumb Code   120  sysexeattr.o(.text)
    Get_CommonType_Attr                      0x08003497   Thumb Code   104  sysexeattr.o(.text)
    Set_UnitAble_Attr                        0x080034ff   Thumb Code   120  sysexeattr.o(.text)
    Get_UnitAble_Attr                        0x08003577   Thumb Code   104  sysexeattr.o(.text)
    Get_Eeprom_Info_Attr                     0x080035df   Thumb Code    82  sysexeattr.o(.text)
    Set_FaultFlag_Attr                       0x08003631   Thumb Code    36  sysexeattr.o(.text)
    Get_FaultFlag_Attr                       0x08003655   Thumb Code    20  sysexeattr.o(.text)
    Set_UserDataFormat_Attr                  0x08003669   Thumb Code    94  sysexeattr.o(.text)
    Set_Link_Attr                            0x080036c7   Thumb Code    98  sysexeattr.o(.text)
    Get_Link_Attr                            0x08003729   Thumb Code    68  sysexeattr.o(.text)
    Set_DelLinkForUnit_Attr                  0x0800376d   Thumb Code    40  sysexeattr.o(.text)
    Get_ResetAddr_Attr                       0x08003795   Thumb Code   132  sysexeattr.o(.text)
    Set_ResetAddr_Attr                       0x08003819   Thumb Code   268  sysexeattr.o(.text)
    SI4432Test_Fail                          0x0800393d   Thumb Code    16  systestattr.o(.text)
    SI4432Test_Attr                          0x0800394d   Thumb Code    68  systestattr.o(.text)
    Thread_Init                              0x080039a1   Thumb Code     8  thread.o(.text)
    Thread_Wake                              0x080039d1   Thumb Code   132  thread.o(.text)
    Thread_Login                             0x08003a55   Thumb Code   228  thread.o(.text)
    Thread_Logout                            0x08003b39   Thumb Code    94  thread.o(.text)
    Thread_Hang                              0x08003b97   Thumb Code   108  thread.o(.text)
    Thread_Process                           0x08003c03   Thumb Code   100  thread.o(.text)
    Thread_RunCheck                          0x08003c67   Thumb Code    44  thread.o(.text)
    Thread_Query                             0x08003c93   Thumb Code    48  thread.o(.text)
    Set_ManyUnit_Attr                        0x08003cc9   Thumb Code   102  unitshare_attr.o(.text)
    Get_ManyUnit_Attr                        0x08003d2f   Thumb Code   310  unitshare_attr.o(.text)
    Set_UnitChecking_Attr                    0x08003e65   Thumb Code   110  unitshare_attr.o(.text)
    Updata_Check                             0x08003edd   Thumb Code    22  updata.o(.text)
    Updata_Ready                             0x08003ef3   Thumb Code   142  updata.o(.text)
    Updata_PackProcess                       0x08003f81   Thumb Code   112  updata.o(.text)
    Updata_PackCheck                         0x08003ff1   Thumb Code    76  updata.o(.text)
    Updata_Calibrate                         0x0800403d   Thumb Code    30  updata.o(.text)
    Updata_Channel                           0x0800405b   Thumb Code    84  updata.o(.text)
    Channel_Get                              0x080040af   Thumb Code    50  updata.o(.text)
    Updata_Flag                              0x080040e1   Thumb Code    38  updata.o(.text)
    PartionChange                            0x08004107   Thumb Code   222  updata.o(.text)
    Upload_Attr                              0x0800421d   Thumb Code    60  upload.o(.text)
    Upload_Fault                             0x08004289   Thumb Code    40  upload.o(.text)
    Upload                                   0x080042b1   Thumb Code    46  upload.o(.text)
    SceneEEPROM_Init                         0x080042fd   Thumb Code    42  userdata.o(.text)
    GroupEEPROMUnit_Init                     0x08004327   Thumb Code    54  userdata.o(.text)
    GroupEEPROM_Init                         0x0800435d   Thumb Code    26  userdata.o(.text)
    UnitPrivateEEPROMUnitData_Init           0x08004377   Thumb Code    28  userdata.o(.text)
    UnitPrivateEEPROMData_Init               0x08004393   Thumb Code    26  userdata.o(.text)
    UnitPublicEEPROMUnitData_Init            0x080043ad   Thumb Code    62  userdata.o(.text)
    UnitPublicEEPROMData_Init                0x080043eb   Thumb Code    26  userdata.o(.text)
    SysEEPROMData_Init                       0x08004405   Thumb Code    58  userdata.o(.text)
    UserEEPROMData_Init                      0x0800443f   Thumb Code    54  userdata.o(.text)
    FaultData_Init                           0x08004475   Thumb Code    14  userdata.o(.text)
    UserData_Init                            0x08004483   Thumb Code    92  userdata.o(.text)
    FaultData_Save                           0x080044df   Thumb Code    32  userdata.o(.text)
    FaultData_Get                            0x080044ff   Thumb Code    22  userdata.o(.text)
    SysEEPROMData_Set                        0x08004515   Thumb Code    24  userdata.o(.text)
    UnitPublicEEPROMData_Get                 0x0800452d   Thumb Code    36  userdata.o(.text)
    UnitPublicEEPROMData_Set                 0x08004551   Thumb Code    32  userdata.o(.text)
    GroupEEPROM_Clr                          0x08004571   Thumb Code   220  userdata.o(.text)
    GroupEEPROM_Set                          0x0800464d   Thumb Code   232  userdata.o(.text)
    GroupEEPROM_Get                          0x08004735   Thumb Code   114  userdata.o(.text)
    SceneEEPROMUnit_Init                     0x080047f3   Thumb Code    72  userdata.o(.text)
    SceneEEPROM_Clr                          0x0800483b   Thumb Code    84  userdata.o(.text)
    SceneEEPROM_Set                          0x08004973   Thumb Code   144  userdata.o(.text)
    SceneEEPROM_Get                          0x08004a03   Thumb Code    76  userdata.o(.text)
    EEPROM_Write                             0x08004a4f   Thumb Code    46  userdata.o(.text)
    EEPROM_Read                              0x08004a7d   Thumb Code    46  userdata.o(.text)
    UserDataDownload_Init                    0x08004ab1   Thumb Code    20  userdatadownload.o(.text)
    UserDataDownload_Ready                   0x08004ac5   Thumb Code   244  userdatadownload.o(.text)
    UserDataFrame_Save                       0x08004bb9   Thumb Code   134  userdatadownload.o(.text)
    UserDataFrame_Check                      0x08004c3f   Thumb Code    78  userdatadownload.o(.text)
    DeviceResetCheck_Init                    0x08004d0d   Thumb Code    36  devicereset.o(.text)
    Flash_Unlock                             0x08004d3d   Thumb Code    12  flash.o(.text)
    Flash_lock                               0x08004d49   Thumb Code    14  flash.o(.text)
    FLASH_ErasePage                          0x08004da1   Thumb Code    74  flash.o(.text)
    Flash_ProgramHalfWord                    0x08004deb   Thumb Code    68  flash.o(.text)
    Flash_Write                              0x08004e2f   Thumb Code    90  flash.o(.text)
    Flash_EraseOptionByte                    0x08004e89   Thumb Code    74  flash.o(.text)
    Flash_WriteOptionByte                    0x08004ed3   Thumb Code    80  flash.o(.text)
    Get_UniqueDeviceID                       0x08004f23   Thumb Code    24  flash.o(.text)
    GPIOx_Cfg                                0x08004f4d   Thumb Code    92  gpio.o(.text)
    GPIOx_Set                                0x08004fa9   Thumb Code    22  gpio.o(.text)
    GPIOx_Rst                                0x08004fbf   Thumb Code    14  gpio.o(.text)
    GPIOx_Rvrs                               0x08004fcd   Thumb Code    14  gpio.o(.text)
    GPIOx_Get                                0x08004fdb   Thumb Code    14  gpio.o(.text)
    I2C_Init                                 0x0800500b   Thumb Code    40  i2c.o(.text)
    IIC_GetState                             0x08005243   Thumb Code    40  i2c.o(.text)
    IIC_Read                                 0x0800526b   Thumb Code   102  i2c.o(.text)
    IIC_Write                                0x080052d1   Thumb Code    96  i2c.o(.text)
    IIC_WriteSame                            0x08005331   Thumb Code    94  i2c.o(.text)
    Instruct_Init                            0x0800538f   Thumb Code     2  instruct.o(.text)
    Instruct                                 0x08005391   Thumb Code     2  instruct.o(.text)
    Instruct_Run                             0x08005393   Thumb Code     2  instruct.o(.text)
    Program_Erase                            0x08005395   Thumb Code    52  program.o(.text)
    Program_Write                            0x080053c9   Thumb Code    44  program.o(.text)
    Program_Read                             0x080053f5   Thumb Code    22  program.o(.text)
    Program_Read_Ext                         0x0800540b   Thumb Code    26  program.o(.text)
    Program_Write_Ext                        0x08005425   Thumb Code   242  program.o(.text)
    FlashEncryptionInit                      0x08005517   Thumb Code   114  program.o(.text)
    Flash_DefaultValue                       0x08005589   Thumb Code     6  program.o(.text)
    SetRecTestStatus                         0x080055a9   Thumb Code    14  si4432.o(.text)
    GetRSSIPara                              0x080055b7   Thumb Code     4  si4432.o(.text)
    GetThresholdPara                         0x080055bb   Thumb Code     6  si4432.o(.text)
    Si4432_Idle                              0x0800569b   Thumb Code    70  si4432.o(.text)
    Si4432_Init                              0x08005817   Thumb Code   738  si4432.o(.text)
    EXTI15_10_IRQHandler                     0x08005d65   Thumb Code    20  si4432.o(.text)
    Si4432_Send                              0x08005e55   Thumb Code    60  si4432.o(.text)
    SPI2_ReadWriteByte                       0x08005ea9   Thumb Code    86  spi.o(.text)
    SPI2_Init                                0x08005eff   Thumb Code   166  spi.o(.text)
    SPI2_SetSpeed                            0x08005fa5   Thumb Code    44  spi.o(.text)
    MY_NVIC_SetVectorTable                   0x08005fe1   Thumb Code    12  sys.o(.text)
    MY_NVIC_PriorityGroupConfig              0x08005fed   Thumb Code    36  sys.o(.text)
    MY_NVIC_Init                             0x08006011   Thumb Code    68  sys.o(.text)
    Ex_NVIC_Config                           0x08006055   Thumb Code   146  sys.o(.text)
    JumpToCode                               0x080060e7   Thumb Code    30  sys.o(.text)
    SysHard_Init                             0x08006125   Thumb Code    26  syshard.o(.text)
    HardID_Check                             0x0800613f   Thumb Code   122  syshard.o(.text)
    HardID_Change                            0x080061b9   Thumb Code    96  syshard.o(.text)
    SysTick_Init                             0x08006229   Thumb Code    42  systick.o(.text)
    Time_Get                                 0x08006253   Thumb Code     6  systick.o(.text)
    UpdateRandomTime                         0x08006259   Thumb Code    10  systick.o(.text)
    GetRandomTime                            0x08006263   Thumb Code     6  systick.o(.text)
    SysTick_Handler                          0x08006269   Thumb Code    34  systick.o(.text)
    Test_Init                                0x08006299   Thumb Code    28  test.o(.text)
    Run_Test_485_EEPROM_WATCHDOG             0x080062b5   Thumb Code    14  test.o(.text)
    Test_485_EEPROM_WATCHDOG                 0x080062c3   Thumb Code   132  test.o(.text)
    UART_CfgSave                             0x08006355   Thumb Code    16  usart.o(.text)
    UART_CfgDefault                          0x08006365   Thumb Code    30  usart.o(.text)
    UART_CfgCheck                            0x08006383   Thumb Code   200  usart.o(.text)
    UART_CfgGet                              0x0800644b   Thumb Code    16  usart.o(.text)
    UART_Init                                0x0800645b   Thumb Code   284  usart.o(.text)
    UART_Write                               0x08006577   Thumb Code    50  usart.o(.text)
    UART_Send                                0x080065a9   Thumb Code    40  usart.o(.text)
    RS232_CfgDefault                         0x080065d1   Thumb Code    30  usart.o(.text)
    USART2_IRQHandler                        0x080065ef   Thumb Code    66  usart.o(.text)
    WDG_Feed                                 0x0800664d   Thumb Code    20  wdg.o(.text)
    WDG_Init                                 0x08006661   Thumb Code    60  wdg.o(.text)
    WDG_FeedOFF                              0x0800669d   Thumb Code    12  wdg.o(.text)
    HardWDGTest_Attr                         0x080066a9   Thumb Code    18  wdg.o(.text)
    FlashSizeFlagInit                        0x080066c1   Thumb Code    10  flashsizeflag.o(.text)
    main                                     0x080066d1   Thumb Code    54  main.o(.text)
    UnitCnt_Get                              0x08006711   Thumb Code     4  unitcfg.o(.text)
    Unit_Init                                0x08006715   Thumb Code    48  unitcfg.o(.text)
    GetCRC_IBM_SDLC                          0x0800674d   Thumb Code    52  crc16.o(.text)
    GetCRC_IBM_SDLC_oneByte                  0x08006781   Thumb Code    36  crc16.o(.text)
    HT1621_Delay                             0x080067a9   Thumb Code    10  ht1621.o(.text)
    HT1621_Write_HBit                        0x080067b3   Thumb Code    86  ht1621.o(.text)
    HT1621_SendCommand                       0x08006809   Thumb Code    54  ht1621.o(.text)
    HT1621_Init                              0x0800683f   Thumb Code    86  ht1621.o(.text)
    HT1621_lowPower                          0x08006895   Thumb Code    16  ht1621.o(.text)
    HT1621_Write_LBit                        0x080068a5   Thumb Code    84  ht1621.o(.text)
    HT1621_SendDisdata                       0x080068f9   Thumb Code    66  ht1621.o(.text)
    HT1621_WriteBit                          0x0800693b   Thumb Code   106  ht1621.o(.text)
    HT1621_DispNum                           0x080069a5   Thumb Code    94  ht1621.o(.text)
    KeyPort_Init                             0x08006a15   Thumb Code    34  keyport.o(.text)
    Clr_Flag                                 0x08006a37   Thumb Code    14  keyport.o(.text)
    KeyPort_ValueGet                         0x08006a45   Thumb Code    96  keyport.o(.text)
    KeyPort_Scan                             0x08006aa5   Thumb Code   106  keyport.o(.text)
    Backlight_Off                            0x08006b21   Thumb Code    12  backlight.o(.text)
    Backlight_On                             0x08006b2d   Thumb Code    12  backlight.o(.text)
    Backlight_Run                            0x08006b39   Thumb Code    24  backlight.o(.text)
    Backlight_Init                           0x08006b51   Thumb Code    18  backlight.o(.text)
    Backlight_Instruct                       0x08006b63   Thumb Code    22  backlight.o(.text)
    LCD_ShowTemper                           0x08006b79   Thumb Code   166  lcd_show.o(.text)
    LCD_ShowMode                             0x08006c1f   Thumb Code    82  lcd_show.o(.text)
    LCD_ShowWindSpeed                        0x08006c71   Thumb Code    24  lcd_show.o(.text)
    LCD_ShowLine                             0x08006c89   Thumb Code    12  lcd_show.o(.text)
    LCD_ShowTimeLogo                         0x08006c95   Thumb Code    54  lcd_show.o(.text)
    LCD_ShowTime                             0x08006ccb   Thumb Code    34  lcd_show.o(.text)
    LCD_ShowPowerOff                         0x08006ced   Thumb Code    40  lcd_show.o(.text)
    LCD_Init                                 0x08006d15   Thumb Code    12  lcd_show.o(.text)
    RS485_Gateway_Thread                     0x08006d21   Thumb Code    22  lcd_show.o(.text)
    Read_Air_Protocol                        0x08006d37   Thumb Code    22  lcd_show.o(.text)
    LCD_ShowALL                              0x08006d4d   Thumb Code    98  lcd_show.o(.text)
    Adc_Init                                 0x08006dd9   Thumb Code   258  adc.o(.text)
    Get_Adc                                  0x08006edb   Thumb Code    68  adc.o(.text)
    Next_addr                                0x08006f2d   Thumb Code    62  polling.o(.text)
    _CheckTime                               0x08006f6b   Thumb Code    22  polling.o(.text)
    Check_Recv_Data                          0x08006f81   Thumb Code    86  polling.o(.text)
    Clr_Memery                               0x08006fd7   Thumb Code    20  polling.o(.text)
    _SetTimeing_ms                           0x08006feb   Thumb Code    26  polling.o(.text)
    Send_Data_To_RS485                       0x08007005   Thumb Code    26  polling.o(.text)
    Send_Device_CMD                          0x0800701f   Thumb Code   190  polling.o(.text)
    RS485_Gateway                            0x080070dd   Thumb Code   514  polling.o(.text)
    Comm_gateway                             0x080072df   Thumb Code   360  polling.o(.text)
    MS_Device_Polling                        0x08007447   Thumb Code  1000  polling.o(.text)
    Device_Polling_Send                      0x0800782f   Thumb Code   812  polling.o(.text)
    Send_Protocol_CMD                        0x08007b5b   Thumb Code  1796  polling.o(.text)
    Select_CMD                               0x0800825f   Thumb Code   204  polling.o(.text)
    Device_Polling                           0x0800832b   Thumb Code   244  polling.o(.text)
    Recv_Device_Ack                          0x0800841f   Thumb Code     2  polling.o(.text)
    Config_Data_Init                         0x08008421   Thumb Code   130  polling.o(.text)
    AIR_LibNameGet                           0x080084a3   Thumb Code    70  polling.o(.text)
    DeviceRelate_EEPROMInit                  0x0800851d   Thumb Code    22  devicerelate.o(.text)
    DeviceRelate_Init                        0x08008533   Thumb Code    36  devicerelate.o(.text)
    BindObject_EEPROMInit                    0x08008557   Thumb Code    26  devicerelate.o(.text)
    BindObject_Init                          0x08008571   Thumb Code    42  devicerelate.o(.text)
    Set_DeviceRelate_Attr                    0x0800859b   Thumb Code    62  devicerelate.o(.text)
    Get_DeviceRelate_Attr                    0x080085d9   Thumb Code    74  devicerelate.o(.text)
    Set_BindObject_Attr                      0x08008623   Thumb Code    30  devicerelate.o(.text)
    Get_BindObject_Attr                      0x08008641   Thumb Code    26  devicerelate.o(.text)
    Set_DeviceRelateSwitch_Attr              0x0800865b   Thumb Code    26  devicerelate.o(.text)
    Get_DeviceRelateSwitch_Attr              0x08008675   Thumb Code    16  devicerelate.o(.text)
    Save_EEprom_OverTime                     0x0800868d   Thumb Code    38  keyunit.o(.text)
    Save_EEprom_Time_Update                  0x080086b3   Thumb Code    26  keyunit.o(.text)
    KeyUnit_Init                             0x080087eb   Thumb Code    26  keyunit.o(.text)
    Air_485DirectCondition_SendData          0x08008819   Thumb Code    24  airunit.o(.text)
    Air_485TranspondCondition_SendData       0x08008831   Thumb Code    94  airunit.o(.text)
    Air_InfraredCondition_SendData           0x0800888f   Thumb Code    86  airunit.o(.text)
    Air_CmdDelaySend                         0x08008913   Thumb Code    28  airunit.o(.text)
    Air_UnitInit                             0x0800892f   Thumb Code   144  airunit.o(.text)
    Air_BrandGet                             0x080089bf   Thumb Code    20  airunit.o(.text)
    Air_StatusCheck                          0x080089d3   Thumb Code    42  airunit.o(.text)
    CheckBindAddr                            0x080089fd   Thumb Code    16  airunit.o(.text)
    Air_run                                  0x08008a0d   Thumb Code   140  airunit.o(.text)
    AirCondition_Temp                        0x08008b01   Thumb Code   106  aircondition.o(.text)
    AirCondition_Init                        0x08008b6b   Thumb Code    42  aircondition.o(.text)
    AirCondition_TimerSet                    0x08008bdd   Thumb Code    32  aircondition.o(.text)
    Air_ParaInit                             0x08008c8f   Thumb Code    44  airattr.o(.text)
    Air_StatusShow_thread                    0x08008d47   Thumb Code    16  airattr.o(.text)
    AirEepromInit                            0x08008d57   Thumb Code    10  airattr.o(.text)
    Get_AirBrand_Attr                        0x08008d61   Thumb Code    20  airattr.o(.text)
    Set_AirTimer_Attr                        0x08008d75   Thumb Code    34  airattr.o(.text)
    Set_AirStatus_Attr                       0x08008d97   Thumb Code   422  airattr.o(.text)
    Get_AirStatus_Attr                       0x08008f3d   Thumb Code   262  airattr.o(.text)
    Set_MaxMinTemperature_Attr               0x08009043   Thumb Code    54  airattr.o(.text)
    Get_MaxMinTemperature_Attr               0x08009079   Thumb Code    22  airattr.o(.text)
    Set_Correction_Temperature_Attr          0x0800908f   Thumb Code    28  airattr.o(.text)
    Get_Correction_Temperature_Attr          0x080090ab   Thumb Code    18  airattr.o(.text)
    Set_Air_Type_Attr                        0x080090bd   Thumb Code    26  airattr.o(.text)
    Get_Air_Type_Attr                        0x080090d7   Thumb Code    18  airattr.o(.text)
    Set_Air_Addr_Attr                        0x080090e9   Thumb Code    34  airattr.o(.text)
    Get_Air_Addr_Attr                        0x0800910b   Thumb Code    34  airattr.o(.text)
    Set_Air_List_Addr_Attr                   0x0800912d   Thumb Code   140  airattr.o(.text)
    Get_Air_List_Addr_Attr                   0x080091b9   Thumb Code   206  airattr.o(.text)
    Set_RS232Cfg_Attr                        0x08009287   Thumb Code    38  airattr.o(.text)
    Get_RS232Cfg_Attr                        0x080092ad   Thumb Code    22  airattr.o(.text)
    Air_Instruct                             0x080092c3   Thumb Code    18  airattr.o(.text)
    srand                                    0x080092e9   Thumb Code    42  rand.o(.text)
    _rand_init                               0x08009313   Thumb Code     4  rand.o(.text)
    __aeabi_memcpy                           0x08009325   Thumb Code     0  rt_memcpy_v6.o(.text)
    __rt_memcpy                              0x08009325   Thumb Code   138  rt_memcpy_v6.o(.text)
    _memcpy_lastbytes                        0x0800938b   Thumb Code     0  rt_memcpy_v6.o(.text)
    __aeabi_memclr4                          0x080093af   Thumb Code     0  rt_memclr_w.o(.text)
    __aeabi_memclr8                          0x080093af   Thumb Code     0  rt_memclr_w.o(.text)
    __rt_memclr_w                            0x080093af   Thumb Code    78  rt_memclr_w.o(.text)
    _memset_w                                0x080093b3   Thumb Code     0  rt_memclr_w.o(.text)
    __use_two_region_memory                  0x080093fd   Thumb Code     2  heapauxi.o(.text)
    __rt_heap_escrow$2region                 0x080093ff   Thumb Code     2  heapauxi.o(.text)
    __rt_heap_expand$2region                 0x08009401   Thumb Code     2  heapauxi.o(.text)
    __aeabi_memcpy4                          0x08009403   Thumb Code     0  rt_memcpy_w.o(.text)
    __aeabi_memcpy8                          0x08009403   Thumb Code     0  rt_memcpy_w.o(.text)
    __rt_memcpy_w                            0x08009403   Thumb Code   100  rt_memcpy_w.o(.text)
    _memcpy_lastbytes_aligned                0x0800944b   Thumb Code     0  rt_memcpy_w.o(.text)
    __user_setup_stackheap                   0x08009467   Thumb Code    74  sys_stackheap_outer.o(.text)
    exit                                     0x080094b1   Thumb Code    18  exit.o(.text)
    __user_libspace                          0x080094c5   Thumb Code     8  libspace.o(.text)
    __user_perproc_libspace                  0x080094c5   Thumb Code     0  libspace.o(.text)
    __user_perthread_libspace                0x080094c5   Thumb Code     0  libspace.o(.text)
    __I$use$semihosting                      0x080094cd   Thumb Code     0  use_no_semi.o(.text)
    __use_no_semihosting_swi                 0x080094cd   Thumb Code     2  use_no_semi.o(.text)
    __semihosting_library_function           0x080094cf   Thumb Code     0  indicate_semi.o(.text)
    _sys_exit                                0x080094d1   Thumb Code     8  sys_exit.o(.text)
    DecryptionFlash                          0x080094dd   Thumb Code    54  scene&group.o(i.DecryptionFlash)
    __aeabi_dadd                             0x08009521   Thumb Code     0  daddsub_clz.o(x$fpl$dadd)
    _dadd                                    0x08009521   Thumb Code   332  daddsub_clz.o(x$fpl$dadd)
    __aeabi_d2uiz                            0x08009671   Thumb Code     0  dfixu.o(x$fpl$dfixu)
    _dfixu                                   0x08009671   Thumb Code    90  dfixu.o(x$fpl$dfixu)
    __aeabi_ui2d                             0x080096cb   Thumb Code     0  dflt_clz.o(x$fpl$dfltu)
    _dfltu                                   0x080096cb   Thumb Code    38  dflt_clz.o(x$fpl$dfltu)
    __aeabi_dmul                             0x080096f1   Thumb Code     0  dmul.o(x$fpl$dmul)
    _dmul                                    0x080096f1   Thumb Code   332  dmul.o(x$fpl$dmul)
    __fpl_dnaninf                            0x08009845   Thumb Code   156  dnaninf.o(x$fpl$dnaninf)
    __fpl_dretinf                            0x080098e1   Thumb Code    12  dretinf.o(x$fpl$dretinf)
    __aeabi_dsub                             0x080098ed   Thumb Code     0  daddsub_clz.o(x$fpl$dsub)
    _dsub                                    0x080098ed   Thumb Code   464  daddsub_clz.o(x$fpl$dsub)
    HeadCMD                                  0x08009ac0   Data           6  command.o(.constdata)
    __I$use$fp                               0x08009ac0   Number         0  usenofp.o(x$fpl$usenofp)
    TailCMD                                  0x08009ac6   Data           6  command.o(.constdata)
    CRCTable                                 0x08009acc   Data         512  crc.o(.constdata)
    SysAttrTable                             0x08009ccc   Data         560  sysexeattr.o(.constdata)
    Si4432Cfg_Tab                            0x08009f04   Data          21  si4432.o(.constdata)
    Uart_OK_Output                           0x08009f22   Data           9  test.o(.constdata)
    flashFlag                                0x08009f2b   Data          23  flashsizeflag.o(.constdata)
    UnitTab                                  0x08009f44   Data          32  unitcfg.o(.constdata)
    CRC16Table                               0x08009f64   Data         512  crc16.o(.constdata)
    DisSegTap                                0x0800a164   Data          20  ht1621.o(.constdata)
    DisSegTap2                               0x0800a178   Data          10  ht1621.o(.constdata)
    DisModeTap                               0x0800a19a   Data           5  lcd_show.o(.constdata)
    DisWindTap                               0x0800a19f   Data           4  lcd_show.o(.constdata)
    RT_Temb_Tab                              0x0800a1a4   Data         140  aircondition.o(.constdata)
    AirAttrTab                               0x0800a230   Data         384  airattr.o(.constdata)
    Region$$Table$$Base                      0x0800a3b0   Number         0  anon$$obj.o(Region$$Table)
    Region$$Table$$Limit                     0x0800a3d0   Number         0  anon$$obj.o(Region$$Table)
    SystemCoreClock                          0x20000000   Data           4  system_stm32f10x.o(.data)
    AHBPrescTable                            0x20000004   Data          16  system_stm32f10x.o(.data)
    DelayID                                  0x20000018   Data           4  object.o(.data)
    Sign433_State                            0x2000001d   Data           1  sign433.o(.data)
    PACK_SIZE                                0x2000001f   Data           1  updata.o(.data)
    err                                      0x20000020   Data           1  updata.o(.data)
    TestRecFlag                              0x2000002b   Data           1  si4432.o(.data)
    Test                                     0x20000048   Data           4  test.o(.data)
    check_flag                               0x2000004c   Data           1  test.o(.data)
    recv_cnt                                 0x20000050   Data           1  usart.o(.data)
    Recv_time                                0x20000054   Data           4  usart.o(.data)
    Device_type                              0x2000005c   Data           1  polling.o(.data)
    Send_Protocol_Cnt                        0x2000005d   Data           5  polling.o(.data)
    Air_Indoor_Addr                          0x20000062   Data           1  polling.o(.data)
    list_order                               0x20000063   Data           1  polling.o(.data)
    Send_Data_Flag                           0x20000064   Data           1  polling.o(.data)
    gAirStatus_bak                           0x20000066   Data           7  polling.o(.data)
    Recv_Finish_Flag                         0x2000006d   Data           1  polling.o(.data)
    UPST                                     0x20000070   Data           4  polling.o(.data)
    Gateway_UPST                             0x20000074   Data           4  polling.o(.data)
    Recv_Data_UPST                           0x20000078   Data           4  polling.o(.data)
    Send_Data_UPST                           0x2000007c   Data           4  polling.o(.data)
    Uart_Send_Data_UPST                      0x20000080   Data           4  polling.o(.data)
    GW_Recv_Data_UPST                        0x20000084   Data           4  polling.o(.data)
    Send_Data_Flag_UPST                      0x20000088   Data           4  polling.o(.data)
    gBindObject                              0x20000091   Data           2  devicerelate.o(.data)
    EEprom_Save_UPST                         0x20000094   Data           4  keyunit.o(.data)
    gAirStatus                               0x2000009a   Data           7  airunit.o(.data)
    ADCValue                                 0x200000a4   Data           4  aircondition.o(.data)
    gAirCondition                            0x200000a8   Data           4  aircondition.o(.data)
    rcv433fifo                               0x200000bc   Data          16  cmdprocess.o(.bss)
    send433fifo                              0x200000cc   Data          16  cmdprocess.o(.bss)
    rcvBuf                                   0x200000dc   Data        1024  cmdprocess.o(.bss)
    rcv_433                                  0x200008dc   Data         264  cmdprocess.o(.bss)
    send_433                                 0x200009e4   Data         264  cmdprocess.o(.bss)
    propfifo                                 0x20000aec   Data          16  linkscanfifo.o(.bss)
    propbuf                                  0x20000afc   Data         128  linkscanfifo.o(.bss)
    ALink                                    0x20000b7c   Data        1651  linksimplest.o(.bss)
    RData                                    0x200011f0   Data         320  object.o(.bss)
    gSign433Comm                             0x20001330   Data          12  sign433.o(.bss)
    IAP_FLAG                                 0x20001480   Data          16  updata.o(.bss)
    PACK_ID                                  0x20001490   Data         256  updata.o(.bss)
    gSysData                                 0x20001590   Data          31  userdata.o(.bss)
    UserDownload                             0x200015b0   Data         140  userdatadownload.o(.bss)
    TestRecRSSI                              0x2000163c   Data         100  si4432.o(.bss)
    gUnitData                                0x200016a0   Data          16  unitcfg.o(.bss)
    air_config                               0x200016b0   Data         994  polling.o(.bss)
    send_data_cmd                            0x20001a92   Data          95  polling.o(.bss)
    Send_Protocol_Data                       0x20001af1   Data         400  polling.o(.bss)
    Send_Communication_Data                  0x20001c81   Data         100  polling.o(.bss)
    Recv_Communication_Data                  0x20001ce5   Data         100  polling.o(.bss)
    gAirConfigPara                           0x20001d49   Data          24  polling.o(.bss)
    gDeviceRelate                            0x20001d61   Data           9  devicerelate.o(.bss)
    RT_Tab                                   0x20001d6a   Data         140  aircondition.o(.bss)
    _random_number_data                      0x20001df8   Data         228  rand.o(.bss)
    __libspace_start                         0x20001edc   Data          96  libspace.o(.bss)
    __temporary_stack_top$libspace           0x20001f3c   Data           0  libspace.o(.bss)



==============================================================================

Memory Map of the image

  Image Entry point : 0x080008ed

  Load Region LR_IROM1 (Base: 0x08000800, Size: 0x00009c8c, Max: 0x00020000, ABSOLUTE)

    Execution Region ER_IROM1 (Base: 0x08000800, Size: 0x00009bd0, Max: 0x00020000, ABSOLUTE)

    Base Addr    Size         Type   Attr      Idx    E Section Name        Object

    0x08000800   0x000000ec   Data   RO           60    RESET               startup_stm32f10x_md.o
    0x080008ec   0x00000008   Code   RO         1233  * !!!main             c_w.l(__main.o)
    0x080008f4   0x00000034   Code   RO         1415    !!!scatter          c_w.l(__scatter.o)
    0x08000928   0x0000001a   Code   RO         1417    !!handler_copy      c_w.l(__scatter_copy.o)
    0x08000942   0x00000002   PAD
    0x08000944   0x0000001c   Code   RO         1419    !!handler_zi        c_w.l(__scatter_zi.o)
    0x08000960   0x00000002   Code   RO         1338    .ARM.Collect$$libinit$$00000000  c_w.l(libinit.o)
    0x08000962   0x00000000   Code   RO         1257    .ARM.Collect$$libinit$$00000002  c_w.l(libinit2.o)
    0x08000962   0x00000000   Code   RO         1259    .ARM.Collect$$libinit$$00000004  c_w.l(libinit2.o)
    0x08000962   0x00000000   Code   RO         1262    .ARM.Collect$$libinit$$0000000A  c_w.l(libinit2.o)
    0x08000962   0x00000000   Code   RO         1264    .ARM.Collect$$libinit$$0000000C  c_w.l(libinit2.o)
    0x08000962   0x00000004   Code   RO         1265    .ARM.Collect$$libinit$$0000000D  c_w.l(libinit2.o)
    0x08000966   0x00000000   Code   RO         1266    .ARM.Collect$$libinit$$0000000E  c_w.l(libinit2.o)
    0x08000966   0x00000000   Code   RO         1269    .ARM.Collect$$libinit$$00000011  c_w.l(libinit2.o)
    0x08000966   0x00000000   Code   RO         1271    .ARM.Collect$$libinit$$00000013  c_w.l(libinit2.o)
    0x08000966   0x00000000   Code   RO         1273    .ARM.Collect$$libinit$$00000015  c_w.l(libinit2.o)
    0x08000966   0x00000000   Code   RO         1275    .ARM.Collect$$libinit$$00000017  c_w.l(libinit2.o)
    0x08000966   0x00000000   Code   RO         1277    .ARM.Collect$$libinit$$00000019  c_w.l(libinit2.o)
    0x08000966   0x00000000   Code   RO         1279    .ARM.Collect$$libinit$$0000001B  c_w.l(libinit2.o)
    0x08000966   0x00000000   Code   RO         1281    .ARM.Collect$$libinit$$0000001D  c_w.l(libinit2.o)
    0x08000966   0x00000000   Code   RO         1283    .ARM.Collect$$libinit$$0000001F  c_w.l(libinit2.o)
    0x08000966   0x00000000   Code   RO         1285    .ARM.Collect$$libinit$$00000021  c_w.l(libinit2.o)
    0x08000966   0x00000000   Code   RO         1287    .ARM.Collect$$libinit$$00000023  c_w.l(libinit2.o)
    0x08000966   0x00000000   Code   RO         1289    .ARM.Collect$$libinit$$00000025  c_w.l(libinit2.o)
    0x08000966   0x00000000   Code   RO         1293    .ARM.Collect$$libinit$$0000002C  c_w.l(libinit2.o)
    0x08000966   0x00000000   Code   RO         1295    .ARM.Collect$$libinit$$0000002E  c_w.l(libinit2.o)
    0x08000966   0x00000000   Code   RO         1297    .ARM.Collect$$libinit$$00000030  c_w.l(libinit2.o)
    0x08000966   0x00000000   Code   RO         1299    .ARM.Collect$$libinit$$00000032  c_w.l(libinit2.o)
    0x08000966   0x00000002   Code   RO         1300    .ARM.Collect$$libinit$$00000033  c_w.l(libinit2.o)
    0x08000968   0x00000002   Code   RO         1376    .ARM.Collect$$libshutdown$$00000000  c_w.l(libshutdown.o)
    0x0800096a   0x00000000   Code   RO         1382    .ARM.Collect$$libshutdown$$00000002  c_w.l(libshutdown2.o)
    0x0800096a   0x00000000   Code   RO         1384    .ARM.Collect$$libshutdown$$00000004  c_w.l(libshutdown2.o)
    0x0800096a   0x00000000   Code   RO         1387    .ARM.Collect$$libshutdown$$00000007  c_w.l(libshutdown2.o)
    0x0800096a   0x00000000   Code   RO         1390    .ARM.Collect$$libshutdown$$0000000A  c_w.l(libshutdown2.o)
    0x0800096a   0x00000000   Code   RO         1392    .ARM.Collect$$libshutdown$$0000000C  c_w.l(libshutdown2.o)
    0x0800096a   0x00000000   Code   RO         1395    .ARM.Collect$$libshutdown$$0000000F  c_w.l(libshutdown2.o)
    0x0800096a   0x00000002   Code   RO         1396    .ARM.Collect$$libshutdown$$00000010  c_w.l(libshutdown2.o)
    0x0800096c   0x00000000   Code   RO         1253    .ARM.Collect$$rtentry$$00000000  c_w.l(__rtentry.o)
    0x0800096c   0x00000000   Code   RO         1307    .ARM.Collect$$rtentry$$00000002  c_w.l(__rtentry2.o)
    0x0800096c   0x00000006   Code   RO         1319    .ARM.Collect$$rtentry$$00000004  c_w.l(__rtentry4.o)
    0x08000972   0x00000000   Code   RO         1309    .ARM.Collect$$rtentry$$00000009  c_w.l(__rtentry2.o)
    0x08000972   0x00000004   Code   RO         1310    .ARM.Collect$$rtentry$$0000000A  c_w.l(__rtentry2.o)
    0x08000976   0x00000000   Code   RO         1312    .ARM.Collect$$rtentry$$0000000C  c_w.l(__rtentry2.o)
    0x08000976   0x00000008   Code   RO         1313    .ARM.Collect$$rtentry$$0000000D  c_w.l(__rtentry2.o)
    0x0800097e   0x00000002   Code   RO         1344    .ARM.Collect$$rtexit$$00000000  c_w.l(rtexit.o)
    0x08000980   0x00000000   Code   RO         1356    .ARM.Collect$$rtexit$$00000002  c_w.l(rtexit2.o)
    0x08000980   0x00000004   Code   RO         1357    .ARM.Collect$$rtexit$$00000003  c_w.l(rtexit2.o)
    0x08000984   0x00000006   Code   RO         1358    .ARM.Collect$$rtexit$$00000004  c_w.l(rtexit2.o)
    0x0800098a   0x00000002   PAD
    0x0800098c   0x0000001c   Code   RO          785    .emb_text           sys.o
    0x080009a8   0x00000034   Code   RO         1222    .emb_text           c_w.l(rand.o)
    0x080009dc   0x000001e4   Code   RO            1    .text               system_stm32f10x.o
    0x08000bc0   0x0000003c   Code   RO           61    .text               startup_stm32f10x_md.o
    0x08000bfc   0x00000100   Code   RO           66    .text               bestfulib.o
    0x08000cfc   0x000002a8   Code   RO           78    .text               cmdprocess.o
    0x08000fa4   0x0000016c   Code   RO          125    .text               command.o
    0x08001110   0x00000070   Code   RO          146    .text               crc.o
    0x08001180   0x00000034   Code   RO          161    .text               delay.o
    0x080011b4   0x00000166   Code   RO          182    .text               eeprom.o
    0x0800131a   0x00000002   PAD
    0x0800131c   0x00000050   Code   RO          206    .text               faultmanage.o
    0x0800136c   0x00000296   Code   RO          224    .text               fifo.o
    0x08001602   0x00000002   PAD
    0x08001604   0x00000220   Code   RO          236    .text               flashattr.o
    0x08001824   0x00000098   Code   RO          250    .text               linkscanfifo.o
    0x080018bc   0x00000310   Code   RO          284    .text               linksimplest.o
    0x08001bcc   0x00000248   Code   RO          311    .text               linksrc.o
    0x08001e14   0x00000338   Code   RO          323    .text               linkwrdc.o
    0x0800214c   0x000001d0   Code   RO          339    .text               msgpackage.o
    0x0800231c   0x00000668   Code   RO          355    .text               object.o
    0x08002984   0x000003c0   Code   RO          385    .text               scene&group.o
    0x08002d44   0x000000b4   Code   RO          410    .text               sign433.o
    0x08002df8   0x000001a8   Code   RO          451    .text               sign433attr.o
    0x08002fa0   0x0000099c   Code   RO          470    .text               sysexeattr.o
    0x0800393c   0x00000064   Code   RO          504    .text               systestattr.o
    0x080039a0   0x00000328   Code   RO          531    .text               thread.o
    0x08003cc8   0x00000214   Code   RO          545    .text               unitshare_attr.o
    0x08003edc   0x00000330   Code   RO          557    .text               updata.o
    0x0800420c   0x000000e0   Code   RO          573    .text               upload.o
    0x080042ec   0x000007c4   Code   RO          587    .text               userdata.o
    0x08004ab0   0x00000208   Code   RO          637    .text               userdatadownload.o
    0x08004cb8   0x00000084   Code   RO          655    .text               devicereset.o
    0x08004d3c   0x00000210   Code   RO          671    .text               flash.o
    0x08004f4c   0x000000a4   Code   RO          691    .text               gpio.o
    0x08004ff0   0x0000039e   Code   RO          703    .text               i2c.o
    0x0800538e   0x00000006   Code   RO          715    .text               instruct.o
    0x08005394   0x00000214   Code   RO          727    .text               program.o
    0x080055a8   0x00000900   Code   RO          740    .text               si4432.o
    0x08005ea8   0x00000138   Code   RO          770    .text               spi.o
    0x08005fe0   0x00000144   Code   RO          786    .text               sys.o
    0x08006124   0x00000104   Code   RO          801    .text               syshard.o
    0x08006228   0x00000070   Code   RO          816    .text               systick.o
    0x08006298   0x000000bc   Code   RO          830    .text               test.o
    0x08006354   0x000002f8   Code   RO          864    .text               usart.o
    0x0800664c   0x00000074   Code   RO          886    .text               wdg.o
    0x080066c0   0x00000010   Code   RO          898    .text               flashsizeflag.o
    0x080066d0   0x00000040   Code   RO          913    .text               main.o
    0x08006710   0x0000003c   Code   RO          925    .text               unitcfg.o
    0x0800674c   0x0000005c   Code   RO          952    .text               crc16.o
    0x080067a8   0x0000026c   Code   RO          970    .text               ht1621.o
    0x08006a14   0x0000010c   Code   RO          988    .text               keyport.o
    0x08006b20   0x00000058   Code   RO         1009    .text               backlight.o
    0x08006b78   0x00000260   Code   RO         1024    .text               lcd_show.o
    0x08006dd8   0x00000154   Code   RO         1054    .text               adc.o
    0x08006f2c   0x000015f0   Code   RO         1072    .text               polling.o
    0x0800851c   0x00000170   Code   RO         1109    .text               devicerelate.o
    0x0800868c   0x0000018c   Code   RO         1128    .text               keyunit.o
    0x08008818   0x000002b0   Code   RO         1150    .text               airunit.o
    0x08008ac8   0x00000154   Code   RO         1175    .text               aircondition.o
    0x08008c1c   0x000006cc   Code   RO         1198    .text               airattr.o
    0x080092e8   0x0000003c   Code   RO         1223    .text               c_w.l(rand.o)
    0x08009324   0x0000008a   Code   RO         1227    .text               c_w.l(rt_memcpy_v6.o)
    0x080093ae   0x0000004e   Code   RO         1229    .text               c_w.l(rt_memclr_w.o)
    0x080093fc   0x00000006   Code   RO         1231    .text               c_w.l(heapauxi.o)
    0x08009402   0x00000064   Code   RO         1254    .text               c_w.l(rt_memcpy_w.o)
    0x08009466   0x0000004a   Code   RO         1325    .text               c_w.l(sys_stackheap_outer.o)
    0x080094b0   0x00000012   Code   RO         1327    .text               c_w.l(exit.o)
    0x080094c2   0x00000002   PAD
    0x080094c4   0x00000008   Code   RO         1341    .text               c_w.l(libspace.o)
    0x080094cc   0x00000002   Code   RO         1352    .text               c_w.l(use_no_semi.o)
    0x080094ce   0x00000000   Code   RO         1354    .text               c_w.l(indicate_semi.o)
    0x080094ce   0x00000002   PAD
    0x080094d0   0x0000000c   Code   RO         1368    .text               c_w.l(sys_exit.o)
    0x080094dc   0x00000044   Code   RO          394    i.DecryptionFlash   scene&group.o
    0x08009520   0x00000150   Code   RO         1235    x$fpl$dadd          fz_ws.l(daddsub_clz.o)
    0x08009670   0x0000005a   Code   RO         1241    x$fpl$dfixu         fz_ws.l(dfixu.o)
    0x080096ca   0x00000026   Code   RO         1245    x$fpl$dfltu         fz_ws.l(dflt_clz.o)
    0x080096f0   0x00000154   Code   RO         1251    x$fpl$dmul          fz_ws.l(dmul.o)
    0x08009844   0x0000009c   Code   RO         1301    x$fpl$dnaninf       fz_ws.l(dnaninf.o)
    0x080098e0   0x0000000c   Code   RO         1303    x$fpl$dretinf       fz_ws.l(dretinf.o)
    0x080098ec   0x000001d4   Code   RO         1237    x$fpl$dsub          fz_ws.l(daddsub_clz.o)
    0x08009ac0   0x00000000   Code   RO         1305    x$fpl$usenofp       fz_ws.l(usenofp.o)
    0x08009ac0   0x0000000c   Data   RO          126    .constdata          command.o
    0x08009acc   0x00000200   Data   RO          147    .constdata          crc.o
    0x08009ccc   0x00000230   Data   RO          471    .constdata          sysexeattr.o
    0x08009efc   0x00000008   Data   RO          728    .constdata          program.o
    0x08009f04   0x0000001e   Data   RO          742    .constdata          si4432.o
    0x08009f22   0x00000009   Data   RO          831    .constdata          test.o
    0x08009f2b   0x00000017   Data   RO          899    .constdata          flashsizeflag.o
    0x08009f42   0x00000002   PAD
    0x08009f44   0x00000020   Data   RO          927    .constdata          unitcfg.o
    0x08009f64   0x00000200   Data   RO          953    .constdata          crc16.o
    0x0800a164   0x0000001e   Data   RO          971    .constdata          ht1621.o
    0x0800a182   0x00000018   Data   RO          989    .constdata          keyport.o
    0x0800a19a   0x00000009   Data   RO         1025    .constdata          lcd_show.o
    0x0800a1a3   0x00000001   PAD
    0x0800a1a4   0x0000008c   Data   RO         1177    .constdata          aircondition.o
    0x0800a230   0x00000180   Data   RO         1199    .constdata          airattr.o
    0x0800a3b0   0x00000020   Data   RO         1413    Region$$Table       anon$$obj.o


    Execution Region RW_IRAM1 (Base: 0x20000000, Size: 0x00002b40, Max: 0x00005000, ABSOLUTE)

    Base Addr    Size         Type   Attr      Idx    E Section Name        Object

    0x20000000   0x00000014   Data   RW            2    .data               system_stm32f10x.o
    0x20000014   0x00000002   Data   RW          237    .data               flashattr.o
    0x20000016   0x00000002   PAD
    0x20000018   0x00000005   Data   RW          357    .data               object.o
    0x2000001d   0x00000002   Data   RW          412    .data               sign433.o
    0x2000001f   0x00000002   Data   RW          559    .data               updata.o
    0x20000021   0x00000001   Data   RW          574    .data               upload.o
    0x20000022   0x00000001   Data   RW          589    .data               userdata.o
    0x20000023   0x00000001   PAD
    0x20000024   0x00000004   Data   RW          656    .data               devicereset.o
    0x20000028   0x00000018   Data   RW          743    .data               si4432.o
    0x20000040   0x00000008   Data   RW          817    .data               systick.o
    0x20000048   0x00000005   Data   RW          832    .data               test.o
    0x2000004d   0x00000003   PAD
    0x20000050   0x00000008   Data   RW          865    .data               usart.o
    0x20000058   0x00000003   Data   RW          990    .data               keyport.o
    0x2000005b   0x00000001   Data   RW         1026    .data               lcd_show.o
    0x2000005c   0x00000035   Data   RW         1074    .data               polling.o
    0x20000091   0x00000002   Data   RW         1111    .data               devicerelate.o
    0x20000093   0x00000001   PAD
    0x20000094   0x00000006   Data   RW         1129    .data               keyunit.o
    0x2000009a   0x00000007   Data   RW         1151    .data               airunit.o
    0x200000a1   0x00000003   PAD
    0x200000a4   0x0000000c   Data   RW         1178    .data               aircondition.o
    0x200000b0   0x0000000a   Data   RW         1200    .data               airattr.o
    0x200000ba   0x00000002   PAD
    0x200000bc   0x00000a30   Zero   RW           79    .bss                cmdprocess.o
    0x20000aec   0x00000090   Zero   RW          251    .bss                linkscanfifo.o
    0x20000b7c   0x00000673   Zero   RW          285    .bss                linksimplest.o
    0x200011ef   0x00000001   PAD
    0x200011f0   0x00000140   Zero   RW          356    .bss                object.o
    0x20001330   0x0000000c   Zero   RW          411    .bss                sign433.o
    0x2000133c   0x00000144   Zero   RW          532    .bss                thread.o
    0x20001480   0x00000110   Zero   RW          558    .bss                updata.o
    0x20001590   0x0000001f   Zero   RW          588    .bss                userdata.o
    0x200015af   0x00000001   PAD
    0x200015b0   0x0000008c   Zero   RW          638    .bss                userdatadownload.o
    0x2000163c   0x00000064   Zero   RW          741    .bss                si4432.o
    0x200016a0   0x00000010   Zero   RW          926    .bss                unitcfg.o
    0x200016b0   0x000006b1   Zero   RW         1073    .bss                polling.o
    0x20001d61   0x00000009   Zero   RW         1110    .bss                devicerelate.o
    0x20001d6a   0x0000008c   Zero   RW         1176    .bss                aircondition.o
    0x20001df6   0x00000002   PAD
    0x20001df8   0x000000e4   Zero   RW         1224    .bss                c_w.l(rand.o)
    0x20001edc   0x00000060   Zero   RW         1342    .bss                c_w.l(libspace.o)
    0x20001f3c   0x00000004   PAD
    0x20001f40   0x00000000   Zero   RW           59    HEAP                startup_stm32f10x_md.o
    0x20001f40   0x00000c00   Zero   RW           58    STACK               startup_stm32f10x_md.o


==============================================================================

Image component sizes


      Code (inc. data)   RO Data    RW Data    ZI Data      Debug   Object Name

       340         14          0          0          0        859   adc.o
      1740         50        384         10          0       7463   airattr.o
       340         32        140         12        140       3044   aircondition.o
       688         48          0          7          0       4202   airunit.o
        88          0          0          0          0       1093   backlight.o
       256          0          0          0          0       2606   bestfulib.o
       680         62          0          0       2608       7678   cmdprocess.o
       364          8         12          0          0       2100   command.o
       112          4        512          0          0       1975   crc.o
        92          4        512          0          0       1927   crc16.o
        52          0          0          0          0        800   delay.o
       368          8          0          2          9       4150   devicerelate.o
       132         12          0          4          0        828   devicereset.o
       358          0          0          0          0       3923   eeprom.o
        80          6          0          0          0       1287   faultmanage.o
       662          0          0          0          0       4378   fifo.o
       528         18          0          0          0       3323   flash.o
       544         36          0          2          0       3287   flashattr.o
        16          6         23          0          0       1504   flashsizeflag.o
       164          8          0          0          0       2033   gpio.o
       620         18         30          0          0       3583   ht1621.o
       926          0          0          0          0       4013   i2c.o
         6          0          0          0          0        734   instruct.o
       268         18         24          3          0       2886   keyport.o
       396         20          0          6          0       2207   keyunit.o
       608         42          9          1          0       3336   lcd_show.o
       152         12          0          0        144       2641   linkscanfifo.o
       784         10          0          0       1651       6282   linksimplest.o
       584         34          0          0          0       2305   linksrc.o
       824          4          0          0          0       6516   linkwrdc.o
        64         10          0          0          0        611   main.o
       464         14          0          0          0       3092   msgpackage.o
      1640         48          0          5        320       5484   object.o
      5616        306          0         53       1713      11420   polling.o
       532         26          8          0          0       3585   program.o
      1028         14          0          0          0       3908   scene&group.o
      2304        120         30         24        100       6417   si4432.o
       180         10          0          2         12       7832   sign433.o
       424         26          0          0          0       3750   sign433attr.o
       312         16          0          0          0       1137   spi.o
        60         22        236          0       3072        932   startup_stm32f10x_md.o
       352         32          0          0          0       2984   sys.o
      2460         44        560          0          0      12961   sysexeattr.o
       260         16          0          0          0       1086   syshard.o
       484         42          0         20          0     214242   system_stm32f10x.o
       100         16          0          0          0       1466   systestattr.o
       112         14          0          8          0       1599   systick.o
       188         14          9          5          0       2844   test.o
       808          6          0          0        324       3805   thread.o
        60          8         32          0         16       3460   unitcfg.o
       532         10          0          0          0       2596   unitshare_attr.o
       816         40          0          2        272       4459   updata.o
       224         14          0          1          0       1542   upload.o
       760         28          0          8          0       4368   usart.o
      1988         32          0          1         31      14057   userdata.o
       520         44          0          0        140       2797   userdatadownload.o
       116          6          0          0          0       1689   wdg.o

    ----------------------------------------------------------------------
     35180       1452       2556        188      10556     417086   Object Totals
         0          0         32          0          0          0   (incl. Generated)
         4          0          3         12          4          0   (incl. Padding)

    ----------------------------------------------------------------------

      Code (inc. data)   RO Data    RW Data    ZI Data      Debug   Library Member Name

         8          0          0          0          0         68   __main.o
         0          0          0          0          0          0   __rtentry.o
        12          0          0          0          0          0   __rtentry2.o
         6          0          0          0          0          0   __rtentry4.o
        52          8          0          0          0          0   __scatter.o
        26          0          0          0          0          0   __scatter_copy.o
        28          0          0          0          0          0   __scatter_zi.o
        18          0          0          0          0         80   exit.o
         6          0          0          0          0        152   heapauxi.o
         0          0          0          0          0          0   indicate_semi.o
         2          0          0          0          0          0   libinit.o
         6          0          0          0          0          0   libinit2.o
         2          0          0          0          0          0   libshutdown.o
         2          0          0          0          0          0   libshutdown2.o
         8          4          0          0         96         68   libspace.o
       112         18          0          0        228        160   rand.o
        78          0          0          0          0         80   rt_memclr_w.o
       138          0          0          0          0         68   rt_memcpy_v6.o
       100          0          0          0          0         80   rt_memcpy_w.o
         2          0          0          0          0          0   rtexit.o
        10          0          0          0          0          0   rtexit2.o
        12          4          0          0          0         68   sys_exit.o
        74          0          0          0          0         80   sys_stackheap_outer.o
         2          0          0          0          0         68   use_no_semi.o
       804         16          0          0          0        272   daddsub_clz.o
        90          4          0          0          0         92   dfixu.o
        38          0          0          0          0         68   dflt_clz.o
       340         12          0          0          0        104   dmul.o
       156          4          0          0          0         92   dnaninf.o
        12          0          0          0          0         68   dretinf.o
         0          0          0          0          0          0   usenofp.o

    ----------------------------------------------------------------------
      2152         70          0          0        328       1668   Library Totals
         8          0          0          0          4          0   (incl. Padding)

    ----------------------------------------------------------------------

      Code (inc. data)   RO Data    RW Data    ZI Data      Debug   Library Name

       704         34          0          0        324        972   c_w.l
      1440         36          0          0          0        696   fz_ws.l

    ----------------------------------------------------------------------
      2152         70          0          0        328       1668   Library Totals

    ----------------------------------------------------------------------

==============================================================================


      Code (inc. data)   RO Data    RW Data    ZI Data      Debug   

     37332       1522       2556        188      10884     413914   Grand Totals
     37332       1522       2556        188      10884     413914   ELF Image Totals
     37332       1522       2556        188          0          0   ROM Totals

==============================================================================

    Total RO  Size (Code + RO Data)                39888 (  38.95kB)
    Total RW  Size (RW Data + ZI Data)             11072 (  10.81kB)
    Total ROM Size (Code + RO Data + RW Data)      40076 (  39.14kB)

==============================================================================

