<html>
<body>
<pre>
<h1>礦ision Build Log</h1>
<h2>Tool Versions:</h2>
IDE-Version: μVision V5.20.0.0
Copyright (C) 2016 ARM Ltd and ARM Germany GmbH. All rights reserved.
License Information: m Microsoft, Microsoft, LIC=TIVHL-0ED2F-JI25S-LEGYA-AGN9Z-W47WG
 
Tool Versions:
Toolchain:       MDK-ARM Plus  Version: 5.20
Toolchain Path:  d:\Keil\ARM\ARMCC\Bin
C Compiler:      Armcc.exe V5.06 update 2 (build 183)
Assembler:       Armasm.exe V5.06 update 2 (build 183)
Linker/Locator:  ArmLink.exe V5.06 update 2 (build 183)
Library Manager: ArmAr.exe V5.06 update 2 (build 183)
Hex Converter:   FromElf.exe V5.06 update 2 (build 183)
CPU DLL:         SARMCM3.DLL V5.20
Dialog DLL:      DCM.DLL V1.13.7.0
Target DLL:      Segger\JL2CM3.dll V2.99.20.0
Dialog DLL:      TCM.DLL V1.14.9.0
 
<h2>Project:</h2>
E:\CompanyFiles\原始功能代码-功能实现\20160330系统库测试\20160601系统库测试设备端移植程序\312.ITL01-温控面板\Branches\Transition Upgrade package SRC\SRC\Project\ITL01.uvprojx
Project File Date:  06/15/2016

<h2>Output:</h2>
*** Using Compiler 'V5.06 update 2 (build 183)', folder: 'd:\Keil\ARM\ARMCC\Bin'
Rebuild target 'Traget'
compiling BestFuLib.c...
assembling startup_stm32f10x_md.s...
compiling system_stm32f10x.c...
compiling CMDProcess.c...
compiling Command.c...
compiling CRC.c...
compiling EEPROM.c...
compiling Delay.c...
compiling FlashAttr.c...
compiling Fifo.c...
compiling FaultManage.c...
compiling Linksrc.c...
compiling LinkScanFifo.c...
compiling Linksimplest.c...
compiling MsgPackage.c...
compiling Object.c...
compiling LinkWRDC.c...
compiling Sign433.c...
compiling Sign433Attr.c...
compiling Scene&Group.c...
compiling SysExeAttr.c...
compiling Thread.c...
compiling SysTestAttr.c...
compiling UnitShare_Attr.c...
compiling Updata.c...
compiling Upload.c...
compiling UserData.c...
compiling UserDataDownload.c...
compiling DeviceReset.c...
compiling Flash.c...
compiling I2C.C...
compiling Gpio.c...
compiling Instruct.c...
compiling Program.c...
compiling SI4432.c...
compiling SPI.c...
compiling SysHard.c...
compiling Sys.c...
compiling SysTick.c...
compiling Test.c...
compiling Usart.c...
compiling FlashSizeFlag.c...
compiling WDG.c...
compiling UnitCfg.c...
compiling main.c...
compiling CRC16.c...
compiling KeyPort.c...
compiling Backlight.c...
compiling HT1621.C...
compiling Polling.c...
compiling LCD_Show.c...
compiling config.c...
compiling adc.c...
compiling DeviceRelate.c...
compiling KeyUnit.c...
compiling AirUnit.c...
compiling AirCondition.c...
compiling AirAttr.c...
linking...
Program Size: Code=37332 RO-data=2556 RW-data=188 ZI-data=10884  
FromELF: creating hex file...
"..\Output\ITL01_V9999-B.axf" - 0 Error(s), 0 Warning(s).

<h2>Collection of Component include folders:</h2>
  E:\CompanyFiles\原始功能代码-功能实现\20160330系统库测试\20160601系统库测试设备端移植程序\312.ITL01-温控面板\Branches\Transition Upgrade package SRC\SRC\Project\RTE
  d:\Keil\ARM\PACK\Keil\STM32F1xx_DFP\2.1.0\Device\Include

<h2>Collection of Component Files used:</h2>
Build Time Elapsed:  00:00:05
</pre>
</body>
</html>
