<html>
<body>
<pre>
<h1>µVision Build Log</h1>
<h2>Tool Versions:</h2>
IDE-Version: ¦ÌVision V5.16.0.0
Copyright (C) 2015 ARM Ltd and ARM Germany GmbH. All rights reserved.
License Information: admin admin, ms, LIC=0VRKP-MRNEL-JPMZQ-NK40S-P21W7-KMLRV
 
Tool Versions:
Toolchain:       MDK-ARM Professional  Version: 5.16.0.0
Toolchain Path:  D:\Keil\Keil_V5_16\ARM\ARMCC\Bin
C Compiler:      Armcc.exe V5.06 (build 20)
Assembler:       Armasm.exe V5.06 (build 20)
Linker/Locator:  ArmLink.exe V5.06 (build 20)
Library Manager: ArmAr.exe V5.06 (build 20)
Hex Converter:   FromElf.exe V5.06 (build 20)
CPU DLL:         SARMCM3.DLL V5.16.0.0
Dialog DLL:      DCM.DLL V1.13.2.0
Target DLL:      Segger\JL2CM3.dll V2.99.15.2
Dialog DLL:      TCM.DLL V1.14.5.0
 
<h2>Project:</h2>
E:\svn\ÐÂÎÂ¿ØÃæ°å\312.ITL01-ÎÂ¿ØÃæ°å\Trunk\SRC\Project\ITL01.uvprojx
Project File Date:  06/23/2016

<h2>Output:</h2>
*** Using Compiler 'V5.06 (build 20)', folder: 'D:\Keil\Keil_V5_16\ARM\ARMCC\Bin'
Rebuild target 'Traget'
compiling system_stm32f10x.c...
assembling startup_stm32f10x_md.s...
compiling DeviceReset.c...
compiling Flash.c...
compiling Gpio.c...
compiling I2C.C...
compiling Instruct.c...
compiling Program.c...
compiling SI4432.c...
compiling SPI.c...
compiling Sys.c...
compiling SysHard.c...
compiling SysTick.c...
compiling Test.c...
compiling Usart.c...
compiling WDG.c...
compiling main.c...
compiling UnitCfg.c...
compiling CRC16.c...
compiling HT1621.C...
compiling KeyPort.c...
compiling Backlight.c...
compiling LCD_Show.c...
compiling adc.c...
compiling Polling.c...
compiling config.c...
compiling DeviceRelate.c...
compiling KeyUnit.c...
compiling AirUnit.c...
compiling AirCondition.c...
compiling AirAttr.c...
linking...
Program Size: Code=47456 RO-data=2984 RW-data=476 ZI-data=13988  
FromELF: creating hex file...
"..\Output\ITL01_APP_V30000.axf" - 0 Error(s), 0 Warning(s).

<h2>Collection of Component include folders:</h2>
  E:\svn\ÐÂÎÂ¿ØÃæ°å\312.ITL01-ÎÂ¿ØÃæ°å\Trunk\SRC\Project\RTE
  D:\Keil\Keil_V5_16\ARM\PACK\Keil\STM32F1xx_DFP\2.0.0\Device\Include

<h2>Collection of Component Files used:</h2>
Build Time Elapsed:  00:00:12
</pre>
</body>
</html>
