Component: ARM Compiler 5.06 (build 20) Tool: armlink [4d35a3]

==============================================================================

Section Cross References

    system_stm32f10x.o(.text) refers to system_stm32f10x.o(.data) for AHBPrescTable
    startup_stm32f10x_md.o(STACK) refers (Special) to heapauxi.o(.text) for __use_two_region_memory
    startup_stm32f10x_md.o(HEAP) refers (Special) to heapauxi.o(.text) for __use_two_region_memory
    startup_stm32f10x_md.o(RESET) refers (Special) to heapauxi.o(.text) for __use_two_region_memory
    startup_stm32f10x_md.o(RESET) refers to startup_stm32f10x_md.o(STACK) for __initial_sp
    startup_stm32f10x_md.o(RESET) refers to startup_stm32f10x_md.o(.text) for Reset_Handler
    startup_stm32f10x_md.o(RESET) refers to systick.o(.text) for SysTick_Handler
    startup_stm32f10x_md.o(RESET) refers to usart.o(.text) for USART2_IRQHandler
    startup_stm32f10x_md.o(RESET) refers to si4432.o(.text) for EXTI15_10_IRQHandler
    startup_stm32f10x_md.o(.text) refers (Special) to heapauxi.o(.text) for __use_two_region_memory
    startup_stm32f10x_md.o(.text) refers to system_stm32f10x.o(.text) for SystemInit
    startup_stm32f10x_md.o(.text) refers to __main.o(!!!main) for __main
    startup_stm32f10x_md.o(.text) refers to startup_stm32f10x_md.o(HEAP) for Heap_Mem
    startup_stm32f10x_md.o(.text) refers to startup_stm32f10x_md.o(STACK) for Stack_Mem
    devicereset.o(.text) refers to gpio.o(.text) for GPIOx_Get
    devicereset.o(.text) refers to thread.o(.text) for Thread_Login
    devicereset.o(.text) refers to userdata.o(.text) for UserEEPROMData_Init
    devicereset.o(.text) refers to unitshare_attr.o(.text) for Set_UnitChecking_Attr
    devicereset.o(.text) refers to devicereset.o(.data) for cnt
    i2c.o(.text) refers to gpio.o(.text) for GPIOx_Cfg
    program.o(.text) refers to flash.o(.text) for Flash_Unlock
    program.o(.text) refers to program.o(.constdata) for .constdata
    si4432.o(.text) refers to gpio.o(.text) for GPIOx_Rst
    si4432.o(.text) refers to spi.o(.text) for SPI2_ReadWriteByte
    si4432.o(.text) refers to delay.o(.text) for delay_ms
    si4432.o(.text) refers to faultmanage.o(.text) for Fault_Upload
    si4432.o(.text) refers to systick.o(.text) for Time_Get
    si4432.o(.text) refers to si4432.o(.data) for TestRecFlag
    si4432.o(.text) refers to si4432.o(.bss) for TestRecRSSI
    si4432.o(.text) refers to si4432.o(.constdata) for Si4432Cfg_Tab
    si4432.o(.text) refers to updata.o(.text) for Channel_Get
    si4432.o(.text) refers to thread.o(.text) for Thread_Login
    si4432.o(.text) refers to sys.o(.text) for Ex_NVIC_Config
    si4432.o(.text) refers to dataencrypt.o(.text) for DecryptData
    si4432.o(.text) refers to sign433attr.o(.text) for Get_Sign433_MasterAddr
    si4432.o(.text) refers to command.o(.text) for head_put
    si4432.o(.text) refers to fifo.o(.text) for fifo_putc
    si4432.o(.text) refers to cmdprocess.o(.bss) for rcv433_shortfifo
    sys.o(.text) refers to sys.o(.emb_text) for Set_MSP
    syshard.o(.text) refers to devparttab.o(.text) for DevPivotalSetInit
    syshard.o(.text) refers to systick.o(.text) for SysTick_Init
    syshard.o(.text) refers to program.o(.text) for FlashEncryptionInit
    syshard.o(.text) refers to i2c.o(.text) for I2C_Init
    syshard.o(.text) refers to si4432.o(.text) for Si4432_Init
    syshard.o(.text) refers to userdata.o(.bss) for gSysData
    systick.o(.text) refers to system_stm32f10x.o(.text) for Get_SysClk_FrqAndSrc
    systick.o(.text) refers to thread.o(.text) for Thread_RunCheck
    systick.o(.text) refers to systick.o(.data) for timer
    test.o(.text) refers to gpio.o(.text) for GPIOx_Cfg
    test.o(.text) refers to usart.o(.text) for UART_Send
    test.o(.text) refers to thread.o(.text) for Thread_Login
    test.o(.text) refers to test.o(.data) for Test
    test.o(.text) refers to test.o(.constdata) for Uart_OK_Output
    test.o(.text) refers to polling.o(.bss) for Recv_Communication_Data
    usart.o(.text) refers to userdata.o(.text) for EEPROM_Write
    usart.o(.text) refers to gpio.o(.text) for GPIOx_Cfg
    usart.o(.text) refers to sys.o(.text) for MY_NVIC_Init
    usart.o(.text) refers to polling.o(.text) for _SetTimeing_ms
    usart.o(.text) refers to usart.o(.data) for recv_cnt
    usart.o(.text) refers to polling.o(.bss) for Recv_Communication_Data
    usart.o(.text) refers to polling.o(.data) for UPST
    usart.o(.text) refers to test.o(.data) for check_flag
    wdg.o(.text) refers to gpio.o(.text) for GPIOx_Rvrs
    wdg.o(.text) refers to thread.o(.text) for Thread_Login
    main.o(.text) refers to thread.o(.text) for Thread_Init
    main.o(.text) refers to syshard.o(.text) for SysHard_Init
    main.o(.text) refers to wdg.o(.text) for WDG_Init
    main.o(.text) refers to cmdprocess.o(.text) for FIFOInit
    main.o(.text) refers to instruct.o(.text) for Instruct_Init
    main.o(.text) refers to devicereset.o(.text) for DeviceResetCheck_Init
[...]
    __initial_sp                             0x20003880   Data           0  startup_stm32f10x_md.o(STACK)

    Global Symbols

    Symbol Name                              Value     Ov Type        Size  Object(Section)

    BuildAttributes$$THM_ISAv4$P$D$K$B$S$PE$A:L22UL41UL21$X:L11$S22US41US21$IEEE1$IW$USESV6$~STKCKD$USESV7$~SHL$OSPACE$ROPI$EBA8$UX$STANDARDLIB$REQ8$PRES8$EABIv2 0x00000000   Number         0  anon$$obj.o ABSOLUTE
    __ARM_use_no_argv                        0x00000000   Number         0  main.o ABSOLUTE
    __ARM_exceptions_init                     - Undefined Weak Reference
    __alloca_initialize                       - Undefined Weak Reference
    __arm_preinit_                            - Undefined Weak Reference
    __cpp_initialize__aeabi_                  - Undefined Weak Reference
    __cxa_finalize                            - Undefined Weak Reference
    __rt_locale                               - Undefined Weak Reference
    __sigvec_lookup                           - Undefined Weak Reference
    _atexit_init                              - Undefined Weak Reference
    _call_atexit_fns                          - Undefined Weak Reference
    _clock_init                               - Undefined Weak Reference
    _fp_trap_init                             - Undefined Weak Reference
    _fp_trap_shutdown                         - Undefined Weak Reference
    _get_lc_collate                           - Undefined Weak Reference
    _get_lc_ctype                             - Undefined Weak Reference
    _get_lc_monetary                          - Undefined Weak Reference
    _get_lc_numeric                           - Undefined Weak Reference
    _get_lc_time                              - Undefined Weak Reference
    _getenv_init                              - Undefined Weak Reference
    _handle_redirection                       - Undefined Weak Reference
    _init_alloc                               - Undefined Weak Reference
    _init_user_alloc                          - Undefined Weak Reference
    _initio                                   - Undefined Weak Reference
    _signal_finish                            - Undefined Weak Reference
    _signal_init                              - Undefined Weak Reference
    _terminate_alloc                          - Undefined Weak Reference
    _terminate_user_alloc                     - Undefined Weak Reference
    _terminateio                              - Undefined Weak Reference
    __Vectors_Size                           0x000000ec   Number         0  startup_stm32f10x_md.o ABSOLUTE
    __Vectors                                0x08006400   Data           4  startup_stm32f10x_md.o(RESET)
    __Vectors_End                            0x080064ec   Data           0  startup_stm32f10x_md.o(RESET)
    __main                                   0x080064ed   Thumb Code     8  __main.o(!!!main)
    __scatterload                            0x080064f5   Thumb Code     0  __scatter.o(!!!scatter)
    __scatterload_rt2                        0x080064f5   Thumb Code    44  __scatter.o(!!!scatter)
    __scatterload_rt2_thumb_only             0x080064f5   Thumb Code     0  __scatter.o(!!!scatter)
    __scatterload_null                       0x08006503   Thumb Code     0  __scatter.o(!!!scatter)
    __decompress                             0x08006529   Thumb Code    58  __dczerorl.o(!!dczerorl)
    __decompress0                            0x08006529   Thumb Code     0  __dczerorl.o(!!dczerorl)
    __scatterload_zeroinit                   0x08006565   Thumb Code    28  __scatter_zi.o(!!handler_zi)
    __rt_lib_init                            0x08006581   Thumb Code     0  libinit.o(.ARM.Collect$$libinit$$00000000)
    __rt_lib_init_fp_1                       0x08006583   Thumb Code     0  libinit2.o(.ARM.Collect$$libinit$$00000002)
    __rt_lib_init_heap_1                     0x08006583   Thumb Code     0  libinit2.o(.ARM.Collect$$libinit$$0000000A)
    __rt_lib_init_preinit_1                  0x08006583   Thumb Code     0  libinit2.o(.ARM.Collect$$libinit$$00000004)
    __rt_lib_init_rand_2                     0x08006583   Thumb Code     0  libinit2.o(.ARM.Collect$$libinit$$0000000D)
    __rt_lib_init_user_alloc_1               0x08006583   Thumb Code     0  libinit2.o(.ARM.Collect$$libinit$$0000000C)
    __rt_lib_init_alloca_1                   0x08006587   Thumb Code     0  libinit2.o(.ARM.Collect$$libinit$$0000002E)
    __rt_lib_init_argv_1                     0x08006587   Thumb Code     0  libinit2.o(.ARM.Collect$$libinit$$0000002C)
    __rt_lib_init_atexit_1                   0x08006587   Thumb Code     0  libinit2.o(.ARM.Collect$$libinit$$0000001B)
    __rt_lib_init_clock_1                    0x08006587   Thumb Code     0  libinit2.o(.ARM.Collect$$libinit$$00000021)
    __rt_lib_init_cpp_1                      0x08006587   Thumb Code     0  libinit2.o(.ARM.Collect$$libinit$$00000032)
    __rt_lib_init_exceptions_1               0x08006587   Thumb Code     0  libinit2.o(.ARM.Collect$$libinit$$00000030)
    __rt_lib_init_fp_trap_1                  0x08006587   Thumb Code     0  libinit2.o(.ARM.Collect$$libinit$$0000001F)
    __rt_lib_init_getenv_1                   0x08006587   Thumb Code     0  libinit2.o(.ARM.Collect$$libinit$$00000023)
    __rt_lib_init_lc_collate_1               0x08006587   Thumb Code     0  libinit2.o(.ARM.Collect$$libinit$$00000011)
    __rt_lib_init_lc_ctype_1                 0x08006587   Thumb Code     0  libinit2.o(.ARM.Collect$$libinit$$00000013)
    __rt_lib_init_lc_monetary_1              0x08006587   Thumb Code     0  libinit2.o(.ARM.Collect$$libinit$$00000015)
    __rt_lib_init_lc_numeric_1               0x08006587   Thumb Code     0  libinit2.o(.ARM.Collect$$libinit$$00000017)
    __rt_lib_init_lc_time_1                  0x08006587   Thumb Code     0  libinit2.o(.ARM.Collect$$libinit$$00000019)
    __rt_lib_init_rand_1                     0x08006587   Thumb Code     0  libinit2.o(.ARM.Collect$$libinit$$0000000E)
    __rt_lib_init_return                     0x08006587   Thumb Code     0  libinit2.o(.ARM.Collect$$libinit$$00000033)
    __rt_lib_init_signal_1                   0x08006587   Thumb Code     0  libinit2.o(.ARM.Collect$$libinit$$0000001D)
    __rt_lib_init_stdio_1                    0x08006587   Thumb Code     0  libinit2.o(.ARM.Collect$$libinit$$00000025)
    __rt_lib_shutdown                        0x08006589   Thumb Code     0  libshutdown.o(.ARM.Collect$$libshutdown$$00000000)
    __rt_lib_shutdown_cpp_1                  0x0800658b   Thumb Code     0  libshutdown2.o(.ARM.Collect$$libshutdown$$00000002)
    __rt_lib_shutdown_fp_trap_1              0x0800658b   Thumb Code     0  libshutdown2.o(.ARM.Collect$$libshutdown$$00000007)
    __rt_lib_shutdown_heap_1                 0x0800658b   Thumb Code     0  libshutdown2.o(.ARM.Collect$$libshutdown$$0000000F)
    __rt_lib_shutdown_return                 0x0800658b   Thumb Code     0  libshutdown2.o(.ARM.Collect$$libshutdown$$00000010)
    __rt_lib_shutdown_signal_1               0x0800658b   Thumb Code     0  libshutdown2.o(.ARM.Collect$$libshutdown$$0000000A)
    __rt_lib_shutdown_stdio_1                0x0800658b   Thumb Code     0  libshutdown2.o(.ARM.Collect$$libshutdown$$00000004)
    __rt_lib_shutdown_user_alloc_1           0x0800658b   Thumb Code     0  libshutdown2.o(.ARM.Collect$$libshutdown$$0000000C)
    __rt_entry                               0x0800658d   Thumb Code     0  __rtentry.o(.ARM.Collect$$rtentry$$00000000)
    __rt_entry_presh_1                       0x0800658d   Thumb Code     0  __rtentry2.o(.ARM.Collect$$rtentry$$00000002)
    __rt_entry_sh                            0x0800658d   Thumb Code     0  __rtentry4.o(.ARM.Collect$$rtentry$$00000004)
    __rt_entry_li                            0x08006593   Thumb Code     0  __rtentry2.o(.ARM.Collect$$rtentry$$0000000A)
    __rt_entry_postsh_1                      0x08006593   Thumb Code     0  __rtentry2.o(.ARM.Collect$$rtentry$$00000009)
    __rt_entry_main                          0x08006597   Thumb Code     0  __rtentry2.o(.ARM.Collect$$rtentry$$0000000D)
    __rt_entry_postli_1                      0x08006597   Thumb Code     0  __rtentry2.o(.ARM.Collect$$rtentry$$0000000C)
    __rt_exit                                0x0800659f   Thumb Code     0  rtexit.o(.ARM.Collect$$rtexit$$00000000)
    __rt_exit_ls                             0x080065a1   Thumb Code     0  rtexit2.o(.ARM.Collect$$rtexit$$00000003)
    __rt_exit_prels_1                        0x080065a1   Thumb Code     0  rtexit2.o(.ARM.Collect$$rtexit$$00000002)
    __rt_exit_exit                           0x080065a5   Thumb Code     0  rtexit2.o(.ARM.Collect$$rtexit$$00000004)
    DisableIRQ                               0x080065ad   Thumb Code     4  sys.o(.emb_text)
    EnableIRQ                                0x080065b1   Thumb Code     4  sys.o(.emb_text)
    Set_MSP                                  0x080065b5   Thumb Code     6  sys.o(.emb_text)
    CPU_SR_Restore                           0x080065bb   Thumb Code     6  sys.o(.emb_text)
    CPU_SR_Save                              0x080065c1   Thumb Code     8  sys.o(.emb_text)
    rand                                     0x080065c9   Thumb Code    48  rand.o(.emb_text)
    SystemInit                               0x08006789   Thumb Code    78  system_stm32f10x.o(.text)
    Get_SysClk_FrqAndSrc                     0x080067d7   Thumb Code   144  system_stm32f10x.o(.text)
    Reset_Handler                            0x0800688d   Thumb Code     8  startup_stm32f10x_md.o(.text)
    NMI_Handler                              0x08006895   Thumb Code     2  startup_stm32f10x_md.o(.text)
    HardFault_Handler                        0x08006897   Thumb Code     2  startup_stm32f10x_md.o(.text)
    MemManage_Handler                        0x08006899   Thumb Code     2  startup_stm32f10x_md.o(.text)
    BusFault_Handler                         0x0800689b   Thumb Code     2  startup_stm32f10x_md.o(.text)
    UsageFault_Handler                       0x0800689d   Thumb Code     2  startup_stm32f10x_md.o(.text)
    SVC_Handler                              0x0800689f   Thumb Code     2  startup_stm32f10x_md.o(.text)
    DebugMon_Handler                         0x080068a1   Thumb Code     2  startup_stm32f10x_md.o(.text)
    PendSV_Handler                           0x080068a3   Thumb Code     2  startup_stm32f10x_md.o(.text)
    ADC1_2_IRQHandler                        0x080068a7   Thumb Code     0  startup_stm32f10x_md.o(.text)
    CAN1_RX1_IRQHandler                      0x080068a7   Thumb Code     0  startup_stm32f10x_md.o(.text)
    CAN1_SCE_IRQHandler                      0x080068a7   Thumb Code     0  startup_stm32f10x_md.o(.text)
    DMA1_Channel1_IRQHandler                 0x080068a7   Thumb Code     0  startup_stm32f10x_md.o(.text)
    DMA1_Channel2_IRQHandler                 0x080068a7   Thumb Code     0  startup_stm32f10x_md.o(.text)
    DMA1_Channel3_IRQHandler                 0x080068a7   Thumb Code     0  startup_stm32f10x_md.o(.text)
    DMA1_Channel4_IRQHandler                 0x080068a7   Thumb Code     0  startup_stm32f10x_md.o(.text)
    DMA1_Channel5_IRQHandler                 0x080068a7   Thumb Code     0  startup_stm32f10x_md.o(.text)
    DMA1_Channel6_IRQHandler                 0x080068a7   Thumb Code     0  startup_stm32f10x_md.o(.text)
    DMA1_Channel7_IRQHandler                 0x080068a7   Thumb Code     0  startup_stm32f10x_md.o(.text)
    EXTI0_IRQHandler                         0x080068a7   Thumb Code     0  startup_stm32f10x_md.o(.text)
    EXTI1_IRQHandler                         0x080068a7   Thumb Code     0  startup_stm32f10x_md.o(.text)
    EXTI2_IRQHandler                         0x080068a7   Thumb Code     0  startup_stm32f10x_md.o(.text)
    EXTI3_IRQHandler                         0x080068a7   Thumb Code     0  startup_stm32f10x_md.o(.text)
    EXTI4_IRQHandler                         0x080068a7   Thumb Code     0  startup_stm32f10x_md.o(.text)
    EXTI9_5_IRQHandler                       0x080068a7   Thumb Code     0  startup_stm32f10x_md.o(.text)
    FLASH_IRQHandler                         0x080068a7   Thumb Code     0  startup_stm32f10x_md.o(.text)
    I2C1_ER_IRQHandler                       0x080068a7   Thumb Code     0  startup_stm32f10x_md.o(.text)
    I2C1_EV_IRQHandler                       0x080068a7   Thumb Code     0  startup_stm32f10x_md.o(.text)
    I2C2_ER_IRQHandler                       0x080068a7   Thumb Code     0  startup_stm32f10x_md.o(.text)
    I2C2_EV_IRQHandler                       0x080068a7   Thumb Code     0  startup_stm32f10x_md.o(.text)
    PVD_IRQHandler                           0x080068a7   Thumb Code     0  startup_stm32f10x_md.o(.text)
    RCC_IRQHandler                           0x080068a7   Thumb Code     0  startup_stm32f10x_md.o(.text)
    RTCAlarm_IRQHandler                      0x080068a7   Thumb Code     0  startup_stm32f10x_md.o(.text)
    RTC_IRQHandler                           0x080068a7   Thumb Code     0  startup_stm32f10x_md.o(.text)
    SPI1_IRQHandler                          0x080068a7   Thumb Code     0  startup_stm32f10x_md.o(.text)
    SPI2_IRQHandler                          0x080068a7   Thumb Code     0  startup_stm32f10x_md.o(.text)
    TAMPER_IRQHandler                        0x080068a7   Thumb Code     0  startup_stm32f10x_md.o(.text)
    TIM1_BRK_IRQHandler                      0x080068a7   Thumb Code     0  startup_stm32f10x_md.o(.text)
    TIM1_CC_IRQHandler                       0x080068a7   Thumb Code     0  startup_stm32f10x_md.o(.text)
    TIM1_TRG_COM_IRQHandler                  0x080068a7   Thumb Code     0  startup_stm32f10x_md.o(.text)
    TIM1_UP_IRQHandler                       0x080068a7   Thumb Code     0  startup_stm32f10x_md.o(.text)
    TIM2_IRQHandler                          0x080068a7   Thumb Code     0  startup_stm32f10x_md.o(.text)
    TIM3_IRQHandler                          0x080068a7   Thumb Code     0  startup_stm32f10x_md.o(.text)
    TIM4_IRQHandler                          0x080068a7   Thumb Code     0  startup_stm32f10x_md.o(.text)
    USART1_IRQHandler                        0x080068a7   Thumb Code     0  startup_stm32f10x_md.o(.text)
    USART3_IRQHandler                        0x080068a7   Thumb Code     0  startup_stm32f10x_md.o(.text)
    USBWakeUp_IRQHandler                     0x080068a7   Thumb Code     0  startup_stm32f10x_md.o(.text)
    USB_HP_CAN1_TX_IRQHandler                0x080068a7   Thumb Code     0  startup_stm32f10x_md.o(.text)
    USB_LP_CAN1_RX0_IRQHandler               0x080068a7   Thumb Code     0  startup_stm32f10x_md.o(.text)
    WWDG_IRQHandler                          0x080068a7   Thumb Code     0  startup_stm32f10x_md.o(.text)
    __user_initial_stackheap                 0x080068a9   Thumb Code     0  startup_stm32f10x_md.o(.text)
    DeviceResetCheck_Init                    0x0800691d   Thumb Code    36  devicereset.o(.text)
    Flash_Unlock                             0x0800694d   Thumb Code    12  flash.o(.text)
    Flash_lock                               0x08006959   Thumb Code    14  flash.o(.text)
    FLASH_ErasePage                          0x080069b1   Thumb Code    74  flash.o(.text)
    Flash_ProgramHalfWord                    0x080069fb   Thumb Code    68  flash.o(.text)
    Flash_Write                              0x08006a3f   Thumb Code    90  flash.o(.text)
    Flash_EraseOptionByte                    0x08006a99   Thumb Code    74  flash.o(.text)
    Flash_WriteOptionByte                    0x08006ae3   Thumb Code    80  flash.o(.text)
    GPIOx_Cfg                                0x08006b41   Thumb Code    92  gpio.o(.text)
    GPIOx_Set                                0x08006b9d   Thumb Code    22  gpio.o(.text)
    GPIOx_Rst                                0x08006bb3   Thumb Code    14  gpio.o(.text)
    GPIOx_Rvrs                               0x08006bc1   Thumb Code    14  gpio.o(.text)
    GPIOx_Get                                0x08006bcf   Thumb Code    14  gpio.o(.text)
    I2C_Init                                 0x08006bff   Thumb Code    40  i2c.o(.text)
    IIC_GetState                             0x08006e37   Thumb Code    40  i2c.o(.text)
    IIC_Read                                 0x08006e5f   Thumb Code   102  i2c.o(.text)
    IIC_Write                                0x08006ec5   Thumb Code    96  i2c.o(.text)
    IIC_WriteSame                            0x08006f25   Thumb Code    94  i2c.o(.text)
    Instruct_Init                            0x08006f83   Thumb Code     2  instruct.o(.text)
    Instruct                                 0x08006f85   Thumb Code     2  instruct.o(.text)
    Instruct_Run                             0x08006f87   Thumb Code     2  instruct.o(.text)
    Program_Erase                            0x08006f89   Thumb Code    52  program.o(.text)
    Program_Write                            0x08006fbd   Thumb Code    44  program.o(.text)
    Program_Read                             0x08006fe9   Thumb Code    22  program.o(.text)
    Program_WriteEx                          0x08006fff   Thumb Code   242  program.o(.text)
    FlashEncryptionInit                      0x080070f1   Thumb Code   114  program.o(.text)
    Flash_DefaultValue                       0x08007163   Thumb Code     6  program.o(.text)
    Flash_PageSize                           0x08007169   Thumb Code     6  program.o(.text)
    Flash_ChipSize                           0x0800716f   Thumb Code     8  program.o(.text)
    Get_UniqueDeviceID                       0x08007177   Thumb Code    24  program.o(.text)
    SetRecTestStatus                         0x080071a9   Thumb Code    14  si4432.o(.text)
    GetRSSIPara                              0x080071b7   Thumb Code     4  si4432.o(.text)
    GetThresholdPara                         0x080071bb   Thumb Code     6  si4432.o(.text)
    Si4432_Idle                              0x0800729b   Thumb Code    70  si4432.o(.text)
    Si4432_Init                              0x08007417   Thumb Code   738  si4432.o(.text)
    EXTI15_10_IRQHandler                     0x080079c5   Thumb Code    22  si4432.o(.text)
    Si4432_Send                              0x08007ab3   Thumb Code    72  si4432.o(.text)
    SPI2_ReadWriteByte                       0x08007b15   Thumb Code    86  spi.o(.text)
    SPI2_Init                                0x08007b6b   Thumb Code   166  spi.o(.text)
    SPI2_SetSpeed                            0x08007c11   Thumb Code    44  spi.o(.text)
    MY_NVIC_SetVectorTable                   0x08007c4d   Thumb Code    12  sys.o(.text)
    MY_NVIC_PriorityGroupConfig              0x08007c59   Thumb Code    36  sys.o(.text)
    MY_NVIC_Init                             0x08007c7d   Thumb Code    68  sys.o(.text)
    Ex_NVIC_Config                           0x08007cc1   Thumb Code   146  sys.o(.text)
    JumpToCode                               0x08007d53   Thumb Code    30  sys.o(.text)
    SysHard_Init                             0x08007d91   Thumb Code    24  syshard.o(.text)
    HardID_Check                             0x08007da9   Thumb Code   122  syshard.o(.text)
    HardID_Change                            0x08007e23   Thumb Code    96  syshard.o(.text)
    SysTick_Init                             0x08007e99   Thumb Code    64  systick.o(.text)
    Time_Get                                 0x08007ed9   Thumb Code     6  systick.o(.text)
    UpdateRandomTime                         0x08007edf   Thumb Code    10  systick.o(.text)
    GetRandomTime                            0x08007ee9   Thumb Code     6  systick.o(.text)
    SysTick_Handler                          0x08007eef   Thumb Code    34  systick.o(.text)
    Test_Init                                0x08007f1d   Thumb Code    28  test.o(.text)
    Run_Test_485_EEPROM_WATCHDOG             0x08007f39   Thumb Code    14  test.o(.text)
    Test_485_EEPROM_WATCHDOG                 0x08007f47   Thumb Code   132  test.o(.text)
    UART_CfgSave                             0x08007fd9   Thumb Code    16  usart.o(.text)
    UART_CfgDefault                          0x08007fe9   Thumb Code    30  usart.o(.text)
    UART_CfgCheck                            0x08008007   Thumb Code   200  usart.o(.text)
    UART_CfgGet                              0x080080cf   Thumb Code    16  usart.o(.text)
    UART_Init                                0x080080df   Thumb Code   284  usart.o(.text)
    UART_Write                               0x080081fb   Thumb Code    50  usart.o(.text)
    UART_Send                                0x0800822d   Thumb Code    40  usart.o(.text)
    RS232_CfgDefault                         0x08008255   Thumb Code    30  usart.o(.text)
    USART2_IRQHandler                        0x08008273   Thumb Code    66  usart.o(.text)
    WDG_Feed                                 0x080082d1   Thumb Code    20  wdg.o(.text)
    WDG_Init                                 0x080082e5   Thumb Code    60  wdg.o(.text)
    WDG_FeedOFF                              0x08008321   Thumb Code    12  wdg.o(.text)
    HardWDGTest_Attr                         0x0800832d   Thumb Code    18  wdg.o(.text)
    main                                     0x08008345   Thumb Code    66  main.o(.text)
    UnitCnt_Get                              0x08008399   Thumb Code     4  unitcfg.o(.text)
    Unit_Init                                0x0800839d   Thumb Code    52  unitcfg.o(.text)
    GetCRC_IBM_SDLC                          0x080083d9   Thumb Code    52  crc16.o(.text)
    GetCRC_IBM_SDLC_oneByte                  0x0800840d   Thumb Code    36  crc16.o(.text)
    HT1621_Delay                             0x08008435   Thumb Code    10  ht1621.o(.text)
    HT1621_Write_HBit                        0x0800843f   Thumb Code    86  ht1621.o(.text)
    HT1621_SendCommand                       0x08008495   Thumb Code    54  ht1621.o(.text)
    HT1621_Init                              0x080084cb   Thumb Code    86  ht1621.o(.text)
    HT1621_lowPower                          0x08008521   Thumb Code    16  ht1621.o(.text)
    HT1621_Write_LBit                        0x08008531   Thumb Code    84  ht1621.o(.text)
    HT1621_SendDisdata                       0x08008585   Thumb Code    66  ht1621.o(.text)
    HT1621_WriteBit                          0x080085c7   Thumb Code   106  ht1621.o(.text)
    HT1621_DispNum                           0x08008631   Thumb Code    94  ht1621.o(.text)
    KeyPort_Init                             0x080086a1   Thumb Code    34  keyport.o(.text)
    Clr_Flag                                 0x080086c3   Thumb Code    14  keyport.o(.text)
    KeyPort_ValueGet                         0x080086d1   Thumb Code    96  keyport.o(.text)
    KeyPort_Scan                             0x08008731   Thumb Code   106  keyport.o(.text)
    Backlight_Off                            0x080087ad   Thumb Code    12  backlight.o(.text)
    Backlight_On                             0x080087b9   Thumb Code    12  backlight.o(.text)
    Backlight_Run                            0x080087c5   Thumb Code    24  backlight.o(.text)
    Backlight_Init                           0x080087dd   Thumb Code    18  backlight.o(.text)
    Backlight_Instruct                       0x080087ef   Thumb Code    22  backlight.o(.text)
    LCD_ShowTemper                           0x08008805   Thumb Code   166  lcd_show.o(.text)
    LCD_ShowMode                             0x080088ab   Thumb Code    82  lcd_show.o(.text)
    LCD_ShowWindSpeed                        0x080088fd   Thumb Code    24  lcd_show.o(.text)
    LCD_ShowLine                             0x08008915   Thumb Code    12  lcd_show.o(.text)
    LCD_ShowTimeLogo                         0x08008921   Thumb Code    54  lcd_show.o(.text)
    LCD_ShowTime                             0x08008957   Thumb Code    34  lcd_show.o(.text)
    LCD_ShowPowerOff                         0x08008979   Thumb Code    40  lcd_show.o(.text)
    LCD_Init                                 0x080089a1   Thumb Code    12  lcd_show.o(.text)
    RS485_Gateway_Thread                     0x080089ad   Thumb Code    22  lcd_show.o(.text)
    Read_Air_Protocol                        0x080089c3   Thumb Code    22  lcd_show.o(.text)
    LCD_ShowALL                              0x080089d9   Thumb Code    98  lcd_show.o(.text)
    Adc_Init                                 0x08008a65   Thumb Code   258  adc.o(.text)
    Get_Adc                                  0x08008b67   Thumb Code    68  adc.o(.text)
    Next_addr                                0x08008bb9   Thumb Code    62  polling.o(.text)
    _CheckTime                               0x08008bf7   Thumb Code    22  polling.o(.text)
    Check_Recv_Data                          0x08008c0d   Thumb Code    86  polling.o(.text)
    Clr_Memery                               0x08008c63   Thumb Code    20  polling.o(.text)
    _SetTimeing_ms                           0x08008c77   Thumb Code    26  polling.o(.text)
    Send_Data_To_RS485                       0x08008c91   Thumb Code    26  polling.o(.text)
    Send_Device_CMD                          0x08008cab   Thumb Code   190  polling.o(.text)
    RS485_Gateway                            0x08008d69   Thumb Code   514  polling.o(.text)
    Comm_gateway                             0x08008f6b   Thumb Code   360  polling.o(.text)
    MS_Device_Polling                        0x080090d3   Thumb Code  1000  polling.o(.text)
    Device_Polling_Send                      0x080094bb   Thumb Code   812  polling.o(.text)
    Send_Protocol_CMD                        0x080097e7   Thumb Code  1796  polling.o(.text)
    Select_CMD                               0x08009eeb   Thumb Code   204  polling.o(.text)
    Device_Polling                           0x08009fb7   Thumb Code   244  polling.o(.text)
    Recv_Device_Ack                          0x0800a0ab   Thumb Code     2  polling.o(.text)
    Config_Data_Init                         0x0800a0ad   Thumb Code   130  polling.o(.text)
    AIR_LibNameGet                           0x0800a12f   Thumb Code    70  polling.o(.text)
    DeviceRelate_EEPROMInit                  0x0800a1a9   Thumb Code    40  devicerelate.o(.text)
    DeviceRelate_Init                        0x0800a1d1   Thumb Code    36  devicerelate.o(.text)
    BindObject_EEPROMInit                    0x0800a1f5   Thumb Code    76  devicerelate.o(.text)
    BindObject_Init                          0x0800a241   Thumb Code    42  devicerelate.o(.text)
    Set_DeviceRelate_Attr                    0x0800a26b   Thumb Code    62  devicerelate.o(.text)
    Get_DeviceRelate_Attr                    0x0800a2a9   Thumb Code    74  devicerelate.o(.text)
    Set_BindObject_Attr                      0x0800a2f3   Thumb Code    30  devicerelate.o(.text)
    Set_SelfAdjust_Attr                      0x0800a311   Thumb Code    56  devicerelate.o(.text)
    Get_SelfAdjust_Attr                      0x0800a349   Thumb Code    28  devicerelate.o(.text)
    Get_BindObject_Attr                      0x0800a365   Thumb Code    26  devicerelate.o(.text)
    Set_DeviceRelateSwitch_Attr              0x0800a37f   Thumb Code    34  devicerelate.o(.text)
    Get_DeviceRelateSwitch_Attr              0x0800a3a1   Thumb Code    16  devicerelate.o(.text)
    Save_EEprom_OverTime                     0x0800a3c1   Thumb Code    38  keyunit.o(.text)
    Save_EEprom_Time_Update                  0x0800a3e7   Thumb Code    26  keyunit.o(.text)
    KeyUnit_Init                             0x0800a51f   Thumb Code    26  keyunit.o(.text)
    FJPG_Data_Config                         0x0800a54d   Thumb Code   226  airunit.o(.text)
    Air_FJPG_SendData                        0x0800a62f   Thumb Code   100  airunit.o(.text)
    Air_485DirectCondition_SendData          0x0800a693   Thumb Code    24  airunit.o(.text)
    Air_485TranspondCondition_SendData       0x0800a6ab   Thumb Code    96  airunit.o(.text)
    Air_InfraredCondition_SendData           0x0800a70b   Thumb Code    88  airunit.o(.text)
    Air_CmdDelaySend                         0x0800a79d   Thumb Code    28  airunit.o(.text)
    Air_UnitInit                             0x0800a7b9   Thumb Code   146  airunit.o(.text)
    Air_BrandGet                             0x0800a84b   Thumb Code    20  airunit.o(.text)
    Air_StatusCheck                          0x0800a85f   Thumb Code    42  airunit.o(.text)
    CheckBindAddr                            0x0800a889   Thumb Code    16  airunit.o(.text)
    Air_run                                  0x0800a899   Thumb Code   140  airunit.o(.text)
    AirCondition_Temp                        0x0800a991   Thumb Code   108  aircondition.o(.text)
    AirCondition_Init                        0x0800a9fd   Thumb Code    42  aircondition.o(.text)
    AirCondition_TimerSet                    0x0800aa6f   Thumb Code    48  aircondition.o(.text)
    Air_ParaInit                             0x0800ab33   Thumb Code    44  airattr.o(.text)
    Air_UnitAttrNum                          0x0800ab5f   Thumb Code     4  airattr.o(.text)
    Air_StatusShow_thread                    0x0800abef   Thumb Code    16  airattr.o(.text)
    AirEepromInit                            0x0800abff   Thumb Code    14  airattr.o(.text)
    Get_AirBrand_Attr                        0x0800ac0d   Thumb Code    20  airattr.o(.text)
    Set_AirTimer_Attr                        0x0800ac21   Thumb Code    34  airattr.o(.text)
    Set_AirStatus_Attr                       0x0800ac43   Thumb Code   422  airattr.o(.text)
    Get_AirStatus_Attr                       0x0800ade9   Thumb Code   260  airattr.o(.text)
    Set_MaxMinTemperature_Attr               0x0800aeed   Thumb Code    54  airattr.o(.text)
    Get_MaxMinTemperature_Attr               0x0800af23   Thumb Code    22  airattr.o(.text)
    Set_Correction_Temperature_Attr          0x0800af39   Thumb Code    46  airattr.o(.text)
    Get_Correction_Temperature_Attr          0x0800af67   Thumb Code    18  airattr.o(.text)
    Set_Air_Type_Attr                        0x0800af79   Thumb Code    54  airattr.o(.text)
    Get_Air_Type_Attr                        0x0800afaf   Thumb Code    50  airattr.o(.text)
    Set_Air_Addr_Attr                        0x0800afe1   Thumb Code    34  airattr.o(.text)
    Get_Air_Addr_Attr                        0x0800b003   Thumb Code    34  airattr.o(.text)
    Set_Air_List_Addr_Attr                   0x0800b025   Thumb Code   140  airattr.o(.text)
    Get_Air_List_Addr_Attr                   0x0800b0b1   Thumb Code   206  airattr.o(.text)
    Set_RS232Cfg_Attr                        0x0800b17f   Thumb Code    38  airattr.o(.text)
    Get_RS232Cfg_Attr                        0x0800b1a5   Thumb Code    22  airattr.o(.text)
    Air_Instruct                             0x0800b1bb   Thumb Code    18  airattr.o(.text)
    memcpy                                   0x0800b1e1   Thumb Code    28  bestfulib.o(.text)
    memcmp                                   0x0800b1fd   Thumb Code    40  bestfulib.o(.text)
    memset                                   0x0800b225   Thumb Code    18  bestfulib.o(.text)
    memmove                                  0x0800b237   Thumb Code    58  bestfulib.o(.text)
    memfind                                  0x0800b271   Thumb Code    64  bestfulib.o(.text)
    memcharget                               0x0800b2b1   Thumb Code    48  bestfulib.o(.text)
    Process_FIFOData                         0x0800b2e1   Thumb Code   102  cmdprocess.o(.text)
    Msg_Execute                              0x0800b3b5   Thumb Code   248  cmdprocess.o(.text)
    FIFOInit                                 0x0800b525   Thumb Code   172  cmdprocess.o(.text)
    ProcessSend_Fun                          0x0800b5d1   Thumb Code     8  cmdprocess.o(.text)
    head_put                                 0x0800b631   Thumb Code    16  command.o(.text)
    tail_put                                 0x0800b641   Thumb Code    16  command.o(.text)
    short_get                                0x0800b651   Thumb Code   226  command.o(.text)
    short_put                                0x0800b733   Thumb Code   140  command.o(.text)
    EncryptCmd_get                           0x0800b7bf   Thumb Code   200  command.o(.text)
    EncryptCmd_getEx                         0x0800b887   Thumb Code    48  command.o(.text)
    EncryptCmd_put                           0x0800b8b7   Thumb Code   158  command.o(.text)
    delay_us                                 0x0800b95d   Thumb Code    24  delay.o(.text)
    delay_ms                                 0x0800b975   Thumb Code    28  delay.o(.text)
    Fault_Upload                             0x0800b991   Thumb Code    74  faultmanage.o(.text)
    fifo_Init                                0x0800b9e1   Thumb Code    26  fifo.o(.text)
    fifo_Rst                                 0x0800b9fb   Thumb Code    18  fifo.o(.text)
    fifo_empty                               0x0800ba0d   Thumb Code    18  fifo.o(.text)
    fifo_validSize                           0x0800ba5f   Thumb Code    30  fifo.o(.text)
    fifo_puts                                0x0800ba7d   Thumb Code   106  fifo.o(.text)
    fifo_gets                                0x0800bae7   Thumb Code   124  fifo.o(.text)
    fifo_putc                                0x0800bb63   Thumb Code    60  fifo.o(.text)
    fifo_getc                                0x0800bb9f   Thumb Code    62  fifo.o(.text)
    fifo_find                                0x0800bbdd   Thumb Code    92  fifo.o(.text)
    fifo_cmp                                 0x0800bc39   Thumb Code    62  fifo.o(.text)
    SaveSerialNum                            0x0800bc79   Thumb Code    12  msgpackage.o(.text)
    Msg_Feedback                             0x0800bc85   Thumb Code   114  msgpackage.o(.text)
    Msg_UploadUnit                           0x0800bd41   Thumb Code    62  msgpackage.o(.text)
    Msg_Upload                               0x0800bd7f   Thumb Code    58  msgpackage.o(.text)
    Msg_Send                                 0x0800bdb9   Thumb Code    68  msgpackage.o(.text)
    Set_Sign433_StartSendFrame_Attr          0x0800be09   Thumb Code    70  sign433attr.o(.text)
    Get_Sign433_MasterAddr                   0x0800be4f   Thumb Code     6  sign433attr.o(.text)
    Get_Sign433_TestPackNum                  0x0800be55   Thumb Code     6  sign433attr.o(.text)
    Get_Sign433_StartSendFrame_Attr          0x0800be5b   Thumb Code    46  sign433attr.o(.text)
    Set_Sign433_StartRecFrame_Attr           0x0800be89   Thumb Code   100  sign433attr.o(.text)
    Get_Sign433_StartRecFrame_Attr           0x0800beed   Thumb Code    46  sign433attr.o(.text)
    Set_Sign433_RecFrameStream_Attr          0x0800bf1b   Thumb Code    66  sign433attr.o(.text)
    Get_DeviceThreshold_Attr                 0x0800bf5d   Thumb Code    22  sign433attr.o(.text)
    Set_Sign433_TestState_Attr               0x0800bf73   Thumb Code    20  sign433attr.o(.text)
    Get_Sign433_TestState_Attr               0x0800bf87   Thumb Code    16  sign433attr.o(.text)
    Sys_UnitAttrNum                          0x0800bfb1   Thumb Code     4  sysexeattr.o(.text)
    Upload_RESTART                           0x0800bfb5   Thumb Code    10  sysexeattr.o(.text)
    SysAttr_Init                             0x0800bfbf   Thumb Code    58  sysexeattr.o(.text)
    Get_Version_Attr                         0x0800bff9   Thumb Code   140  sysexeattr.o(.text)
    Get_DeviceType_Attr                      0x0800c085   Thumb Code    84  sysexeattr.o(.text)
    Set_UserID_Attr                          0x0800c0d9   Thumb Code    44  sysexeattr.o(.text)
    Get_UserID_Attr                          0x0800c105   Thumb Code    18  sysexeattr.o(.text)
    Set_DeviceChannelFlag_Attr               0x0800c117   Thumb Code    30  sysexeattr.o(.text)
    Get_DeviceChannelFlag_Attr               0x0800c135   Thumb Code    22  sysexeattr.o(.text)
    Get_DeviceAddr_Attr                      0x0800c14b   Thumb Code    18  sysexeattr.o(.text)
    Set_CmdAckNum_Attr                       0x0800c15d   Thumb Code    44  sysexeattr.o(.text)
    Get_CmdAckNum_Attr                       0x0800c189   Thumb Code    16  sysexeattr.o(.text)
    Set_RepeatBandAddr_Attr                  0x0800c199   Thumb Code   138  sysexeattr.o(.text)
    Get_RepeatBandAddr_Attr                  0x0800c223   Thumb Code   138  sysexeattr.o(.text)
    Set_RepeatBroadcast_Attr                 0x0800c2ad   Thumb Code    38  sysexeattr.o(.text)
    Get_RepeatBroadcast_Attr                 0x0800c2d3   Thumb Code    24  sysexeattr.o(.text)
    Set_UnitArea_Attr                        0x0800c2eb   Thumb Code   126  sysexeattr.o(.text)
    Get_UnitArea_Attr                        0x0800c369   Thumb Code   122  sysexeattr.o(.text)
    Set_UnitType_Attr                        0x0800c3e3   Thumb Code   134  sysexeattr.o(.text)
    Get_UnitType_Attr                        0x0800c469   Thumb Code   112  sysexeattr.o(.text)
    Set_CommonType_Attr                      0x0800c4d9   Thumb Code   134  sysexeattr.o(.text)
    Get_CommonType_Attr                      0x0800c55f   Thumb Code   112  sysexeattr.o(.text)
    Set_UploadAble_Attr                      0x0800c5cf   Thumb Code   164  sysexeattr.o(.text)
    Get_UploadAble_Attr                      0x0800c673   Thumb Code   144  sysexeattr.o(.text)
    Set_UnitAble_Attr                        0x0800c703   Thumb Code   134  sysexeattr.o(.text)
    Get_UnitAble_Attr                        0x0800c789   Thumb Code   118  sysexeattr.o(.text)
    Get_Eeprom_Info_Attr                     0x0800c7ff   Thumb Code    82  sysexeattr.o(.text)
    Set_FaultFlag_Attr                       0x0800c851   Thumb Code    36  sysexeattr.o(.text)
    Get_FaultFlag_Attr                       0x0800c875   Thumb Code    20  sysexeattr.o(.text)
    Set_UserDataFormat_Attr                  0x0800c889   Thumb Code    94  sysexeattr.o(.text)
    Set_DelayUpload_Attr                     0x0800c8e7   Thumb Code    52  sysexeattr.o(.text)
    Set_Link_Attr                            0x0800c91b   Thumb Code    98  sysexeattr.o(.text)
    Get_Link_Attr                            0x0800c97d   Thumb Code    68  sysexeattr.o(.text)
    Set_Link_Time_Attr                       0x0800c9c1   Thumb Code    98  sysexeattr.o(.text)
    Set_DelLinkForUnit_Attr                  0x0800ca23   Thumb Code    40  sysexeattr.o(.text)
    Get_DeveiceSysClockFeature_Attr          0x0800ca4b   Thumb Code    50  sysexeattr.o(.text)
    Thread_Init                              0x0800ca85   Thumb Code     8  thread.o(.text)
    Thread_Wake                              0x0800cab5   Thumb Code   132  thread.o(.text)
    Thread_Login                             0x0800cb39   Thumb Code   228  thread.o(.text)
    Thread_Logout                            0x0800cc1d   Thumb Code    94  thread.o(.text)
    Thread_Hang                              0x0800cc7b   Thumb Code   108  thread.o(.text)
    Thread_Process                           0x0800cce7   Thumb Code   106  thread.o(.text)
    Thread_RunCheck                          0x0800cd51   Thumb Code    44  thread.o(.text)
    Thread_Query                             0x0800cd7d   Thumb Code    48  thread.o(.text)
    Set_ManyUnit_Attr                        0x0800cdb1   Thumb Code   102  unitshare_attr.o(.text)
    Set_ManyUnitEx_Attr                      0x0800ce17   Thumb Code    94  unitshare_attr.o(.text)
    Get_ManyUnit_Attr                        0x0800ce75   Thumb Code   322  unitshare_attr.o(.text)
    Set_UnitChecking_Attr                    0x0800cfb7   Thumb Code   126  unitshare_attr.o(.text)
    Get_SingleUnit_AttrLen                   0x0800d035   Thumb Code   110  unitshare_attr.o(.text)
    UpgradePreStage                          0x0800d107   Thumb Code   184  updata.o(.text)
    Updata_PackProcess                       0x0800d1bf   Thumb Code   118  updata.o(.text)
    Updata_PackCheck                         0x0800d235   Thumb Code    78  updata.o(.text)
    Updata_Calibrate                         0x0800d283   Thumb Code    32  updata.o(.text)
    Updata_Flag                              0x0800d2a3   Thumb Code    84  updata.o(.text)
    Updata_Channel                           0x0800d2f7   Thumb Code   114  updata.o(.text)
    Channel_Get                              0x0800d369   Thumb Code    60  updata.o(.text)
    Upload_Fault                             0x0800d47f   Thumb Code    50  upload.o(.text)
    Upload_Check                             0x0800d4b1   Thumb Code   170  upload.o(.text)
    Upload                                   0x0800d55b   Thumb Code   152  upload.o(.text)
    Upload_Immediately                       0x0800d5f3   Thumb Code    80  upload.o(.text)
    SysTickUpload                            0x0800d643   Thumb Code    64  upload.o(.text)
    SceneEEPROM_Init                         0x0800d6a5   Thumb Code    42  userdata.o(.text)
    GroupEEPROMUnit_Init                     0x0800d6cf   Thumb Code    54  userdata.o(.text)
    GroupEEPROM_Init                         0x0800d705   Thumb Code    26  userdata.o(.text)
    UnitPrivateEEPROMUnitData_Init           0x0800d71f   Thumb Code    36  userdata.o(.text)
    UnitPrivateEEPROMData_Init               0x0800d743   Thumb Code    26  userdata.o(.text)
    UnitPublicEEPROMUnitData_Init            0x0800d75d   Thumb Code   102  userdata.o(.text)
    UnitPublicEEPROMData_Init                0x0800d7c3   Thumb Code    26  userdata.o(.text)
    SysEEPROMData_Init                       0x0800d7dd   Thumb Code    58  userdata.o(.text)
    UserEEPROMData_Init                      0x0800d817   Thumb Code    54  userdata.o(.text)
    FaultData_Init                           0x0800d84d   Thumb Code    14  userdata.o(.text)
    UserData_Init                            0x0800d85b   Thumb Code    92  userdata.o(.text)
    FaultData_Save                           0x0800d8b7   Thumb Code    32  userdata.o(.text)
    FaultData_Get                            0x0800d8d7   Thumb Code    22  userdata.o(.text)
    SysEEPROMData_Set                        0x0800d8ed   Thumb Code    24  userdata.o(.text)
    UnitPublicEEPROMData_Get                 0x0800d905   Thumb Code    40  userdata.o(.text)
    UnitPublicEEPROMData_Set                 0x0800d92d   Thumb Code    48  userdata.o(.text)
    SetDeviceChannelFlag                     0x0800d95d   Thumb Code   116  userdata.o(.text)
    GetDeviceChannelFlag                     0x0800d9d1   Thumb Code    82  userdata.o(.text)
    GroupEEPROM_Clr                          0x0800da23   Thumb Code   408  userdata.o(.text)
    GroupEEPROM_Set                          0x0800dbbb   Thumb Code   294  userdata.o(.text)
    GroupEEPROM_Get                          0x0800dce1   Thumb Code   158  userdata.o(.text)
    SceneData_Init                           0x0800dd7f   Thumb Code    36  userdata.o(.text)
    SceneEEPROMUnit_Init                     0x0800dda3   Thumb Code   240  userdata.o(.text)
    SceneEEPROM_Clr                          0x0800e177   Thumb Code   370  userdata.o(.text)
    SceneEEPROM_Set                          0x0800e411   Thumb Code   268  userdata.o(.text)
    SceneEEPROM_SetEx                        0x0800e577   Thumb Code   514  userdata.o(.text)
    SceneEEPROM_GetEx                        0x0800e7ff   Thumb Code   124  userdata.o(.text)
    SceneEEPROM_Get                          0x0800e87b   Thumb Code    66  userdata.o(.text)
    EEPROM_Write                             0x0800e8bd   Thumb Code    46  userdata.o(.text)
    EEPROM_Read                              0x0800e8eb   Thumb Code    46  userdata.o(.text)
    EncryptData                              0x0800ebfb   Thumb Code    80  dataencrypt.o(.text)
    DecryptData                              0x0800ec4b   Thumb Code    86  dataencrypt.o(.text)
    EncryptInit                              0x0800eca1   Thumb Code    32  dataencrypt.o(.text)
    DevPivotalSetInit                        0x0800ecd9   Thumb Code   156  devparttab.o(.text)
    GetDevPivotalSet                         0x0800ed75   Thumb Code     6  devparttab.o(.text)
    ChkCrcValue                              0x0800ed89   Thumb Code    52  crc.o(.text)
    ChkCrcValueEx                            0x0800edbd   Thumb Code    56  crc.o(.text)
    ReadDataFromEEPROM                       0x0800edf9   Thumb Code   120  eeprom.o(.text)
    WriteDataToEEPROM                        0x0800ee71   Thumb Code   120  eeprom.o(.text)
    WriteDataToEEPROMEx                      0x0800eee9   Thumb Code   118  eeprom.o(.text)
    Set_IAPReady_Attr                        0x0800efbf   Thumb Code    42  flashattr.o(.text)
    Get_IAPReady_Attr                        0x0800f0b9   Thumb Code    52  flashattr.o(.text)
    Set_IAPPackSave_Attr                     0x0800f0ed   Thumb Code    56  flashattr.o(.text)
    Set_433Channel_Attr                      0x0800f125   Thumb Code    70  flashattr.o(.text)
    Get_433Channel_Attr                      0x0800f16b   Thumb Code    20  flashattr.o(.text)
    PropFifoInit                             0x0800f191   Thumb Code    14  linkscanfifo.o(.text)
    PropChangeScanAndExe                     0x0800f19f   Thumb Code    46  linkscanfifo.o(.text)
    PropEventFifo                            0x0800f1cd   Thumb Code    86  linkscanfifo.o(.text)
    LinkInit                                 0x0800f231   Thumb Code     8  linksrc.o(.text)
    LinkClr                                  0x0800f239   Thumb Code     8  linksrc.o(.text)
    CmpSampAndLinkValue                      0x0800f241   Thumb Code   130  linksrc.o(.text)
    GetConditionReverse                      0x0800f2c3   Thumb Code    56  linksrc.o(.text)
    GetConditionOffset                       0x0800f2fb   Thumb Code    78  linksrc.o(.text)
    LinkSrcExe                               0x0800f349   Thumb Code   436  linksrc.o(.text)
    CheckLinkFull                            0x0800f501   Thumb Code    18  linkwrdc.o(.text)
    QueryLink                                0x0800f513   Thumb Code    22  linkwrdc.o(.text)
    QueryAllLinkFromTable                    0x0800f529   Thumb Code    64  linkwrdc.o(.text)
    ReadLinkFromTable                        0x0800f569   Thumb Code    34  linkwrdc.o(.text)
    WriteLinkToTable                         0x0800f58b   Thumb Code    62  linkwrdc.o(.text)
    DelAllLinkFromTable                      0x0800f5c9   Thumb Code    46  linkwrdc.o(.text)
    DelLinkFromTable                         0x0800f5f7   Thumb Code    30  linkwrdc.o(.text)
    ChkLinkIsExist                           0x0800f615   Thumb Code    26  linkwrdc.o(.text)
    GetLinkNum                               0x0800f62f   Thumb Code    22  linkwrdc.o(.text)
    WriteLinkItem                            0x0800f645   Thumb Code   118  linkwrdc.o(.text)
    ModifyLinkItem                           0x0800f6bb   Thumb Code    76  linkwrdc.o(.text)
    ReadLinkItem                             0x0800f707   Thumb Code   108  linkwrdc.o(.text)
    QueryLinkItem                            0x0800f773   Thumb Code    56  linkwrdc.o(.text)
    DelLinkItem                              0x0800f7ab   Thumb Code    68  linkwrdc.o(.text)
    WriteLinkItemEx                          0x0800f7ef   Thumb Code   180  linkwrdc.o(.text)
    ModifyLinkItemEx                         0x0800f8a3   Thumb Code   138  linkwrdc.o(.text)
    DelLinkForUnit                           0x0800f92d   Thumb Code   140  linkwrdc.o(.text)
    DelLinkForPropIDandVal                   0x0800f9b9   Thumb Code    84  linkwrdc.o(.text)
    Check_Area                               0x0800fa11   Thumb Code   112  object.o(.text)
    Check_AreaEx                             0x0800fa81   Thumb Code    40  object.o(.text)
    Check_BandAddr                           0x0800faa9   Thumb Code   116  object.o(.text)
    Object_Check                             0x0800fbd7   Thumb Code  1350  object.o(.text)
    ShortObject_Check                        0x08010147   Thumb Code    90  object.o(.text)
    Set_Scene_Attr                           0x080101ad   Thumb Code   296  scene&group.o(.text)
    Get_Scene_Attr                           0x080102d5   Thumb Code   110  scene&group.o(.text)
    Set_Group_Attr                           0x08010343   Thumb Code   240  scene&group.o(.text)
    Get_Group_Attr                           0x08010433   Thumb Code    94  scene&group.o(.text)
    Sign433_SendTestFrame                    0x08010491   Thumb Code    78  sign433.o(.text)
    Sign433_SendTestFrameStream              0x080104df   Thumb Code    28  sign433.o(.text)
    ClearRecTestStatus                       0x080104fb   Thumb Code    10  sign433.o(.text)
    Sign433_SendTestReport                   0x08010505   Thumb Code    54  sign433.o(.text)
    SI4432Test_Fail                          0x08010545   Thumb Code    16  systestattr.o(.text)
    SI4432Test_Attr                          0x08010555   Thumb Code    68  systestattr.o(.text)
    UserDataDownload_Init                    0x080105a9   Thumb Code    20  userdatadownload.o(.text)
    UserDataDownload_Ready                   0x080105bd   Thumb Code   184  userdatadownload.o(.text)
    UserDataFrame_Save                       0x08010675   Thumb Code   134  userdatadownload.o(.text)
    UserDataFrame_Check                      0x080106fb   Thumb Code    78  userdatadownload.o(.text)
    DlyMsgFilterProcess                      0x080108fd   Thumb Code    50  dlyattrprocess.o(.text)
    CreateBufferNode                         0x08010c37   Thumb Code   214  dlyattrprocess.o(.text)
    DeleteDlyAssMsg                          0x08010d0d   Thumb Code    30  dlyattrprocess.o(.text)
    TransformTimePara                        0x08010d3d   Thumb Code   198  timehandle.o(.text)
    CheckTimeParaIsZero                      0x08010e85   Thumb Code    18  timehandle.o(.text)
    CheckAllTimeParaIsOK                     0x08010ed5   Thumb Code    40  timehandle.o(.text)
    Get_ResetAddr_Attr                       0x08010efd   Thumb Code   100  deviceidsetattr.o(.text)
    Set_ResetAddr_Attr                       0x08010f61   Thumb Code   240  deviceidsetattr.o(.text)
    AllALinkTimeClr                          0x08011069   Thumb Code    42  linksimplesttime.o(.text)
    ALinkTimeInit                            0x08011093   Thumb Code    42  linksimplesttime.o(.text)
    QueryALinkTime                           0x080110bd   Thumb Code    50  linksimplesttime.o(.text)
    DelALinkTime                             0x080110ef   Thumb Code   234  linksimplesttime.o(.text)
    WriteALinkTime                           0x080111d9   Thumb Code   134  linksimplesttime.o(.text)
    ReadALinkTime                            0x0801125f   Thumb Code    34  linksimplesttime.o(.text)
    AddALinkTimeCmdX1                        0x08011281   Thumb Code    74  linksimplesttime.o(.text)
    WriteALinkTimeToTable                    0x080112cb   Thumb Code    42  linksimplesttime.o(.text)
    DelALinkTimeFromTable                    0x080112f5   Thumb Code    12  linksimplesttime.o(.text)
    ALinkClr                                 0x08011309   Thumb Code    62  linksimplest.o(.text)
    ALinkInit                                0x08011347   Thumb Code    62  linksimplest.o(.text)
    ChkALinkIsExist                          0x08011385   Thumb Code    90  linksimplest.o(.text)
    GetALinkNum                              0x080113df   Thumb Code    80  linksimplest.o(.text)
    QueryALink                               0x0801142f   Thumb Code    50  linksimplest.o(.text)
    CheckALinkFull                           0x08011461   Thumb Code    18  linksimplest.o(.text)
    ReadALink                                0x08011473   Thumb Code    50  linksimplest.o(.text)
    WriteALink                               0x080114a5   Thumb Code   148  linksimplest.o(.text)
    DelALink                                 0x08011539   Thumb Code   234  linksimplest.o(.text)
    srand                                    0x0801162d   Thumb Code    42  rand.o(.text)
    _rand_init                               0x08011657   Thumb Code     4  rand.o(.text)
    __aeabi_memcpy                           0x08011669   Thumb Code     0  rt_memcpy_v6.o(.text)
    __rt_memcpy                              0x08011669   Thumb Code   138  rt_memcpy_v6.o(.text)
    _memcpy_lastbytes                        0x080116cf   Thumb Code     0  rt_memcpy_v6.o(.text)
    __aeabi_memclr4                          0x080116f3   Thumb Code     0  rt_memclr_w.o(.text)
    __aeabi_memclr8                          0x080116f3   Thumb Code     0  rt_memclr_w.o(.text)
    __rt_memclr_w                            0x080116f3   Thumb Code    78  rt_memclr_w.o(.text)
    _memset_w                                0x080116f7   Thumb Code     0  rt_memclr_w.o(.text)
    __use_two_region_memory                  0x08011741   Thumb Code     2  heapauxi.o(.text)
    __rt_heap_escrow$2region                 0x08011743   Thumb Code     2  heapauxi.o(.text)
    __rt_heap_expand$2region                 0x08011745   Thumb Code     2  heapauxi.o(.text)
    __aeabi_memcpy4                          0x08011747   Thumb Code     0  rt_memcpy_w.o(.text)
    __aeabi_memcpy8                          0x08011747   Thumb Code     0  rt_memcpy_w.o(.text)
    __rt_memcpy_w                            0x08011747   Thumb Code   100  rt_memcpy_w.o(.text)
    _memcpy_lastbytes_aligned                0x0801178f   Thumb Code     0  rt_memcpy_w.o(.text)
    __user_setup_stackheap                   0x080117ab   Thumb Code    74  sys_stackheap_outer.o(.text)
    exit                                     0x080117f5   Thumb Code    18  exit.o(.text)
    __user_libspace                          0x08011809   Thumb Code     8  libspace.o(.text)
    __user_perproc_libspace                  0x08011809   Thumb Code     0  libspace.o(.text)
    __user_perthread_libspace                0x08011809   Thumb Code     0  libspace.o(.text)
    __I$use$semihosting                      0x08011811   Thumb Code     0  use_no_semi.o(.text)
    __use_no_semihosting_swi                 0x08011811   Thumb Code     2  use_no_semi.o(.text)
    __semihosting_library_function           0x08011813   Thumb Code     0  indicate_semi.o(.text)
    _sys_exit                                0x08011815   Thumb Code     8  sys_exit.o(.text)
    Check_PositionRange                      0x08011821   Thumb Code    22  userdata.o(i.Check_PositionRange)
    DecryptionFlash                          0x08011839   Thumb Code    54  scene&group.o(i.DecryptionFlash)
    __aeabi_dadd                             0x0801187d   Thumb Code     0  daddsub_clz.o(x$fpl$dadd)
    _dadd                                    0x0801187d   Thumb Code   332  daddsub_clz.o(x$fpl$dadd)
    __aeabi_d2uiz                            0x080119cd   Thumb Code     0  dfixu.o(x$fpl$dfixu)
    _dfixu                                   0x080119cd   Thumb Code    90  dfixu.o(x$fpl$dfixu)
    __aeabi_i2d                              0x08011a27   Thumb Code     0  dflt_clz.o(x$fpl$dflt)
    _dflt                                    0x08011a27   Thumb Code    46  dflt_clz.o(x$fpl$dflt)
    __aeabi_ui2d                             0x08011a55   Thumb Code     0  dflt_clz.o(x$fpl$dfltu)
    _dfltu                                   0x08011a55   Thumb Code    38  dflt_clz.o(x$fpl$dfltu)
    __aeabi_dmul                             0x08011a7d   Thumb Code     0  dmul.o(x$fpl$dmul)
    _dmul                                    0x08011a7d   Thumb Code   332  dmul.o(x$fpl$dmul)
    __fpl_dnaninf                            0x08011bd1   Thumb Code   156  dnaninf.o(x$fpl$dnaninf)
    __fpl_dretinf                            0x08011c6d   Thumb Code    12  dretinf.o(x$fpl$dretinf)
    __aeabi_dsub                             0x08011c79   Thumb Code     0  daddsub_clz.o(x$fpl$dsub)
    _dsub                                    0x08011c79   Thumb Code   464  daddsub_clz.o(x$fpl$dsub)
    __I$use$fp                               0x08011e4c   Number         0  usenofp.o(x$fpl$usenofp)
    Si4432Cfg_Tab                            0x08011e54   Data          21  si4432.o(.constdata)
    Uart_OK_Output                           0x08011e72   Data           9  test.o(.constdata)
    UnitTab                                  0x08011e7c   Data          40  unitcfg.o(.constdata)
    CRC16Table                               0x08011ea4   Data         512  crc16.o(.constdata)
    DisSegTap                                0x080120a4   Data          20  ht1621.o(.constdata)
    DisSegTap2                               0x080120b8   Data          10  ht1621.o(.constdata)
    DisModeTap                               0x080120da   Data           5  lcd_show.o(.constdata)
    DisWindTap                               0x080120df   Data           4  lcd_show.o(.constdata)
    RT_Temb_Tab                              0x080120e4   Data         140  aircondition.o(.constdata)
    AirAttrTab                               0x08012170   Data         500  airattr.o(.constdata)
    HeadCMD                                  0x08012364   Data           6  command.o(.constdata)
    TailCMD                                  0x0801236a   Data           6  command.o(.constdata)
    SysAttrTable                             0x08012370   Data         800  sysexeattr.o(.constdata)
    ShiftBit                                 0x08012690   Data           4  dataencrypt.o(.constdata)
    DerictShift                              0x08012694   Data           4  dataencrypt.o(.constdata)
    EncodeX                                  0x08012698   Data           4  dataencrypt.o(.constdata)
    EncodeY                                  0x0801269c   Data           4  dataencrypt.o(.constdata)
    DevPivotalSet                            0x080126a0   Data          72  devparttab.o(.constdata)
    CRCTable                                 0x080126e8   Data         512  crc.o(.constdata)
    Region$$Table$$Base                      0x080128e8   Number         0  anon$$obj.o(Region$$Table)
    Region$$Table$$Limit                     0x08012908   Number         0  anon$$obj.o(Region$$Table)
    AHBPrescTable                            0x20000000   Data          16  system_stm32f10x.o(.data)
    TestRecFlag                              0x20000017   Data           1  si4432.o(.data)
    Test                                     0x20000034   Data           4  test.o(.data)
    check_flag                               0x20000038   Data           1  test.o(.data)
    recv_cnt                                 0x2000003c   Data           1  usart.o(.data)
    Recv_time                                0x20000040   Data           4  usart.o(.data)
    Device_type                              0x20000048   Data           1  polling.o(.data)
    Send_Protocol_Cnt                        0x20000049   Data           5  polling.o(.data)
    Air_Indoor_Addr                          0x2000004e   Data           1  polling.o(.data)
    list_order                               0x2000004f   Data           1  polling.o(.data)
    Send_Data_Flag                           0x20000050   Data           1  polling.o(.data)
    gAirStatus_bak                           0x20000052   Data           7  polling.o(.data)
    Recv_Finish_Flag                         0x20000059   Data           1  polling.o(.data)
    UPST                                     0x2000005c   Data           4  polling.o(.data)
    Gateway_UPST                             0x20000060   Data           4  polling.o(.data)
    Recv_Data_UPST                           0x20000064   Data           4  polling.o(.data)
    Send_Data_UPST                           0x20000068   Data           4  polling.o(.data)
    Uart_Send_Data_UPST                      0x2000006c   Data           4  polling.o(.data)
    GW_Recv_Data_UPST                        0x20000070   Data           4  polling.o(.data)
    Send_Data_Flag_UPST                      0x20000074   Data           4  polling.o(.data)
    gBindObject                              0x2000007d   Data           2  devicerelate.o(.data)
    EEprom_Save_UPST                         0x20000080   Data           4  keyunit.o(.data)
    gAirStatus                               0x20000086   Data           7  airunit.o(.data)
    ADCValue                                 0x20000090   Data           4  aircondition.o(.data)
    gAirCondition                            0x20000094   Data           4  aircondition.o(.data)
    UPDATA_LEVEL                             0x200000a8   Data           1  updata.o(.data)
    UpgradeAim                               0x200000a9   Data           1  updata.o(.data)
    UpgradePre                               0x200000ac   Data         264  updata.o(.data)
    DelayID                                  0x200001cc   Data           4  object.o(.data)
    Sign433_State                            0x200001d1   Data           1  sign433.o(.data)
    TestRecRSSI                              0x200001dc   Data         100  si4432.o(.bss)
    gUnitData                                0x20000240   Data          20  unitcfg.o(.bss)
    air_config                               0x20000254   Data         994  polling.o(.bss)
    send_data_cmd                            0x20000636   Data          95  polling.o(.bss)
    Send_Protocol_Data                       0x20000695   Data         400  polling.o(.bss)
    Send_Communication_Data                  0x20000825   Data         100  polling.o(.bss)
    Recv_Communication_Data                  0x20000889   Data         100  polling.o(.bss)
    gAirConfigPara                           0x200008ed   Data          24  polling.o(.bss)
    gDeviceRelate                            0x20000905   Data          10  devicerelate.o(.bss)
    RT_Tab                                   0x2000091a   Data         140  aircondition.o(.bss)
    rcv433fifo                               0x200009a8   Data          16  cmdprocess.o(.bss)
    send433fifo                              0x200009b8   Data          16  cmdprocess.o(.bss)
    rcvBuf                                   0x200009c8   Data        1024  cmdprocess.o(.bss)
    rcv_433                                  0x200011c8   Data         272  cmdprocess.o(.bss)
    send_433                                 0x200012d8   Data         272  cmdprocess.o(.bss)
    rcv433_shortfifo                         0x200013e8   Data          16  cmdprocess.o(.bss)
    send433_shortfifo                        0x200013f8   Data          16  cmdprocess.o(.bss)
    rcvshortBuf                              0x20001408   Data         128  cmdprocess.o(.bss)
    rcv_433short                             0x20001508   Data         272  cmdprocess.o(.bss)
    send_433short                            0x20001618   Data         272  cmdprocess.o(.bss)
    IAP_FLAG                                 0x2000186c   Data          16  updata.o(.bss)
    bootflag                                 0x2000187c   Data          12  updata.o(.bss)
    RADIO_PARA                               0x20001888   Data          16  updata.o(.bss)
    gSysData                                 0x200019b8   Data          31  userdata.o(.bss)
    propfifo                                 0x20001d00   Data          16  linkscanfifo.o(.bss)
    propbuf                                  0x20001d10   Data         128  linkscanfifo.o(.bss)
    gSign433Comm                             0x20001ed0   Data          12  sign433.o(.bss)
    UserDownload                             0x20001edc   Data         140  userdatadownload.o(.bss)
    ALinkTime                                0x20002369   Data         351  linksimplesttime.o(.bss)
    ALink                                    0x200024c8   Data        1651  linksimplest.o(.bss)
    _random_number_data                      0x20002b3c   Data         228  rand.o(.bss)
    __libspace_start                         0x20002c20   Data          96  libspace.o(.bss)
    __temporary_stack_top$libspace           0x20002c80   Data           0  libspace.o(.bss)



==============================================================================

Memory Map of the image

  Image Entry point : 0x080064ed

  Load Region LR_IROM1 (Base: 0x08006400, Size: 0x0000c6e4, Max: 0x00020000, ABSOLUTE, COMPRESSED[0x0000c538])

    Execution Region ER_IROM1 (Base: 0x08006400, Size: 0x0000c508, Max: 0x00020000, ABSOLUTE)

    Base Addr    Size         Type   Attr      Idx    E Section Name        Object

    0x08006400   0x000000ec   Data   RO           43    RESET               startup_stm32f10x_md.o
    0x080064ec   0x00000008   Code   RO         1487  * !!!main             c_w.l(__main.o)
    0x080064f4   0x00000034   Code   RO         1671    !!!scatter          c_w.l(__scatter.o)
    0x08006528   0x0000003a   Code   RO         1669    !!dczerorl          c_w.l(__dczerorl.o)
    0x08006562   0x00000002   PAD
    0x08006564   0x0000001c   Code   RO         1673    !!handler_zi        c_w.l(__scatter_zi.o)
    0x08006580   0x00000002   Code   RO         1592    .ARM.Collect$$libinit$$00000000  c_w.l(libinit.o)
    0x08006582   0x00000000   Code   RO         1511    .ARM.Collect$$libinit$$00000002  c_w.l(libinit2.o)
    0x08006582   0x00000000   Code   RO         1513    .ARM.Collect$$libinit$$00000004  c_w.l(libinit2.o)
    0x08006582   0x00000000   Code   RO         1516    .ARM.Collect$$libinit$$0000000A  c_w.l(libinit2.o)
    0x08006582   0x00000000   Code   RO         1518    .ARM.Collect$$libinit$$0000000C  c_w.l(libinit2.o)
    0x08006582   0x00000004   Code   RO         1519    .ARM.Collect$$libinit$$0000000D  c_w.l(libinit2.o)
    0x08006586   0x00000000   Code   RO         1520    .ARM.Collect$$libinit$$0000000E  c_w.l(libinit2.o)
    0x08006586   0x00000000   Code   RO         1523    .ARM.Collect$$libinit$$00000011  c_w.l(libinit2.o)
    0x08006586   0x00000000   Code   RO         1525    .ARM.Collect$$libinit$$00000013  c_w.l(libinit2.o)
    0x08006586   0x00000000   Code   RO         1527    .ARM.Collect$$libinit$$00000015  c_w.l(libinit2.o)
    0x08006586   0x00000000   Code   RO         1529    .ARM.Collect$$libinit$$00000017  c_w.l(libinit2.o)
    0x08006586   0x00000000   Code   RO         1531    .ARM.Collect$$libinit$$00000019  c_w.l(libinit2.o)
    0x08006586   0x00000000   Code   RO         1533    .ARM.Collect$$libinit$$0000001B  c_w.l(libinit2.o)
    0x08006586   0x00000000   Code   RO         1535    .ARM.Collect$$libinit$$0000001D  c_w.l(libinit2.o)
    0x08006586   0x00000000   Code   RO         1537    .ARM.Collect$$libinit$$0000001F  c_w.l(libinit2.o)
    0x08006586   0x00000000   Code   RO         1539    .ARM.Collect$$libinit$$00000021  c_w.l(libinit2.o)
    0x08006586   0x00000000   Code   RO         1541    .ARM.Collect$$libinit$$00000023  c_w.l(libinit2.o)
    0x08006586   0x00000000   Code   RO         1543    .ARM.Collect$$libinit$$00000025  c_w.l(libinit2.o)
    0x08006586   0x00000000   Code   RO         1547    .ARM.Collect$$libinit$$0000002C  c_w.l(libinit2.o)
    0x08006586   0x00000000   Code   RO         1549    .ARM.Collect$$libinit$$0000002E  c_w.l(libinit2.o)
    0x08006586   0x00000000   Code   RO         1551    .ARM.Collect$$libinit$$00000030  c_w.l(libinit2.o)
    0x08006586   0x00000000   Code   RO         1553    .ARM.Collect$$libinit$$00000032  c_w.l(libinit2.o)
    0x08006586   0x00000002   Code   RO         1554    .ARM.Collect$$libinit$$00000033  c_w.l(libinit2.o)
    0x08006588   0x00000002   Code   RO         1630    .ARM.Collect$$libshutdown$$00000000  c_w.l(libshutdown.o)
    0x0800658a   0x00000000   Code   RO         1636    .ARM.Collect$$libshutdown$$00000002  c_w.l(libshutdown2.o)
    0x0800658a   0x00000000   Code   RO         1638    .ARM.Collect$$libshutdown$$00000004  c_w.l(libshutdown2.o)
    0x0800658a   0x00000000   Code   RO         1641    .ARM.Collect$$libshutdown$$00000007  c_w.l(libshutdown2.o)
    0x0800658a   0x00000000   Code   RO         1644    .ARM.Collect$$libshutdown$$0000000A  c_w.l(libshutdown2.o)
    0x0800658a   0x00000000   Code   RO         1646    .ARM.Collect$$libshutdown$$0000000C  c_w.l(libshutdown2.o)
    0x0800658a   0x00000000   Code   RO         1649    .ARM.Collect$$libshutdown$$0000000F  c_w.l(libshutdown2.o)
    0x0800658a   0x00000002   Code   RO         1650    .ARM.Collect$$libshutdown$$00000010  c_w.l(libshutdown2.o)
    0x0800658c   0x00000000   Code   RO         1507    .ARM.Collect$$rtentry$$00000000  c_w.l(__rtentry.o)
    0x0800658c   0x00000000   Code   RO         1561    .ARM.Collect$$rtentry$$00000002  c_w.l(__rtentry2.o)
    0x0800658c   0x00000006   Code   RO         1573    .ARM.Collect$$rtentry$$00000004  c_w.l(__rtentry4.o)
    0x08006592   0x00000000   Code   RO         1563    .ARM.Collect$$rtentry$$00000009  c_w.l(__rtentry2.o)
    0x08006592   0x00000004   Code   RO         1564    .ARM.Collect$$rtentry$$0000000A  c_w.l(__rtentry2.o)
    0x08006596   0x00000000   Code   RO         1566    .ARM.Collect$$rtentry$$0000000C  c_w.l(__rtentry2.o)
    0x08006596   0x00000008   Code   RO         1567    .ARM.Collect$$rtentry$$0000000D  c_w.l(__rtentry2.o)
    0x0800659e   0x00000002   Code   RO         1598    .ARM.Collect$$rtexit$$00000000  c_w.l(rtexit.o)
    0x080065a0   0x00000000   Code   RO         1610    .ARM.Collect$$rtexit$$00000002  c_w.l(rtexit2.o)
    0x080065a0   0x00000004   Code   RO         1611    .ARM.Collect$$rtexit$$00000003  c_w.l(rtexit2.o)
    0x080065a4   0x00000006   Code   RO         1612    .ARM.Collect$$rtexit$$00000004  c_w.l(rtexit2.o)
    0x080065aa   0x00000002   PAD
    0x080065ac   0x0000001c   Code   RO          254    .emb_text           sys.o
    0x080065c8   0x00000034   Code   RO         1476    .emb_text           c_w.l(rand.o)
    0x080065fc   0x00000290   Code   RO            1    .text               system_stm32f10x.o
    0x0800688c   0x0000003c   Code   RO           44    .text               startup_stm32f10x_md.o
    0x080068c8   0x00000084   Code   RO           49    .text               devicereset.o
    0x0800694c   0x000001f4   Code   RO           95    .text               flash.o
    0x08006b40   0x000000a4   Code   RO          111    .text               gpio.o
    0x08006be4   0x0000039e   Code   RO          123    .text               i2c.o
    0x08006f82   0x00000006   Code   RO          138    .text               instruct.o
    0x08006f88   0x00000220   Code   RO          153    .text               program.o
    0x080071a8   0x0000096c   Code   RO          179    .text               si4432.o
    0x08007b14   0x00000138   Code   RO          239    .text               spi.o
    0x08007c4c   0x00000144   Code   RO          255    .text               sys.o
    0x08007d90   0x00000108   Code   RO          270    .text               syshard.o
    0x08007e98   0x00000084   Code   RO          285    .text               systick.o
    0x08007f1c   0x000000bc   Code   RO          299    .text               test.o
    0x08007fd8   0x000002f8   Code   RO          337    .text               usart.o
    0x080082d0   0x00000074   Code   RO          363    .text               wdg.o
    0x08008344   0x00000054   Code   RO          375    .text               main.o
    0x08008398   0x00000040   Code   RO          394    .text               unitcfg.o
    0x080083d8   0x0000005c   Code   RO          453    .text               crc16.o
    0x08008434   0x0000026c   Code   RO          471    .text               ht1621.o
    0x080086a0   0x0000010c   Code   RO          489    .text               keyport.o
    0x080087ac   0x00000058   Code   RO          510    .text               backlight.o
    0x08008804   0x00000260   Code   RO          525    .text               lcd_show.o
    0x08008a64   0x00000154   Code   RO          552    .text               adc.o
    0x08008bb8   0x000015f0   Code   RO          570    .text               polling.o
    0x0800a1a8   0x00000218   Code   RO          603    .text               devicerelate.o
    0x0800a3c0   0x0000018c   Code   RO          622    .text               keyunit.o
    0x0800a54c   0x0000040c   Code   RO          644    .text               airunit.o
    0x0800a958   0x00000168   Code   RO          670    .text               aircondition.o
    0x0800aac0   0x00000720   Code   RO          693    .text               airattr.o
    0x0800b1e0   0x00000100   Code   RO          715    .text               BestFu_STM32F10X_10200.lib(bestfulib.o)
    0x0800b2e0   0x00000350   Code   RO          730    .text               BestFu_STM32F10X_10200.lib(cmdprocess.o)
    0x0800b630   0x0000032c   Code   RO          804    .text               BestFu_STM32F10X_10200.lib(command.o)
    0x0800b95c   0x00000034   Code   RO          825    .text               BestFu_STM32F10X_10200.lib(delay.o)
    0x0800b990   0x00000050   Code   RO          850    .text               BestFu_STM32F10X_10200.lib(faultmanage.o)
    0x0800b9e0   0x00000296   Code   RO          871    .text               BestFu_STM32F10X_10200.lib(fifo.o)
    0x0800bc76   0x00000002   PAD
    0x0800bc78   0x00000190   Code   RO          883    .text               BestFu_STM32F10X_10200.lib(msgpackage.o)
    0x0800be08   0x000001a8   Code   RO          899    .text               BestFu_STM32F10X_10200.lib(sign433attr.o)
    0x0800bfb0   0x00000ad4   Code   RO          939    .text               BestFu_STM32F10X_10200.lib(sysexeattr.o)
    0x0800ca84   0x0000032c   Code   RO         1005    .text               BestFu_STM32F10X_10200.lib(thread.o)
    0x0800cdb0   0x000002fc   Code   RO         1019    .text               BestFu_STM32F10X_10200.lib(unitshare_attr.o)
    0x0800d0ac   0x00000318   Code   RO         1038    .text               BestFu_STM32F10X_10200.lib(updata.o)
    0x0800d3c4   0x000002e0   Code   RO         1073    .text               BestFu_STM32F10X_10200.lib(upload.o)
    0x0800d6a4   0x00001278   Code   RO         1088    .text               BestFu_STM32F10X_10200.lib(userdata.o)
    0x0800e91c   0x000003bc   Code   RO         1128    .text               BestFu_STM32F10X_10200.lib(dataencrypt.o)
    0x0800ecd8   0x000000b0   Code   RO         1156    .text               BestFu_STM32F10X_10200.lib(devparttab.o)
    0x0800ed88   0x00000070   Code   RO         1175    .text               BestFu_STM32F10X_10200.lib(crc.o)
    0x0800edf8   0x00000166   Code   RO         1190    .text               BestFu_STM32F10X_10200.lib(eeprom.o)
    0x0800ef5e   0x00000002   PAD
    0x0800ef60   0x00000230   Code   RO         1208    .text               BestFu_STM32F10X_10200.lib(flashattr.o)
    0x0800f190   0x000000a0   Code   RO         1220    .text               BestFu_STM32F10X_10200.lib(linkscanfifo.o)
    0x0800f230   0x000002d0   Code   RO         1235    .text               BestFu_STM32F10X_10200.lib(linksrc.o)
    0x0800f500   0x00000510   Code   RO         1247    .text               BestFu_STM32F10X_10200.lib(linkwrdc.o)
    0x0800fa10   0x0000079c   Code   RO         1266    .text               BestFu_STM32F10X_10200.lib(object.o)
    0x080101ac   0x000002e4   Code   RO         1296    .text               BestFu_STM32F10X_10200.lib(scene&group.o)
    0x08010490   0x000000b4   Code   RO         1321    .text               BestFu_STM32F10X_10200.lib(sign433.o)
    0x08010544   0x00000064   Code   RO         1341    .text               BestFu_STM32F10X_10200.lib(systestattr.o)
    0x080105a8   0x000001b0   Code   RO         1360    .text               BestFu_STM32F10X_10200.lib(userdatadownload.o)
    0x08010758   0x000005e4   Code   RO         1378    .text               BestFu_STM32F10X_10200.lib(dlyattrprocess.o)
    0x08010d3c   0x000001c0   Code   RO         1397    .text               BestFu_STM32F10X_10200.lib(timehandle.o)
    0x08010efc   0x0000016c   Code   RO         1409    .text               BestFu_STM32F10X_10200.lib(deviceidsetattr.o)
    0x08011068   0x000002a0   Code   RO         1428    .text               BestFu_STM32F10X_10200.lib(linksimplesttime.o)
    0x08011308   0x00000324   Code   RO         1453    .text               BestFu_STM32F10X_10200.lib(linksimplest.o)
    0x0801162c   0x0000003c   Code   RO         1477    .text               c_w.l(rand.o)
    0x08011668   0x0000008a   Code   RO         1481    .text               c_w.l(rt_memcpy_v6.o)
    0x080116f2   0x0000004e   Code   RO         1483    .text               c_w.l(rt_memclr_w.o)
    0x08011740   0x00000006   Code   RO         1485    .text               c_w.l(heapauxi.o)
    0x08011746   0x00000064   Code   RO         1508    .text               c_w.l(rt_memcpy_w.o)
    0x080117aa   0x0000004a   Code   RO         1579    .text               c_w.l(sys_stackheap_outer.o)
    0x080117f4   0x00000012   Code   RO         1581    .text               c_w.l(exit.o)
    0x08011806   0x00000002   PAD
    0x08011808   0x00000008   Code   RO         1595    .text               c_w.l(libspace.o)
    0x08011810   0x00000002   Code   RO         1606    .text               c_w.l(use_no_semi.o)
    0x08011812   0x00000000   Code   RO         1608    .text               c_w.l(indicate_semi.o)
    0x08011812   0x00000002   PAD
    0x08011814   0x0000000c   Code   RO         1622    .text               c_w.l(sys_exit.o)
    0x08011820   0x00000016   Code   RO         1101    i.Check_PositionRange  BestFu_STM32F10X_10200.lib(userdata.o)
    0x08011836   0x00000002   PAD
    0x08011838   0x00000044   Code   RO         1305    i.DecryptionFlash   BestFu_STM32F10X_10200.lib(scene&group.o)
    0x0801187c   0x00000150   Code   RO         1489    x$fpl$dadd          fz_ws.l(daddsub_clz.o)
    0x080119cc   0x0000005a   Code   RO         1495    x$fpl$dfixu         fz_ws.l(dfixu.o)
    0x08011a26   0x0000002e   Code   RO         1500    x$fpl$dflt          fz_ws.l(dflt_clz.o)
    0x08011a54   0x00000026   Code   RO         1499    x$fpl$dfltu         fz_ws.l(dflt_clz.o)
    0x08011a7a   0x00000002   PAD
    0x08011a7c   0x00000154   Code   RO         1505    x$fpl$dmul          fz_ws.l(dmul.o)
    0x08011bd0   0x0000009c   Code   RO         1555    x$fpl$dnaninf       fz_ws.l(dnaninf.o)
    0x08011c6c   0x0000000c   Code   RO         1557    x$fpl$dretinf       fz_ws.l(dretinf.o)
    0x08011c78   0x000001d4   Code   RO         1491    x$fpl$dsub          fz_ws.l(daddsub_clz.o)
    0x08011e4c   0x00000000   Code   RO         1559    x$fpl$usenofp       fz_ws.l(usenofp.o)
    0x08011e4c   0x00000008   Data   RO          154    .constdata          program.o
    0x08011e54   0x0000001e   Data   RO          181    .constdata          si4432.o
    0x08011e72   0x00000009   Data   RO          300    .constdata          test.o
    0x08011e7b   0x00000001   PAD
    0x08011e7c   0x00000028   Data   RO          396    .constdata          unitcfg.o
    0x08011ea4   0x00000200   Data   RO          454    .constdata          crc16.o
    0x080120a4   0x0000001e   Data   RO          472    .constdata          ht1621.o
    0x080120c2   0x00000018   Data   RO          490    .constdata          keyport.o
    0x080120da   0x00000009   Data   RO          526    .constdata          lcd_show.o
    0x080120e3   0x00000001   PAD
    0x080120e4   0x0000008c   Data   RO          672    .constdata          aircondition.o
    0x08012170   0x000001f4   Data   RO          694    .constdata          airattr.o
    0x08012364   0x0000000c   Data   RO          805    .constdata          BestFu_STM32F10X_10200.lib(command.o)
    0x08012370   0x00000320   Data   RO          940    .constdata          BestFu_STM32F10X_10200.lib(sysexeattr.o)
    0x08012690   0x00000010   Data   RO         1129    .constdata          BestFu_STM32F10X_10200.lib(dataencrypt.o)
    0x080126a0   0x00000048   Data   RO         1157    .constdata          BestFu_STM32F10X_10200.lib(devparttab.o)
    0x080126e8   0x00000200   Data   RO         1176    .constdata          BestFu_STM32F10X_10200.lib(crc.o)
    0x080128e8   0x00000020   Data   RO         1667    Region$$Table       anon$$obj.o


    Execution Region RW_IRAM1 (Base: 0x20000000, Size: 0x00003880, Max: 0x00005000, ABSOLUTE, COMPRESSED[0x00000030])

    Base Addr    Size         Type   Attr      Idx    E Section Name        Object

    0x20000000   0x00000010   Data   RW            2    .data               system_stm32f10x.o
    0x20000010   0x00000004   Data   RW           50    .data               devicereset.o
    0x20000014   0x00000018   Data   RW          182    .data               si4432.o
    0x2000002c   0x00000008   Data   RW          286    .data               systick.o
    0x20000034   0x00000005   Data   RW          301    .data               test.o
    0x20000039   0x00000003   PAD
    0x2000003c   0x00000008   Data   RW          338    .data               usart.o
    0x20000044   0x00000003   Data   RW          491    .data               keyport.o
    0x20000047   0x00000001   Data   RW          527    .data               lcd_show.o
    0x20000048   0x00000035   Data   RW          572    .data               polling.o
    0x2000007d   0x00000002   Data   RW          605    .data               devicerelate.o
    0x2000007f   0x00000001   PAD
    0x20000080   0x00000006   Data   RW          623    .data               keyunit.o
    0x20000086   0x00000007   Data   RW          646    .data               airunit.o
    0x2000008d   0x00000003   PAD
    0x20000090   0x0000000c   Data   RW          673    .data               aircondition.o
    0x2000009c   0x0000000a   Data   RW          695    .data               airattr.o
    0x200000a6   0x00000002   PAD
    0x200000a8   0x0000010c   Data   RW         1040    .data               BestFu_STM32F10X_10200.lib(updata.o)
    0x200001b4   0x00000001   Data   RW         1075    .data               BestFu_STM32F10X_10200.lib(upload.o)
    0x200001b5   0x00000003   PAD
    0x200001b8   0x00000005   Data   RW         1090    .data               BestFu_STM32F10X_10200.lib(userdata.o)
    0x200001bd   0x00000008   Data   RW         1130    .data               BestFu_STM32F10X_10200.lib(dataencrypt.o)
    0x200001c5   0x00000003   PAD
    0x200001c8   0x00000004   Data   RW         1158    .data               BestFu_STM32F10X_10200.lib(devparttab.o)
    0x200001cc   0x00000005   Data   RW         1268    .data               BestFu_STM32F10X_10200.lib(object.o)
    0x200001d1   0x00000002   Data   RW         1323    .data               BestFu_STM32F10X_10200.lib(sign433.o)
    0x200001d3   0x00000001   PAD
    0x200001d4   0x00000005   Data   RW         1380    .data               BestFu_STM32F10X_10200.lib(dlyattrprocess.o)
    0x200001d9   0x00000003   PAD
    0x200001dc   0x00000064   Zero   RW          180    .bss                si4432.o
    0x20000240   0x00000014   Zero   RW          395    .bss                unitcfg.o
    0x20000254   0x000006b1   Zero   RW          571    .bss                polling.o
    0x20000905   0x0000000a   Zero   RW          604    .bss                devicerelate.o
    0x2000090f   0x0000000a   Zero   RW          645    .bss                airunit.o
    0x20000919   0x00000001   PAD
    0x2000091a   0x0000008c   Zero   RW          671    .bss                aircondition.o
    0x200009a6   0x00000002   PAD
    0x200009a8   0x00000d80   Zero   RW          731    .bss                BestFu_STM32F10X_10200.lib(cmdprocess.o)
    0x20001728   0x00000144   Zero   RW         1006    .bss                BestFu_STM32F10X_10200.lib(thread.o)
    0x2000186c   0x0000002c   Zero   RW         1039    .bss                BestFu_STM32F10X_10200.lib(updata.o)
    0x20001898   0x00000120   Zero   RW         1074    .bss                BestFu_STM32F10X_10200.lib(upload.o)
    0x200019b8   0x00000346   Zero   RW         1089    .bss                BestFu_STM32F10X_10200.lib(userdata.o)
    0x20001cfe   0x00000002   PAD
    0x20001d00   0x00000090   Zero   RW         1221    .bss                BestFu_STM32F10X_10200.lib(linkscanfifo.o)
    0x20001d90   0x00000140   Zero   RW         1267    .bss                BestFu_STM32F10X_10200.lib(object.o)
    0x20001ed0   0x0000000c   Zero   RW         1322    .bss                BestFu_STM32F10X_10200.lib(sign433.o)
    0x20001edc   0x0000008c   Zero   RW         1361    .bss                BestFu_STM32F10X_10200.lib(userdatadownload.o)
    0x20001f68   0x00000401   Zero   RW         1379    .bss                BestFu_STM32F10X_10200.lib(dlyattrprocess.o)
    0x20002369   0x0000015f   Zero   RW         1429    .bss                BestFu_STM32F10X_10200.lib(linksimplesttime.o)
    0x200024c8   0x00000673   Zero   RW         1454    .bss                BestFu_STM32F10X_10200.lib(linksimplest.o)
    0x20002b3b   0x00000001   PAD
    0x20002b3c   0x000000e4   Zero   RW         1478    .bss                c_w.l(rand.o)
    0x20002c20   0x00000060   Zero   RW         1596    .bss                c_w.l(libspace.o)
    0x20002c80   0x00000000   Zero   RW           42    HEAP                startup_stm32f10x_md.o
    0x20002c80   0x00000c00   Zero   RW           41    STACK               startup_stm32f10x_md.o


==============================================================================

Image component sizes


      Code (inc. data)   RO Data    RW Data    ZI Data      Debug   Object Name

       340         14          0          0          0        723   adc.o
      1824         50        500         10          0       7431   airattr.o
       360         34        140         12        140       2516   aircondition.o
      1036         52          0          7         10       4237   airunit.o
        88          0          0          0          0        957   backlight.o
        92          4        512          0          0       1519   crc16.o
       536         16          0          2         10       4342   devicerelate.o
       132         12          0          4          0       6551   devicereset.o
       500         14          0          0          0       2860   flash.o
       164          8          0          0          0       1761   gpio.o
       620         18         30          0          0       3175   ht1621.o
       926          0          0          0          0       3741   i2c.o
         6          0          0          0          0        594   instruct.o
       268         18         24          3          0       2326   keyport.o
       396         20          0          6          0       1795   keyunit.o
       608         42          9          1          0       2920   lcd_show.o
        84         18          0          0          0        479   main.o
      5616        306          0         53       1713      10868   polling.o
       544         26          8          0          0       3893   program.o
      2412        118         30         24        100       8339   si4432.o
       312         16          0          0          0        997   spi.o
        60         22        236          0       3072        816   startup_stm32f10x_md.o
       352         32          0          0          0       2592   sys.o
       264         22          0          0          0        950   syshard.o
       656         38          0         16          0     208550   system_stm32f10x.o
       132         12          0          8          0       1299   systick.o
       188         14          9          5          0       2292   test.o
        64          8         40          0         20       3132   unitcfg.o
       760         28          0          8          0       3820   usart.o
       116          6          0          0          0       1437   wdg.o

    ----------------------------------------------------------------------
     19456        968       1572        168       5068     296912   Object Totals
         0          0         32          0          0          0   (incl. Generated)
         0          0          2          9          3          0   (incl. Padding)

    ----------------------------------------------------------------------

      Code (inc. data)   RO Data    RW Data    ZI Data      Debug   Library Member Name

       256          0          0          0          0       2522   bestfulib.o
       848        100          0          0       3456      15594   cmdprocess.o
       812          8         12          0          0       3449   command.o
       112          4        512          0          0       1719   crc.o
       956         24         16          8          0       3753   dataencrypt.o
        52          0          0          0          0        716   delay.o
       364         24          0          0          0       2390   deviceidsetattr.o
       176         14         72          4          0       2445   devparttab.o
      1508         28          0          5       1025       5469   dlyattrprocess.o
       358          0          0          0          0       2111   eeprom.o
        80          6          0          0          0       1843   faultmanage.o
       662          0          0          0          0       4210   fifo.o
       560         18          0          0          0       3555   flashattr.o
       160         14          0          0        144       1841   linkscanfifo.o
       804         10          0          0       1651       5406   linksimplest.o
       672          8          0          0        351       4844   linksimplesttime.o
       720         34          0          0          0       2709   linksrc.o
      1296         10          0          0          0       9356   linkwrdc.o
       400         12          0          0          0       2812   msgpackage.o
      1948         52          0          5        320       6268   object.o
       808         14          0          0          0       3424   scene&group.o
       180         10          0          2         12       2537   sign433.o
       424         26          0          0          0       9561   sign433attr.o
      2772         28        800          0          0      18544   sysexeattr.o
       100         16          0          0          0        778   systestattr.o
       812          4          0          0        324       3549   thread.o
       448          0          0          0          0       2317   timehandle.o
       764         10          0          0          0       3379   unitshare_attr.o
       792         32          0        268         44       5208   updata.o
       736         34          0          1        288       2908   upload.o
      4750         58          0          5        838      21514   userdata.o
       432         16          0          0        140       2425   userdatadownload.o
        58          0          0          0          0          0   __dczerorl.o
         8          0          0          0          0         68   __main.o
         0          0          0          0          0          0   __rtentry.o
        12          0          0          0          0          0   __rtentry2.o
         6          0          0          0          0          0   __rtentry4.o
        52          8          0          0          0          0   __scatter.o
        28          0          0          0          0          0   __scatter_zi.o
        18          0          0          0          0         80   exit.o
         6          0          0          0          0        152   heapauxi.o
         0          0          0          0          0          0   indicate_semi.o
         2          0          0          0          0          0   libinit.o
         6          0          0          0          0          0   libinit2.o
         2          0          0          0          0          0   libshutdown.o
         2          0          0          0          0          0   libshutdown2.o
         8          4          0          0         96         68   libspace.o
       112         18          0          0        228        160   rand.o
        78          0          0          0          0         80   rt_memclr_w.o
       138          0          0          0          0         68   rt_memcpy_v6.o
       100          0          0          0          0         80   rt_memcpy_w.o
         2          0          0          0          0          0   rtexit.o
        10          0          0          0          0          0   rtexit2.o
        12          4          0          0          0         68   sys_exit.o
        74          0          0          0          0         80   sys_stackheap_outer.o
         2          0          0          0          0         68   use_no_semi.o
       804         16          0          0          0        272   daddsub_clz.o
        90          4          0          0          0         92   dfixu.o
        84          0          0          0          0        136   dflt_clz.o
       340         12          0          0          0        104   dmul.o
       156          4          0          0          0         92   dnaninf.o
        12          0          0          0          0         68   dretinf.o
         0          0          0          0          0          0   usenofp.o

    ----------------------------------------------------------------------
     28000        684       1412        308       8920     160892   Library Totals
        16          0          0         10          3          0   (incl. Padding)

    ----------------------------------------------------------------------

      Code (inc. data)   RO Data    RW Data    ZI Data      Debug   Library Name

     25762        614       1412        298       8593     159156   BestFu_STM32F10X_10200.lib
       736         34          0          0        324        972   c_w.l
      1486         36          0          0          0        764   fz_ws.l

    ----------------------------------------------------------------------
     28000        684       1412        308       8920     160892   Library Totals

    ----------------------------------------------------------------------

==============================================================================


      Code (inc. data)   RO Data    RW Data    ZI Data      Debug   

     47456       1652       2984        476      13988     452392   Grand Totals
     47456       1652       2984         48      13988     452392   ELF Image Totals (compressed)
     47456       1652       2984         48          0          0   ROM Totals

==============================================================================

    Total RO  Size (Code + RO Data)                50440 (  49.26kB)
    Total RW  Size (RW Data + ZI Data)             14464 (  14.13kB)
    Total ROM Size (Code + RO Data + RW Data)      50488 (  49.30kB)

==============================================================================

