<!doctype html public "-//w3c//dtd html 4.0 transitional//en">
<html><head>
<title>Static Call Graph - [..\Output\ITL01_APP_V30000.axf]</title></head>
<body><HR>
<H1>Static Call Graph for image ..\Output\ITL01_APP_V30000.axf</H1><HR>
<BR><P>#&#060CALLGRAPH&#062# ARM Linker, 5060020: Last Updated: Fri Jun 24 08:46:13 2016
<BR><P>
<H3>Maximum Stack Usage =       1144 bytes + Unknown(Functions without stacksize, Cycles, Untraceable Function Pointers)</H3><H3>
Call chain for Maximum Stack Depth:</H3>
Set_DeviceChannelFlag_Attr &rArr; SetDeviceChannelFlag &rArr; Program_WriteEx &rArr; Flash_Write
<P>
<H3>
Functions with no stack information
</H3><UL>
 <LI><a href="#[22a]">__user_initial_stackheap</a>
</UL>
</UL>
<P>
<H3>
Mutually Recursive functions
</H3> <LI><a href="#[4]">NMI_Handler</a>&nbsp;&nbsp;&nbsp;&rArr;&nbsp;&nbsp;&nbsp;<a href="#[4]">NMI_Handler</a><BR>
 <LI><a href="#[5]">HardFault_Handler</a>&nbsp;&nbsp;&nbsp;&rArr;&nbsp;&nbsp;&nbsp;<a href="#[5]">HardFault_Handler</a><BR>
 <LI><a href="#[6]">MemManage_Handler</a>&nbsp;&nbsp;&nbsp;&rArr;&nbsp;&nbsp;&nbsp;<a href="#[6]">MemManage_Handler</a><BR>
 <LI><a href="#[7]">BusFault_Handler</a>&nbsp;&nbsp;&nbsp;&rArr;&nbsp;&nbsp;&nbsp;<a href="#[7]">BusFault_Handler</a><BR>
 <LI><a href="#[8]">UsageFault_Handler</a>&nbsp;&nbsp;&nbsp;&rArr;&nbsp;&nbsp;&nbsp;<a href="#[8]">UsageFault_Handler</a><BR>
 <LI><a href="#[9]">SVC_Handler</a>&nbsp;&nbsp;&nbsp;&rArr;&nbsp;&nbsp;&nbsp;<a href="#[9]">SVC_Handler</a><BR>
 <LI><a href="#[a]">DebugMon_Handler</a>&nbsp;&nbsp;&nbsp;&rArr;&nbsp;&nbsp;&nbsp;<a href="#[a]">DebugMon_Handler</a><BR>
 <LI><a href="#[b]">PendSV_Handler</a>&nbsp;&nbsp;&nbsp;&rArr;&nbsp;&nbsp;&nbsp;<a href="#[b]">PendSV_Handler</a><BR>
 <LI><a href="#[1f]">ADC1_2_IRQHandler</a>&nbsp;&nbsp;&nbsp;&rArr;&nbsp;&nbsp;&nbsp;<a href="#[1f]">ADC1_2_IRQHandler</a><BR>
 <LI><a href="#[19d]">WriteDataToEEPROM</a>&nbsp;&nbsp;&nbsp;&rArr;&nbsp;&nbsp;&nbsp;<a href="#[f2]">Fault_Upload</a><BR>
 <LI><a href="#[19b]">ReadDataFromEEPROM</a>&nbsp;&nbsp;&nbsp;&rArr;&nbsp;&nbsp;&nbsp;<a href="#[f2]">Fault_Upload</a><BR>
 <LI><a href="#[1b7]">Updata_Channel</a>&nbsp;&nbsp;&nbsp;&rArr;&nbsp;&nbsp;&nbsp;<a href="#[1b7]">Updata_Channel</a><BR>
</UL>
<P>
<H3>
Function Pointers
</H3><UL>
 <LI><a href="#[1f]">ADC1_2_IRQHandler</a> from startup_stm32f10x_md.o(.text) referenced from startup_stm32f10x_md.o(RESET)
 <LI><a href="#[167]">AirCondition_Temp</a> from aircondition.o(.text) referenced from aircondition.o(.text)
 <LI><a href="#[44]">AirCondition_Timer</a> from aircondition.o(.text) referenced from aircondition.o(.text)
 <LI><a href="#[5f]">AirEepromInit</a> from airattr.o(.text) referenced from unitcfg.o(.constdata)
 <LI><a href="#[43]">Air_CmdSend</a> from airunit.o(.text) referenced from airunit.o(.text)
 <LI><a href="#[60]">Air_Instruct</a> from airattr.o(.text) referenced from unitcfg.o(.constdata)
 <LI><a href="#[5e]">Air_ParaInit</a> from airattr.o(.text) referenced from unitcfg.o(.constdata)
 <LI><a href="#[45]">Air_StatusShow</a> from airattr.o(.text) referenced from airattr.o(.text)
 <LI><a href="#[3f]">Air_StatusShow_thread</a> from airattr.o(.text) referenced from lcd_show.o(.text)
 <LI><a href="#[61]">Air_UnitAttrNum</a> from airattr.o(.text) referenced from unitcfg.o(.constdata)
 <LI><a href="#[40]">Air_run</a> from airunit.o(.text) referenced from lcd_show.o(.text)
 <LI><a href="#[47]">Backlight_Instruct</a> from backlight.o(.text) referenced from airattr.o(.text)
 <LI><a href="#[134]">Backlight_Off</a> from backlight.o(.text) referenced 2 times from backlight.o(.text)
 <LI><a href="#[7]">BusFault_Handler</a> from startup_stm32f10x_md.o(.text) referenced from startup_stm32f10x_md.o(RESET)
 <LI><a href="#[22]">CAN1_RX1_IRQHandler</a> from startup_stm32f10x_md.o(.text) referenced from startup_stm32f10x_md.o(RESET)
 <LI><a href="#[23]">CAN1_SCE_IRQHandler</a> from startup_stm32f10x_md.o(.text) referenced from startup_stm32f10x_md.o(RESET)
 <LI><a href="#[51]">ClearRecTestStatus</a> from sign433.o(.text) referenced from sign433attr.o(.text)
 <LI><a href="#[132]">Clr_Flag</a> from keyport.o(.text) referenced from keyport.o(.text)
 <LI><a href="#[18]">DMA1_Channel1_IRQHandler</a> from startup_stm32f10x_md.o(.text) referenced from startup_stm32f10x_md.o(RESET)
 <LI><a href="#[19]">DMA1_Channel2_IRQHandler</a> from startup_stm32f10x_md.o(.text) referenced from startup_stm32f10x_md.o(RESET)
 <LI><a href="#[1a]">DMA1_Channel3_IRQHandler</a> from startup_stm32f10x_md.o(.text) referenced from startup_stm32f10x_md.o(RESET)
 <LI><a href="#[1b]">DMA1_Channel4_IRQHandler</a> from startup_stm32f10x_md.o(.text) referenced from startup_stm32f10x_md.o(RESET)
 <LI><a href="#[1c]">DMA1_Channel5_IRQHandler</a> from startup_stm32f10x_md.o(.text) referenced from startup_stm32f10x_md.o(RESET)
 <LI><a href="#[1d]">DMA1_Channel6_IRQHandler</a> from startup_stm32f10x_md.o(.text) referenced from startup_stm32f10x_md.o(RESET)
 <LI><a href="#[1e]">DMA1_Channel7_IRQHandler</a> from startup_stm32f10x_md.o(.text) referenced from startup_stm32f10x_md.o(RESET)
 <LI><a href="#[4e]">DataSend_Thread</a> from cmdprocess.o(.text) referenced from cmdprocess.o(.text)
 <LI><a href="#[a]">DebugMon_Handler</a> from startup_stm32f10x_md.o(.text) referenced from startup_stm32f10x_md.o(RESET)
 <LI><a href="#[5a]">DlyMsgProcess</a> from dlyattrprocess.o(.text) referenced from dlyattrprocess.o(.text)
 <LI><a href="#[59]">EEPROM_Write</a> from userdata.o(.text) referenced from userdatadownload.o(.text)
 <LI><a href="#[13]">EXTI0_IRQHandler</a> from startup_stm32f10x_md.o(.text) referenced from startup_stm32f10x_md.o(RESET)
 <LI><a href="#[35]">EXTI15_10_IRQHandler</a> from si4432.o(.text) referenced from startup_stm32f10x_md.o(RESET)
 <LI><a href="#[14]">EXTI1_IRQHandler</a> from startup_stm32f10x_md.o(.text) referenced from startup_stm32f10x_md.o(RESET)
 <LI><a href="#[15]">EXTI2_IRQHandler</a> from startup_stm32f10x_md.o(.text) referenced from startup_stm32f10x_md.o(RESET)
 <LI><a href="#[16]">EXTI3_IRQHandler</a> from startup_stm32f10x_md.o(.text) referenced from startup_stm32f10x_md.o(RESET)
 <LI><a href="#[17]">EXTI4_IRQHandler</a> from startup_stm32f10x_md.o(.text) referenced from startup_stm32f10x_md.o(RESET)
 <LI><a href="#[24]">EXTI9_5_IRQHandler</a> from startup_stm32f10x_md.o(.text) referenced from startup_stm32f10x_md.o(RESET)
 <LI><a href="#[4b]">EncryptCmd_get</a> from command.o(.text) referenced from cmdprocess.o(.text)
 <LI><a href="#[49]">EncryptCmd_getEx</a> from command.o(.text) referenced from cmdprocess.o(.text)
 <LI><a href="#[41]">FJPG_Data_Config</a> from airunit.o(.text) referenced 2 times from devicerelate.o(.text)
 <LI><a href="#[11]">FLASH_IRQHandler</a> from startup_stm32f10x_md.o(.text) referenced from startup_stm32f10x_md.o(RESET)
 <LI><a href="#[56]">FaultMsg</a> from upload.o(.text) referenced from upload.o(.text)
 <LI><a href="#[b1]">Get_433Channel_Attr</a> from flashattr.o(.text) referenced from sysexeattr.o(.constdata)
 <LI><a href="#[62]">Get_AirBrand_Attr</a> from airattr.o(.text) referenced from airattr.o(.constdata)
 <LI><a href="#[64]">Get_AirStatus_Attr</a> from airattr.o(.text) referenced 8 times from airattr.o(.constdata)
 <LI><a href="#[71]">Get_Air_Addr_Attr</a> from airattr.o(.text) referenced from airattr.o(.constdata)
 <LI><a href="#[73]">Get_Air_List_Addr_Attr</a> from airattr.o(.text) referenced from airattr.o(.constdata)
 <LI><a href="#[6f]">Get_Air_Type_Attr</a> from airattr.o(.text) referenced from airattr.o(.constdata)
 <LI><a href="#[67]">Get_BindObject_Attr</a> from devicerelate.o(.text) referenced from airattr.o(.constdata)
 <LI><a href="#[98]">Get_CmdAckNum_Attr</a> from sysexeattr.o(.text) referenced from sysexeattr.o(.constdata)
 <LI><a href="#[a3]">Get_CommonType_Attr</a> from sysexeattr.o(.text) referenced from sysexeattr.o(.constdata)
 <LI><a href="#[6d]">Get_Correction_Temperature_Attr</a> from airattr.o(.text) referenced from airattr.o(.constdata)
 <LI><a href="#[7e]">Get_DeveiceSysClockFeature_Attr</a> from sysexeattr.o(.text) referenced from sysexeattr.o(.constdata)
 <LI><a href="#[96]">Get_DeviceAddr_Attr</a> from sysexeattr.o(.text) referenced from sysexeattr.o(.constdata)
 <LI><a href="#[80]">Get_DeviceChannelFlag_Attr</a> from sysexeattr.o(.text) referenced from sysexeattr.o(.constdata)
 <LI><a href="#[77]">Get_DeviceRelateSwitch_Attr</a> from devicerelate.o(.text) referenced from airattr.o(.constdata)
 <LI><a href="#[75]">Get_DeviceRelate_Attr</a> from devicerelate.o(.text) referenced from airattr.o(.constdata)
 <LI><a href="#[8f]">Get_DeviceThreshold_Attr</a> from sign433attr.o(.text) referenced from sysexeattr.o(.constdata)
 <LI><a href="#[92]">Get_DeviceType_Attr</a> from sysexeattr.o(.text) referenced from sysexeattr.o(.constdata)
 <LI><a href="#[b4]">Get_Eeprom_Info_Attr</a> from sysexeattr.o(.text) referenced from sysexeattr.o(.constdata)
 <LI><a href="#[b6]">Get_FaultFlag_Attr</a> from sysexeattr.o(.text) referenced from sysexeattr.o(.constdata)
 <LI><a href="#[84]">Get_Group_Attr</a> from scene&group.o(.text) referenced from sysexeattr.o(.constdata)
 <LI><a href="#[ae]">Get_IAPReady_Attr</a> from flashattr.o(.text) referenced from sysexeattr.o(.constdata)
 <LI><a href="#[a5]">Get_Link_Attr</a> from sysexeattr.o(.text) referenced 2 times from sysexeattr.o(.constdata)
 <LI><a href="#[7b]">Get_ManyUnit_Attr</a> from unitshare_attr.o(.text) referenced from sysexeattr.o(.constdata)
 <LI><a href="#[6b]">Get_MaxMinTemperature_Attr</a> from airattr.o(.text) referenced from airattr.o(.constdata)
 <LI><a href="#[79]">Get_RS232Cfg_Attr</a> from airattr.o(.text) referenced from airattr.o(.constdata)
 <LI><a href="#[9a]">Get_RepeatBandAddr_Attr</a> from sysexeattr.o(.text) referenced from sysexeattr.o(.constdata)
 <LI><a href="#[88]">Get_RepeatBroadcast_Attr</a> from sysexeattr.o(.text) referenced from sysexeattr.o(.constdata)
 <LI><a href="#[ac]">Get_ResetAddr_Attr</a> from deviceidsetattr.o(.text) referenced from sysexeattr.o(.constdata)
 <LI><a href="#[82]">Get_Scene_Attr</a> from scene&group.o(.text) referenced 2 times from sysexeattr.o(.constdata)
 <LI><a href="#[69]">Get_SelfAdjust_Attr</a> from devicerelate.o(.text) referenced from airattr.o(.constdata)
 <LI><a href="#[8c]">Get_Sign433_StartRecFrame_Attr</a> from sign433attr.o(.text) referenced from sysexeattr.o(.constdata)
 <LI><a href="#[8a]">Get_Sign433_StartSendFrame_Attr</a> from sign433attr.o(.text) referenced from sysexeattr.o(.constdata)
 <LI><a href="#[91]">Get_Sign433_TestState_Attr</a> from sign433attr.o(.text) referenced from sysexeattr.o(.constdata)
 <LI><a href="#[9f]">Get_UnitAble_Attr</a> from sysexeattr.o(.text) referenced from sysexeattr.o(.constdata)
 <LI><a href="#[86]">Get_UnitArea_Attr</a> from sysexeattr.o(.text) referenced from sysexeattr.o(.constdata)
 <LI><a href="#[a1]">Get_UnitType_Attr</a> from sysexeattr.o(.text) referenced from sysexeattr.o(.constdata)
 <LI><a href="#[9d]">Get_UploadAble_Attr</a> from sysexeattr.o(.text) referenced from sysexeattr.o(.constdata)
 <LI><a href="#[95]">Get_UserID_Attr</a> from sysexeattr.o(.text) referenced from sysexeattr.o(.constdata)
 <LI><a href="#[93]">Get_Version_Attr</a> from sysexeattr.o(.text) referenced from sysexeattr.o(.constdata)
 <LI><a href="#[5]">HardFault_Handler</a> from startup_stm32f10x_md.o(.text) referenced from startup_stm32f10x_md.o(RESET)
 <LI><a href="#[5b]">HardID_Change</a> from syshard.o(.text) referenced from deviceidsetattr.o(.text)
 <LI><a href="#[b2]">HardWDGTest_Attr</a> from wdg.o(.text) referenced from sysexeattr.o(.constdata)
 <LI><a href="#[2d]">I2C1_ER_IRQHandler</a> from startup_stm32f10x_md.o(.text) referenced from startup_stm32f10x_md.o(RESET)
 <LI><a href="#[2c]">I2C1_EV_IRQHandler</a> from startup_stm32f10x_md.o(.text) referenced from startup_stm32f10x_md.o(RESET)
 <LI><a href="#[2f]">I2C2_ER_IRQHandler</a> from startup_stm32f10x_md.o(.text) referenced from startup_stm32f10x_md.o(RESET)
 <LI><a href="#[2e]">I2C2_EV_IRQHandler</a> from startup_stm32f10x_md.o(.text) referenced from startup_stm32f10x_md.o(RESET)
 <LI><a href="#[4f]">Instruct_Run</a> from instruct.o(.text) referenced 2 times from faultmanage.o(.text)
 <LI><a href="#[42]">Key_process</a> from keyunit.o(.text) referenced from keyunit.o(.text)
 <LI><a href="#[6]">MemManage_Handler</a> from startup_stm32f10x_md.o(.text) referenced from startup_stm32f10x_md.o(RESET)
 <LI><a href="#[48]">Msg_Process</a> from cmdprocess.o(.text) referenced from cmdprocess.o(.text)
 <LI><a href="#[4]">NMI_Handler</a> from startup_stm32f10x_md.o(.text) referenced from startup_stm32f10x_md.o(RESET)
 <LI><a href="#[e]">PVD_IRQHandler</a> from startup_stm32f10x_md.o(.text) referenced from startup_stm32f10x_md.o(RESET)
 <LI><a href="#[b]">PendSV_Handler</a> from startup_stm32f10x_md.o(.text) referenced from startup_stm32f10x_md.o(RESET)
 <LI><a href="#[58]">Program_Write</a> from program.o(.text) referenced from userdatadownload.o(.text)
 <LI><a href="#[1f0]">PropChangeScanAndExe</a> from linkscanfifo.o(.text) referenced from linkscanfifo.o(.text)
 <LI><a href="#[12]">RCC_IRQHandler</a> from startup_stm32f10x_md.o(.text) referenced from startup_stm32f10x_md.o(RESET)
 <LI><a href="#[3e]">RS485_Gateway</a> from polling.o(.text) referenced from lcd_show.o(.text)
 <LI><a href="#[36]">RTCAlarm_IRQHandler</a> from startup_stm32f10x_md.o(.text) referenced from startup_stm32f10x_md.o(RESET)
 <LI><a href="#[10]">RTC_IRQHandler</a> from startup_stm32f10x_md.o(.text) referenced from startup_stm32f10x_md.o(RESET)
 <LI><a href="#[3a]">Reset_Check</a> from devicereset.o(.text) referenced from devicereset.o(.text)
 <LI><a href="#[3]">Reset_Handler</a> from startup_stm32f10x_md.o(.text) referenced from startup_stm32f10x_md.o(RESET)
 <LI><a href="#[10f]">Run_Test_485_EEPROM_WATCHDOG</a> from test.o(.text) referenced from test.o(.text)
 <LI><a href="#[b3]">SI4432Test_Attr</a> from systestattr.o(.text) referenced from sysexeattr.o(.constdata)
 <LI><a href="#[214]">SI4432Test_Fail</a> from systestattr.o(.text) referenced from systestattr.o(.text)
 <LI><a href="#[3d]">SI4432_SendEn</a> from si4432.o(.text) referenced from si4432.o(.text)
 <LI><a href="#[30]">SPI1_IRQHandler</a> from startup_stm32f10x_md.o(.text) referenced from startup_stm32f10x_md.o(RESET)
 <LI><a href="#[31]">SPI2_IRQHandler</a> from startup_stm32f10x_md.o(.text) referenced from startup_stm32f10x_md.o(RESET)
 <LI><a href="#[9]">SVC_Handler</a> from startup_stm32f10x_md.o(.text) referenced from startup_stm32f10x_md.o(RESET)
 <LI><a href="#[b0]">Set_433Channel_Attr</a> from flashattr.o(.text) referenced from sysexeattr.o(.constdata)
 <LI><a href="#[63]">Set_AirStatus_Attr</a> from airattr.o(.text) referenced 12 times from airattr.o(.constdata)
 <LI><a href="#[65]">Set_AirTimer_Attr</a> from airattr.o(.text) referenced from airattr.o(.constdata)
 <LI><a href="#[70]">Set_Air_Addr_Attr</a> from airattr.o(.text) referenced from airattr.o(.constdata)
 <LI><a href="#[72]">Set_Air_List_Addr_Attr</a> from airattr.o(.text) referenced from airattr.o(.constdata)
 <LI><a href="#[6e]">Set_Air_Type_Attr</a> from airattr.o(.text) referenced from airattr.o(.constdata)
 <LI><a href="#[66]">Set_BindObject_Attr</a> from devicerelate.o(.text) referenced from airattr.o(.constdata)
 <LI><a href="#[97]">Set_CmdAckNum_Attr</a> from sysexeattr.o(.text) referenced from sysexeattr.o(.constdata)
 <LI><a href="#[a2]">Set_CommonType_Attr</a> from sysexeattr.o(.text) referenced from sysexeattr.o(.constdata)
 <LI><a href="#[6c]">Set_Correction_Temperature_Attr</a> from airattr.o(.text) referenced from airattr.o(.constdata)
 <LI><a href="#[a7]">Set_DelLinkForUnit_Attr</a> from sysexeattr.o(.text) referenced from sysexeattr.o(.constdata)
 <LI><a href="#[8e]">Set_DelayUpload_Attr</a> from sysexeattr.o(.text) referenced from sysexeattr.o(.constdata)
 <LI><a href="#[7f]">Set_DeviceChannelFlag_Attr</a> from sysexeattr.o(.text) referenced from sysexeattr.o(.constdata)
 <LI><a href="#[76]">Set_DeviceRelateSwitch_Attr</a> from devicerelate.o(.text) referenced from airattr.o(.constdata)
 <LI><a href="#[74]">Set_DeviceRelate_Attr</a> from devicerelate.o(.text) referenced from airattr.o(.constdata)
 <LI><a href="#[b5]">Set_FaultFlag_Attr</a> from sysexeattr.o(.text) referenced from sysexeattr.o(.constdata)
 <LI><a href="#[83]">Set_Group_Attr</a> from scene&group.o(.text) referenced from sysexeattr.o(.constdata)
 <LI><a href="#[af]">Set_IAPPackSave_Attr</a> from flashattr.o(.text) referenced from sysexeattr.o(.constdata)
 <LI><a href="#[ad]">Set_IAPReady_Attr</a> from flashattr.o(.text) referenced from sysexeattr.o(.constdata)
 <LI><a href="#[a4]">Set_Link_Attr</a> from sysexeattr.o(.text) referenced from sysexeattr.o(.constdata)
 <LI><a href="#[a6]">Set_Link_Time_Attr</a> from sysexeattr.o(.text) referenced from sysexeattr.o(.constdata)
 <LI><a href="#[7d]">Set_ManyUnitEx_Attr</a> from unitshare_attr.o(.text) referenced from sysexeattr.o(.constdata)
 <LI><a href="#[7a]">Set_ManyUnit_Attr</a> from unitshare_attr.o(.text) referenced from sysexeattr.o(.constdata)
 <LI><a href="#[6a]">Set_MaxMinTemperature_Attr</a> from airattr.o(.text) referenced from airattr.o(.constdata)
 <LI><a href="#[78]">Set_RS232Cfg_Attr</a> from airattr.o(.text) referenced from airattr.o(.constdata)
 <LI><a href="#[99]">Set_RepeatBandAddr_Attr</a> from sysexeattr.o(.text) referenced from sysexeattr.o(.constdata)
 <LI><a href="#[87]">Set_RepeatBroadcast_Attr</a> from sysexeattr.o(.text) referenced from sysexeattr.o(.constdata)
 <LI><a href="#[ab]">Set_ResetAddr_Attr</a> from deviceidsetattr.o(.text) referenced from sysexeattr.o(.constdata)
 <LI><a href="#[81]">Set_Scene_Attr</a> from scene&group.o(.text) referenced 2 times from sysexeattr.o(.constdata)
 <LI><a href="#[68]">Set_SelfAdjust_Attr</a> from devicerelate.o(.text) referenced from airattr.o(.constdata)
 <LI><a href="#[8d]">Set_Sign433_RecFrameStream_Attr</a> from sign433attr.o(.text) referenced from sysexeattr.o(.constdata)
 <LI><a href="#[8b]">Set_Sign433_StartRecFrame_Attr</a> from sign433attr.o(.text) referenced from sysexeattr.o(.constdata)
 <LI><a href="#[89]">Set_Sign433_StartSendFrame_Attr</a> from sign433attr.o(.text) referenced from sysexeattr.o(.constdata)
 <LI><a href="#[90]">Set_Sign433_TestState_Attr</a> from sign433attr.o(.text) referenced from sysexeattr.o(.constdata)
 <LI><a href="#[9e]">Set_UnitAble_Attr</a> from sysexeattr.o(.text) referenced from sysexeattr.o(.constdata)
 <LI><a href="#[85]">Set_UnitArea_Attr</a> from sysexeattr.o(.text) referenced from sysexeattr.o(.constdata)
 <LI><a href="#[7c]">Set_UnitChecking_Attr</a> from unitshare_attr.o(.text) referenced from sysexeattr.o(.constdata)
 <LI><a href="#[a0]">Set_UnitType_Attr</a> from sysexeattr.o(.text) referenced from sysexeattr.o(.constdata)
 <LI><a href="#[9c]">Set_UploadAble_Attr</a> from sysexeattr.o(.text) referenced from sysexeattr.o(.constdata)
 <LI><a href="#[9b]">Set_UserDataFormat_Attr</a> from sysexeattr.o(.text) referenced from sysexeattr.o(.constdata)
 <LI><a href="#[94]">Set_UserID_Attr</a> from sysexeattr.o(.text) referenced from sysexeattr.o(.constdata)
 <LI><a href="#[4c]">ShortMsg_Process</a> from cmdprocess.o(.text) referenced from cmdprocess.o(.text)
 <LI><a href="#[3b]">Si4432_Init</a> from si4432.o(.text) referenced 2 times from si4432.o(.text)
 <LI><a href="#[4a]">Si4432_Send</a> from si4432.o(.text) referenced 2 times from cmdprocess.o(.text)
 <LI><a href="#[3c]">Si4432_Threshold</a> from si4432.o(.text) referenced 2 times from si4432.o(.text)
 <LI><a href="#[53]">Sign433_SendTestFrame</a> from sign433.o(.text) referenced 2 times from sign433attr.o(.text)
 <LI><a href="#[50]">Sign433_SendTestFrameStream</a> from sign433.o(.text) referenced from sign433attr.o(.text)
 <LI><a href="#[52]">Sign433_SendTestReport</a> from sign433.o(.text) referenced from sign433attr.o(.text)
 <LI><a href="#[5c]">SysAttr_Init</a> from sysexeattr.o(.text) referenced from unitcfg.o(.constdata)
 <LI><a href="#[54]">SysTickUpload</a> from upload.o(.text) referenced from sysexeattr.o(.text)
 <LI><a href="#[c]">SysTick_Handler</a> from systick.o(.text) referenced from startup_stm32f10x_md.o(RESET)
 <LI><a href="#[5d]">Sys_UnitAttrNum</a> from sysexeattr.o(.text) referenced from unitcfg.o(.constdata)
 <LI><a href="#[38]">SystemInit</a> from system_stm32f10x.o(.text) referenced from startup_stm32f10x_md.o(.text)
 <LI><a href="#[f]">TAMPER_IRQHandler</a> from startup_stm32f10x_md.o(.text) referenced from startup_stm32f10x_md.o(RESET)
 <LI><a href="#[25]">TIM1_BRK_IRQHandler</a> from startup_stm32f10x_md.o(.text) referenced from startup_stm32f10x_md.o(RESET)
 <LI><a href="#[28]">TIM1_CC_IRQHandler</a> from startup_stm32f10x_md.o(.text) referenced from startup_stm32f10x_md.o(RESET)
 <LI><a href="#[27]">TIM1_TRG_COM_IRQHandler</a> from startup_stm32f10x_md.o(.text) referenced from startup_stm32f10x_md.o(RESET)
 <LI><a href="#[26]">TIM1_UP_IRQHandler</a> from startup_stm32f10x_md.o(.text) referenced from startup_stm32f10x_md.o(RESET)
 <LI><a href="#[29]">TIM2_IRQHandler</a> from startup_stm32f10x_md.o(.text) referenced from startup_stm32f10x_md.o(RESET)
 <LI><a href="#[2a]">TIM3_IRQHandler</a> from startup_stm32f10x_md.o(.text) referenced from startup_stm32f10x_md.o(RESET)
 <LI><a href="#[2b]">TIM4_IRQHandler</a> from startup_stm32f10x_md.o(.text) referenced from startup_stm32f10x_md.o(RESET)
 <LI><a href="#[46]">UART_Init</a> from usart.o(.text) referenced from airattr.o(.text)
 <LI><a href="#[57]">UART_Send</a> from usart.o(.text) referenced from systestattr.o(.text)
 <LI><a href="#[32]">USART1_IRQHandler</a> from startup_stm32f10x_md.o(.text) referenced from startup_stm32f10x_md.o(RESET)
 <LI><a href="#[33]">USART2_IRQHandler</a> from usart.o(.text) referenced from startup_stm32f10x_md.o(RESET)
 <LI><a href="#[34]">USART3_IRQHandler</a> from startup_stm32f10x_md.o(.text) referenced from startup_stm32f10x_md.o(RESET)
 <LI><a href="#[37]">USBWakeUp_IRQHandler</a> from startup_stm32f10x_md.o(.text) referenced from startup_stm32f10x_md.o(RESET)
 <LI><a href="#[20]">USB_HP_CAN1_TX_IRQHandler</a> from startup_stm32f10x_md.o(.text) referenced from startup_stm32f10x_md.o(RESET)
 <LI><a href="#[21]">USB_LP_CAN1_RX0_IRQHandler</a> from startup_stm32f10x_md.o(.text) referenced from startup_stm32f10x_md.o(RESET)
 <LI><a href="#[1ba]">Upload_Check</a> from upload.o(.text) referenced 2 times from upload.o(.text)
 <LI><a href="#[55]">Upload_Idle</a> from upload.o(.text) referenced from upload.o(.text)
 <LI><a href="#[190]">Upload_RESTART</a> from sysexeattr.o(.text) referenced from sysexeattr.o(.text)
 <LI><a href="#[8]">UsageFault_Handler</a> from startup_stm32f10x_md.o(.text) referenced from startup_stm32f10x_md.o(RESET)
 <LI><a href="#[a8]">UserDataDownload_Ready</a> from userdatadownload.o(.text) referenced from sysexeattr.o(.constdata)
 <LI><a href="#[aa]">UserDataFrame_Check</a> from userdatadownload.o(.text) referenced from sysexeattr.o(.constdata)
 <LI><a href="#[a9]">UserDataFrame_Save</a> from userdatadownload.o(.text) referenced from sysexeattr.o(.constdata)
 <LI><a href="#[191]">UserData_Init</a> from userdata.o(.text) referenced 2 times from userdata.o(.text)
 <LI><a href="#[119]">WDG_Feed</a> from wdg.o(.text) referenced 2 times from wdg.o(.text)
 <LI><a href="#[d]">WWDG_IRQHandler</a> from startup_stm32f10x_md.o(.text) referenced from startup_stm32f10x_md.o(RESET)
 <LI><a href="#[b7]">__main</a> from __main.o(!!!main) referenced from startup_stm32f10x_md.o(.text)
 <LI><a href="#[4d]">short_get</a> from command.o(.text) referenced from cmdprocess.o(.text)
</UL>
<P>
<H3>
Global Symbols
</H3>
<P><STRONG><a name="[b7]"></a>__main</STRONG> (Thumb, 8 bytes, Stack size 0 bytes, __main.o(!!!main))
<BR><BR>[Calls]<UL><LI><a href="#[b9]">&gt;&gt;</a>&nbsp;&nbsp;&nbsp;__rt_entry
<LI><a href="#[b8]">&gt;&gt;</a>&nbsp;&nbsp;&nbsp;__scatterload
</UL>

<P><STRONG><a name="[b8]"></a>__scatterload</STRONG> (Thumb, 0 bytes, Stack size unknown bytes, __scatter.o(!!!scatter))
<BR><BR>[Called By]<UL><LI><a href="#[b7]">&gt;&gt;</a>&nbsp;&nbsp;&nbsp;__main
</UL>

<P><STRONG><a name="[ba]"></a>__scatterload_rt2</STRONG> (Thumb, 44 bytes, Stack size unknown bytes, __scatter.o(!!!scatter), UNUSED)
<BR><BR>[Calls]<UL><LI><a href="#[b9]">&gt;&gt;</a>&nbsp;&nbsp;&nbsp;__rt_entry
</UL>

<P><STRONG><a name="[234]"></a>__scatterload_rt2_thumb_only</STRONG> (Thumb, 0 bytes, Stack size unknown bytes, __scatter.o(!!!scatter), UNUSED)

<P><STRONG><a name="[235]"></a>__scatterload_null</STRONG> (Thumb, 0 bytes, Stack size unknown bytes, __scatter.o(!!!scatter), UNUSED)

<P><STRONG><a name="[236]"></a>__decompress</STRONG> (Thumb, 58 bytes, Stack size unknown bytes, __dczerorl.o(!!dczerorl), UNUSED)

<P><STRONG><a name="[237]"></a>__decompress0</STRONG> (Thumb, 0 bytes, Stack size unknown bytes, __dczerorl.o(!!dczerorl), UNUSED)

<P><STRONG><a name="[238]"></a>__scatterload_zeroinit</STRONG> (Thumb, 28 bytes, Stack size unknown bytes, __scatter_zi.o(!!handler_zi), UNUSED)

<P><STRONG><a name="[c0]"></a>__rt_lib_init</STRONG> (Thumb, 0 bytes, Stack size unknown bytes, libinit.o(.ARM.Collect$$libinit$$00000000))
<BR><BR>[Called By]<UL><LI><a href="#[bf]">&gt;&gt;</a>&nbsp;&nbsp;&nbsp;__rt_entry_li
</UL>

<P><STRONG><a name="[239]"></a>__rt_lib_init_fp_1</STRONG> (Thumb, 0 bytes, Stack size unknown bytes, libinit2.o(.ARM.Collect$$libinit$$00000002))

<P><STRONG><a name="[23a]"></a>__rt_lib_init_heap_1</STRONG> (Thumb, 0 bytes, Stack size unknown bytes, libinit2.o(.ARM.Collect$$libinit$$0000000A))

<P><STRONG><a name="[23b]"></a>__rt_lib_init_preinit_1</STRONG> (Thumb, 0 bytes, Stack size unknown bytes, libinit2.o(.ARM.Collect$$libinit$$00000004))

<P><STRONG><a name="[bb]"></a>__rt_lib_init_rand_2</STRONG> (Thumb, 0 bytes, Stack size unknown bytes, libinit2.o(.ARM.Collect$$libinit$$0000000D))
<BR><BR>[Stack]<UL><LI>Max Depth = 8 + Unknown Stack Size
<LI>Call Chain = __rt_lib_init_rand_2 &rArr; _rand_init &rArr; srand
</UL>
<BR>[Calls]<UL><LI><a href="#[bc]">&gt;&gt;</a>&nbsp;&nbsp;&nbsp;_rand_init
</UL>

<P><STRONG><a name="[23c]"></a>__rt_lib_init_user_alloc_1</STRONG> (Thumb, 0 bytes, Stack size unknown bytes, libinit2.o(.ARM.Collect$$libinit$$0000000C))

<P><STRONG><a name="[23d]"></a>__rt_lib_init_alloca_1</STRONG> (Thumb, 0 bytes, Stack size unknown bytes, libinit2.o(.ARM.Collect$$libinit$$0000002E))

<P><STRONG><a name="[23e]"></a>__rt_lib_init_argv_1</STRONG> (Thumb, 0 bytes, Stack size unknown bytes, libinit2.o(.ARM.Collect$$libinit$$0000002C))

<P><STRONG><a name="[23f]"></a>__rt_lib_init_atexit_1</STRONG> (Thumb, 0 bytes, Stack size unknown bytes, libinit2.o(.ARM.Collect$$libinit$$0000001B))

<P><STRONG><a name="[240]"></a>__rt_lib_init_clock_1</STRONG> (Thumb, 0 bytes, Stack size unknown bytes, libinit2.o(.ARM.Collect$$libinit$$00000021))

<P><STRONG><a name="[241]"></a>__rt_lib_init_cpp_1</STRONG> (Thumb, 0 bytes, Stack size unknown bytes, libinit2.o(.ARM.Collect$$libinit$$00000032))

<P><STRONG><a name="[242]"></a>__rt_lib_init_exceptions_1</STRONG> (Thumb, 0 bytes, Stack size unknown bytes, libinit2.o(.ARM.Collect$$libinit$$00000030))

<P><STRONG><a name="[243]"></a>__rt_lib_init_fp_trap_1</STRONG> (Thumb, 0 bytes, Stack size unknown bytes, libinit2.o(.ARM.Collect$$libinit$$0000001F))

<P><STRONG><a name="[244]"></a>__rt_lib_init_getenv_1</STRONG> (Thumb, 0 bytes, Stack size unknown bytes, libinit2.o(.ARM.Collect$$libinit$$00000023))

<P><STRONG><a name="[245]"></a>__rt_lib_init_lc_collate_1</STRONG> (Thumb, 0 bytes, Stack size unknown bytes, libinit2.o(.ARM.Collect$$libinit$$00000011))

<P><STRONG><a name="[246]"></a>__rt_lib_init_lc_ctype_1</STRONG> (Thumb, 0 bytes, Stack size unknown bytes, libinit2.o(.ARM.Collect$$libinit$$00000013))

<P><STRONG><a name="[247]"></a>__rt_lib_init_lc_monetary_1</STRONG> (Thumb, 0 bytes, Stack size unknown bytes, libinit2.o(.ARM.Collect$$libinit$$00000015))

<P><STRONG><a name="[248]"></a>__rt_lib_init_lc_numeric_1</STRONG> (Thumb, 0 bytes, Stack size unknown bytes, libinit2.o(.ARM.Collect$$libinit$$00000017))

<P><STRONG><a name="[249]"></a>__rt_lib_init_lc_time_1</STRONG> (Thumb, 0 bytes, Stack size unknown bytes, libinit2.o(.ARM.Collect$$libinit$$00000019))

<P><STRONG><a name="[24a]"></a>__rt_lib_init_rand_1</STRONG> (Thumb, 0 bytes, Stack size unknown bytes, libinit2.o(.ARM.Collect$$libinit$$0000000E))

<P><STRONG><a name="[24b]"></a>__rt_lib_init_return</STRONG> (Thumb, 0 bytes, Stack size unknown bytes, libinit2.o(.ARM.Collect$$libinit$$00000033))

<P><STRONG><a name="[24c]"></a>__rt_lib_init_signal_1</STRONG> (Thumb, 0 bytes, Stack size unknown bytes, libinit2.o(.ARM.Collect$$libinit$$0000001D))

<P><STRONG><a name="[24d]"></a>__rt_lib_init_stdio_1</STRONG> (Thumb, 0 bytes, Stack size unknown bytes, libinit2.o(.ARM.Collect$$libinit$$00000025))

<P><STRONG><a name="[c5]"></a>__rt_lib_shutdown</STRONG> (Thumb, 0 bytes, Stack size unknown bytes, libshutdown.o(.ARM.Collect$$libshutdown$$00000000))
<BR><BR>[Called By]<UL><LI><a href="#[c4]">&gt;&gt;</a>&nbsp;&nbsp;&nbsp;__rt_exit_ls
</UL>

<P><STRONG><a name="[24e]"></a>__rt_lib_shutdown_cpp_1</STRONG> (Thumb, 0 bytes, Stack size unknown bytes, libshutdown2.o(.ARM.Collect$$libshutdown$$00000002))

<P><STRONG><a name="[24f]"></a>__rt_lib_shutdown_fp_trap_1</STRONG> (Thumb, 0 bytes, Stack size unknown bytes, libshutdown2.o(.ARM.Collect$$libshutdown$$00000007))

<P><STRONG><a name="[250]"></a>__rt_lib_shutdown_heap_1</STRONG> (Thumb, 0 bytes, Stack size unknown bytes, libshutdown2.o(.ARM.Collect$$libshutdown$$0000000F))

<P><STRONG><a name="[251]"></a>__rt_lib_shutdown_return</STRONG> (Thumb, 0 bytes, Stack size unknown bytes, libshutdown2.o(.ARM.Collect$$libshutdown$$00000010))

<P><STRONG><a name="[252]"></a>__rt_lib_shutdown_signal_1</STRONG> (Thumb, 0 bytes, Stack size unknown bytes, libshutdown2.o(.ARM.Collect$$libshutdown$$0000000A))

<P><STRONG><a name="[253]"></a>__rt_lib_shutdown_stdio_1</STRONG> (Thumb, 0 bytes, Stack size unknown bytes, libshutdown2.o(.ARM.Collect$$libshutdown$$00000004))

<P><STRONG><a name="[254]"></a>__rt_lib_shutdown_user_alloc_1</STRONG> (Thumb, 0 bytes, Stack size unknown bytes, libshutdown2.o(.ARM.Collect$$libshutdown$$0000000C))

<P><STRONG><a name="[b9]"></a>__rt_entry</STRONG> (Thumb, 0 bytes, Stack size unknown bytes, __rtentry.o(.ARM.Collect$$rtentry$$00000000))
<BR><BR>[Called By]<UL><LI><a href="#[b7]">&gt;&gt;</a>&nbsp;&nbsp;&nbsp;__main
<LI><a href="#[ba]">&gt;&gt;</a>&nbsp;&nbsp;&nbsp;__scatterload_rt2
</UL>

<P><STRONG><a name="[255]"></a>__rt_entry_presh_1</STRONG> (Thumb, 0 bytes, Stack size unknown bytes, __rtentry2.o(.ARM.Collect$$rtentry$$00000002))

<P><STRONG><a name="[bd]"></a>__rt_entry_sh</STRONG> (Thumb, 0 bytes, Stack size unknown bytes, __rtentry4.o(.ARM.Collect$$rtentry$$00000004))
<BR><BR>[Stack]<UL><LI>Max Depth = 8 + Unknown Stack Size
<LI>Call Chain = __rt_entry_sh &rArr; __user_setup_stackheap
</UL>
<BR>[Calls]<UL><LI><a href="#[be]">&gt;&gt;</a>&nbsp;&nbsp;&nbsp;__user_setup_stackheap
</UL>

<P><STRONG><a name="[bf]"></a>__rt_entry_li</STRONG> (Thumb, 0 bytes, Stack size unknown bytes, __rtentry2.o(.ARM.Collect$$rtentry$$0000000A))
<BR><BR>[Calls]<UL><LI><a href="#[c0]">&gt;&gt;</a>&nbsp;&nbsp;&nbsp;__rt_lib_init
</UL>

<P><STRONG><a name="[256]"></a>__rt_entry_postsh_1</STRONG> (Thumb, 0 bytes, Stack size unknown bytes, __rtentry2.o(.ARM.Collect$$rtentry$$00000009))

<P><STRONG><a name="[c1]"></a>__rt_entry_main</STRONG> (Thumb, 0 bytes, Stack size unknown bytes, __rtentry2.o(.ARM.Collect$$rtentry$$0000000D))
<BR><BR>[Stack]<UL><LI>Max Depth = 1104 + Unknown Stack Size
<LI>Call Chain = __rt_entry_main &rArr; main &rArr; SysHard_Init &rArr; FlashEncryptionInit &rArr; Program_WriteEx &rArr; Flash_Write
</UL>
<BR>[Calls]<UL><LI><a href="#[c2]">&gt;&gt;</a>&nbsp;&nbsp;&nbsp;main
<LI><a href="#[c3]">&gt;&gt;</a>&nbsp;&nbsp;&nbsp;exit
</UL>

<P><STRONG><a name="[257]"></a>__rt_entry_postli_1</STRONG> (Thumb, 0 bytes, Stack size unknown bytes, __rtentry2.o(.ARM.Collect$$rtentry$$0000000C))

<P><STRONG><a name="[22b]"></a>__rt_exit</STRONG> (Thumb, 0 bytes, Stack size unknown bytes, rtexit.o(.ARM.Collect$$rtexit$$00000000))
<BR><BR>[Called By]<UL><LI><a href="#[c3]">&gt;&gt;</a>&nbsp;&nbsp;&nbsp;exit
</UL>

<P><STRONG><a name="[c4]"></a>__rt_exit_ls</STRONG> (Thumb, 0 bytes, Stack size unknown bytes, rtexit2.o(.ARM.Collect$$rtexit$$00000003))
<BR><BR>[Calls]<UL><LI><a href="#[c5]">&gt;&gt;</a>&nbsp;&nbsp;&nbsp;__rt_lib_shutdown
</UL>

<P><STRONG><a name="[258]"></a>__rt_exit_prels_1</STRONG> (Thumb, 0 bytes, Stack size unknown bytes, rtexit2.o(.ARM.Collect$$rtexit$$00000002))

<P><STRONG><a name="[c6]"></a>__rt_exit_exit</STRONG> (Thumb, 0 bytes, Stack size unknown bytes, rtexit2.o(.ARM.Collect$$rtexit$$00000004))
<BR><BR>[Calls]<UL><LI><a href="#[c7]">&gt;&gt;</a>&nbsp;&nbsp;&nbsp;_sys_exit
</UL>

<P><STRONG><a name="[259]"></a>DisableIRQ</STRONG> (Thumb, 4 bytes, Stack size 0 bytes, sys.o(.emb_text), UNUSED)

<P><STRONG><a name="[25a]"></a>EnableIRQ</STRONG> (Thumb, 4 bytes, Stack size 0 bytes, sys.o(.emb_text), UNUSED)

<P><STRONG><a name="[108]"></a>Set_MSP</STRONG> (Thumb, 6 bytes, Stack size 0 bytes, sys.o(.emb_text))
<BR><BR>[Called By]<UL><LI><a href="#[107]">&gt;&gt;</a>&nbsp;&nbsp;&nbsp;JumpToCode
</UL>

<P><STRONG><a name="[25b]"></a>CPU_SR_Restore</STRONG> (Thumb, 6 bytes, Stack size 0 bytes, sys.o(.emb_text), UNUSED)

<P><STRONG><a name="[25c]"></a>CPU_SR_Save</STRONG> (Thumb, 8 bytes, Stack size 0 bytes, sys.o(.emb_text), UNUSED)

<P><STRONG><a name="[16e]"></a>rand</STRONG> (Thumb, 48 bytes, Stack size 0 bytes, rand.o(.emb_text))
<BR><BR>[Called By]<UL><LI><a href="#[63]">&gt;&gt;</a>&nbsp;&nbsp;&nbsp;Set_AirStatus_Attr
</UL>

<P><STRONG><a name="[38]"></a>SystemInit</STRONG> (Thumb, 78 bytes, Stack size 8 bytes, system_stm32f10x.o(.text))
<BR><BR>[Stack]<UL><LI>Max Depth = 20<LI>Call Chain = SystemInit &rArr; SetSysClock
</UL>
<BR>[Calls]<UL><LI><a href="#[c8]">&gt;&gt;</a>&nbsp;&nbsp;&nbsp;SetSysClock
</UL>
<BR>[Address Reference Count : 1]<UL><LI> startup_stm32f10x_md.o(.text)
</UL>
<P><STRONG><a name="[10c]"></a>Get_SysClk_FrqAndSrc</STRONG> (Thumb, 144 bytes, Stack size 20 bytes, system_stm32f10x.o(.text))
<BR><BR>[Stack]<UL><LI>Max Depth = 20<LI>Call Chain = Get_SysClk_FrqAndSrc
</UL>
<BR>[Called By]<UL><LI><a href="#[10b]">&gt;&gt;</a>&nbsp;&nbsp;&nbsp;SysTick_Init
<LI><a href="#[7e]">&gt;&gt;</a>&nbsp;&nbsp;&nbsp;Get_DeveiceSysClockFeature_Attr
</UL>

<P><STRONG><a name="[3]"></a>Reset_Handler</STRONG> (Thumb, 8 bytes, Stack size 0 bytes, startup_stm32f10x_md.o(.text))
<BR>[Address Reference Count : 1]<UL><LI> startup_stm32f10x_md.o(RESET)
</UL>
<P><STRONG><a name="[4]"></a>NMI_Handler</STRONG> (Thumb, 2 bytes, Stack size 0 bytes, startup_stm32f10x_md.o(.text))
<BR><BR>[Calls]<UL><LI><a href="#[4]">&gt;&gt;</a>&nbsp;&nbsp;&nbsp;NMI_Handler
</UL>
<BR>[Called By]<UL><LI><a href="#[4]">&gt;&gt;</a>&nbsp;&nbsp;&nbsp;NMI_Handler
</UL>
<BR>[Address Reference Count : 1]<UL><LI> startup_stm32f10x_md.o(RESET)
</UL>
<P><STRONG><a name="[5]"></a>HardFault_Handler</STRONG> (Thumb, 2 bytes, Stack size 0 bytes, startup_stm32f10x_md.o(.text))
<BR><BR>[Calls]<UL><LI><a href="#[5]">&gt;&gt;</a>&nbsp;&nbsp;&nbsp;HardFault_Handler
</UL>
<BR>[Called By]<UL><LI><a href="#[5]">&gt;&gt;</a>&nbsp;&nbsp;&nbsp;HardFault_Handler
</UL>
<BR>[Address Reference Count : 1]<UL><LI> startup_stm32f10x_md.o(RESET)
</UL>
<P><STRONG><a name="[6]"></a>MemManage_Handler</STRONG> (Thumb, 2 bytes, Stack size 0 bytes, startup_stm32f10x_md.o(.text))
<BR><BR>[Calls]<UL><LI><a href="#[6]">&gt;&gt;</a>&nbsp;&nbsp;&nbsp;MemManage_Handler
</UL>
<BR>[Called By]<UL><LI><a href="#[6]">&gt;&gt;</a>&nbsp;&nbsp;&nbsp;MemManage_Handler
</UL>
<BR>[Address Reference Count : 1]<UL><LI> startup_stm32f10x_md.o(RESET)
</UL>
<P><STRONG><a name="[7]"></a>BusFault_Handler</STRONG> (Thumb, 2 bytes, Stack size 0 bytes, startup_stm32f10x_md.o(.text))
<BR><BR>[Calls]<UL><LI><a href="#[7]">&gt;&gt;</a>&nbsp;&nbsp;&nbsp;BusFault_Handler
</UL>
<BR>[Called By]<UL><LI><a href="#[7]">&gt;&gt;</a>&nbsp;&nbsp;&nbsp;BusFault_Handler
</UL>
<BR>[Address Reference Count : 1]<UL><LI> startup_stm32f10x_md.o(RESET)
</UL>
<P><STRONG><a name="[8]"></a>UsageFault_Handler</STRONG> (Thumb, 2 bytes, Stack size 0 bytes, startup_stm32f10x_md.o(.text))
<BR><BR>[Calls]<UL><LI><a href="#[8]">&gt;&gt;</a>&nbsp;&nbsp;&nbsp;UsageFault_Handler
</UL>
<BR>[Called By]<UL><LI><a href="#[8]">&gt;&gt;</a>&nbsp;&nbsp;&nbsp;UsageFault_Handler
</UL>
<BR>[Address Reference Count : 1]<UL><LI> startup_stm32f10x_md.o(RESET)
</UL>
<P><STRONG><a name="[9]"></a>SVC_Handler</STRONG> (Thumb, 2 bytes, Stack size 0 bytes, startup_stm32f10x_md.o(.text))
<BR><BR>[Calls]<UL><LI><a href="#[9]">&gt;&gt;</a>&nbsp;&nbsp;&nbsp;SVC_Handler
</UL>
<BR>[Called By]<UL><LI><a href="#[9]">&gt;&gt;</a>&nbsp;&nbsp;&nbsp;SVC_Handler
</UL>
<BR>[Address Reference Count : 1]<UL><LI> startup_stm32f10x_md.o(RESET)
</UL>
<P><STRONG><a name="[a]"></a>DebugMon_Handler</STRONG> (Thumb, 2 bytes, Stack size 0 bytes, startup_stm32f10x_md.o(.text))
<BR><BR>[Calls]<UL><LI><a href="#[a]">&gt;&gt;</a>&nbsp;&nbsp;&nbsp;DebugMon_Handler
</UL>
<BR>[Called By]<UL><LI><a href="#[a]">&gt;&gt;</a>&nbsp;&nbsp;&nbsp;DebugMon_Handler
</UL>
<BR>[Address Reference Count : 1]<UL><LI> startup_stm32f10x_md.o(RESET)
</UL>
<P><STRONG><a name="[b]"></a>PendSV_Handler</STRONG> (Thumb, 2 bytes, Stack size 0 bytes, startup_stm32f10x_md.o(.text))
<BR><BR>[Calls]<UL><LI><a href="#[b]">&gt;&gt;</a>&nbsp;&nbsp;&nbsp;PendSV_Handler
</UL>
<BR>[Called By]<UL><LI><a href="#[b]">&gt;&gt;</a>&nbsp;&nbsp;&nbsp;PendSV_Handler
</UL>
<BR>[Address Reference Count : 1]<UL><LI> startup_stm32f10x_md.o(RESET)
</UL>
<P><STRONG><a name="[1f]"></a>ADC1_2_IRQHandler</STRONG> (Thumb, 0 bytes, Stack size 0 bytes, startup_stm32f10x_md.o(.text))
<BR><BR>[Calls]<UL><LI><a href="#[1f]">&gt;&gt;</a>&nbsp;&nbsp;&nbsp;ADC1_2_IRQHandler
</UL>
<BR>[Called By]<UL><LI><a href="#[1f]">&gt;&gt;</a>&nbsp;&nbsp;&nbsp;ADC1_2_IRQHandler
</UL>
<BR>[Address Reference Count : 1]<UL><LI> startup_stm32f10x_md.o(RESET)
</UL>
<P><STRONG><a name="[22]"></a>CAN1_RX1_IRQHandler</STRONG> (Thumb, 0 bytes, Stack size 0 bytes, startup_stm32f10x_md.o(.text))
<BR>[Address Reference Count : 1]<UL><LI> startup_stm32f10x_md.o(RESET)
</UL>
<P><STRONG><a name="[23]"></a>CAN1_SCE_IRQHandler</STRONG> (Thumb, 0 bytes, Stack size 0 bytes, startup_stm32f10x_md.o(.text))
<BR>[Address Reference Count : 1]<UL><LI> startup_stm32f10x_md.o(RESET)
</UL>
<P><STRONG><a name="[18]"></a>DMA1_Channel1_IRQHandler</STRONG> (Thumb, 0 bytes, Stack size 0 bytes, startup_stm32f10x_md.o(.text))
<BR>[Address Reference Count : 1]<UL><LI> startup_stm32f10x_md.o(RESET)
</UL>
<P><STRONG><a name="[19]"></a>DMA1_Channel2_IRQHandler</STRONG> (Thumb, 0 bytes, Stack size 0 bytes, startup_stm32f10x_md.o(.text))
<BR>[Address Reference Count : 1]<UL><LI> startup_stm32f10x_md.o(RESET)
</UL>
<P><STRONG><a name="[1a]"></a>DMA1_Channel3_IRQHandler</STRONG> (Thumb, 0 bytes, Stack size 0 bytes, startup_stm32f10x_md.o(.text))
<BR>[Address Reference Count : 1]<UL><LI> startup_stm32f10x_md.o(RESET)
</UL>
<P><STRONG><a name="[1b]"></a>DMA1_Channel4_IRQHandler</STRONG> (Thumb, 0 bytes, Stack size 0 bytes, startup_stm32f10x_md.o(.text))
<BR>[Address Reference Count : 1]<UL><LI> startup_stm32f10x_md.o(RESET)
</UL>
<P><STRONG><a name="[1c]"></a>DMA1_Channel5_IRQHandler</STRONG> (Thumb, 0 bytes, Stack size 0 bytes, startup_stm32f10x_md.o(.text))
<BR>[Address Reference Count : 1]<UL><LI> startup_stm32f10x_md.o(RESET)
</UL>
<P><STRONG><a name="[1d]"></a>DMA1_Channel6_IRQHandler</STRONG> (Thumb, 0 bytes, Stack size 0 bytes, startup_stm32f10x_md.o(.text))
<BR>[Address Reference Count : 1]<UL><LI> startup_stm32f10x_md.o(RESET)
</UL>
<P><STRONG><a name="[1e]"></a>DMA1_Channel7_IRQHandler</STRONG> (Thumb, 0 bytes, Stack size 0 bytes, startup_stm32f10x_md.o(.text))
<BR>[Address Reference Count : 1]<UL><LI> startup_stm32f10x_md.o(RESET)
</UL>
<P><STRONG><a name="[13]"></a>EXTI0_IRQHandler</STRONG> (Thumb, 0 bytes, Stack size 0 bytes, startup_stm32f10x_md.o(.text))
<BR>[Address Reference Count : 1]<UL><LI> startup_stm32f10x_md.o(RESET)
</UL>
<P><STRONG><a name="[14]"></a>EXTI1_IRQHandler</STRONG> (Thumb, 0 bytes, Stack size 0 bytes, startup_stm32f10x_md.o(.text))
<BR>[Address Reference Count : 1]<UL><LI> startup_stm32f10x_md.o(RESET)
</UL>
<P><STRONG><a name="[15]"></a>EXTI2_IRQHandler</STRONG> (Thumb, 0 bytes, Stack size 0 bytes, startup_stm32f10x_md.o(.text))
<BR>[Address Reference Count : 1]<UL><LI> startup_stm32f10x_md.o(RESET)
</UL>
<P><STRONG><a name="[16]"></a>EXTI3_IRQHandler</STRONG> (Thumb, 0 bytes, Stack size 0 bytes, startup_stm32f10x_md.o(.text))
<BR>[Address Reference Count : 1]<UL><LI> startup_stm32f10x_md.o(RESET)
</UL>
<P><STRONG><a name="[17]"></a>EXTI4_IRQHandler</STRONG> (Thumb, 0 bytes, Stack size 0 bytes, startup_stm32f10x_md.o(.text))
<BR>[Address Reference Count : 1]<UL><LI> startup_stm32f10x_md.o(RESET)
</UL>
<P><STRONG><a name="[24]"></a>EXTI9_5_IRQHandler</STRONG> (Thumb, 0 bytes, Stack size 0 bytes, startup_stm32f10x_md.o(.text))
<BR>[Address Reference Count : 1]<UL><LI> startup_stm32f10x_md.o(RESET)
</UL>
<P><STRONG><a name="[11]"></a>FLASH_IRQHandler</STRONG> (Thumb, 0 bytes, Stack size 0 bytes, startup_stm32f10x_md.o(.text))
<BR>[Address Reference Count : 1]<UL><LI> startup_stm32f10x_md.o(RESET)
</UL>
<P><STRONG><a name="[2d]"></a>I2C1_ER_IRQHandler</STRONG> (Thumb, 0 bytes, Stack size 0 bytes, startup_stm32f10x_md.o(.text))
<BR>[Address Reference Count : 1]<UL><LI> startup_stm32f10x_md.o(RESET)
</UL>
<P><STRONG><a name="[2c]"></a>I2C1_EV_IRQHandler</STRONG> (Thumb, 0 bytes, Stack size 0 bytes, startup_stm32f10x_md.o(.text))
<BR>[Address Reference Count : 1]<UL><LI> startup_stm32f10x_md.o(RESET)
</UL>
<P><STRONG><a name="[2f]"></a>I2C2_ER_IRQHandler</STRONG> (Thumb, 0 bytes, Stack size 0 bytes, startup_stm32f10x_md.o(.text))
<BR>[Address Reference Count : 1]<UL><LI> startup_stm32f10x_md.o(RESET)
</UL>
<P><STRONG><a name="[2e]"></a>I2C2_EV_IRQHandler</STRONG> (Thumb, 0 bytes, Stack size 0 bytes, startup_stm32f10x_md.o(.text))
<BR>[Address Reference Count : 1]<UL><LI> startup_stm32f10x_md.o(RESET)
</UL>
<P><STRONG><a name="[e]"></a>PVD_IRQHandler</STRONG> (Thumb, 0 bytes, Stack size 0 bytes, startup_stm32f10x_md.o(.text))
<BR>[Address Reference Count : 1]<UL><LI> startup_stm32f10x_md.o(RESET)
</UL>
<P><STRONG><a name="[12]"></a>RCC_IRQHandler</STRONG> (Thumb, 0 bytes, Stack size 0 bytes, startup_stm32f10x_md.o(.text))
<BR>[Address Reference Count : 1]<UL><LI> startup_stm32f10x_md.o(RESET)
</UL>
<P><STRONG><a name="[36]"></a>RTCAlarm_IRQHandler</STRONG> (Thumb, 0 bytes, Stack size 0 bytes, startup_stm32f10x_md.o(.text))
<BR>[Address Reference Count : 1]<UL><LI> startup_stm32f10x_md.o(RESET)
</UL>
<P><STRONG><a name="[10]"></a>RTC_IRQHandler</STRONG> (Thumb, 0 bytes, Stack size 0 bytes, startup_stm32f10x_md.o(.text))
<BR>[Address Reference Count : 1]<UL><LI> startup_stm32f10x_md.o(RESET)
</UL>
<P><STRONG><a name="[30]"></a>SPI1_IRQHandler</STRONG> (Thumb, 0 bytes, Stack size 0 bytes, startup_stm32f10x_md.o(.text))
<BR>[Address Reference Count : 1]<UL><LI> startup_stm32f10x_md.o(RESET)
</UL>
<P><STRONG><a name="[31]"></a>SPI2_IRQHandler</STRONG> (Thumb, 0 bytes, Stack size 0 bytes, startup_stm32f10x_md.o(.text))
<BR>[Address Reference Count : 1]<UL><LI> startup_stm32f10x_md.o(RESET)
</UL>
<P><STRONG><a name="[f]"></a>TAMPER_IRQHandler</STRONG> (Thumb, 0 bytes, Stack size 0 bytes, startup_stm32f10x_md.o(.text))
<BR>[Address Reference Count : 1]<UL><LI> startup_stm32f10x_md.o(RESET)
</UL>
<P><STRONG><a name="[25]"></a>TIM1_BRK_IRQHandler</STRONG> (Thumb, 0 bytes, Stack size 0 bytes, startup_stm32f10x_md.o(.text))
<BR>[Address Reference Count : 1]<UL><LI> startup_stm32f10x_md.o(RESET)
</UL>
<P><STRONG><a name="[28]"></a>TIM1_CC_IRQHandler</STRONG> (Thumb, 0 bytes, Stack size 0 bytes, startup_stm32f10x_md.o(.text))
<BR>[Address Reference Count : 1]<UL><LI> startup_stm32f10x_md.o(RESET)
</UL>
<P><STRONG><a name="[27]"></a>TIM1_TRG_COM_IRQHandler</STRONG> (Thumb, 0 bytes, Stack size 0 bytes, startup_stm32f10x_md.o(.text))
<BR>[Address Reference Count : 1]<UL><LI> startup_stm32f10x_md.o(RESET)
</UL>
<P><STRONG><a name="[26]"></a>TIM1_UP_IRQHandler</STRONG> (Thumb, 0 bytes, Stack size 0 bytes, startup_stm32f10x_md.o(.text))
<BR>[Address Reference Count : 1]<UL><LI> startup_stm32f10x_md.o(RESET)
</UL>
<P><STRONG><a name="[29]"></a>TIM2_IRQHandler</STRONG> (Thumb, 0 bytes, Stack size 0 bytes, startup_stm32f10x_md.o(.text))
<BR>[Address Reference Count : 1]<UL><LI> startup_stm32f10x_md.o(RESET)
</UL>
<P><STRONG><a name="[2a]"></a>TIM3_IRQHandler</STRONG> (Thumb, 0 bytes, Stack size 0 bytes, startup_stm32f10x_md.o(.text))
<BR>[Address Reference Count : 1]<UL><LI> startup_stm32f10x_md.o(RESET)
</UL>
<P><STRONG><a name="[2b]"></a>TIM4_IRQHandler</STRONG> (Thumb, 0 bytes, Stack size 0 bytes, startup_stm32f10x_md.o(.text))
<BR>[Address Reference Count : 1]<UL><LI> startup_stm32f10x_md.o(RESET)
</UL>
<P><STRONG><a name="[32]"></a>USART1_IRQHandler</STRONG> (Thumb, 0 bytes, Stack size 0 bytes, startup_stm32f10x_md.o(.text))
<BR>[Address Reference Count : 1]<UL><LI> startup_stm32f10x_md.o(RESET)
</UL>
<P><STRONG><a name="[34]"></a>USART3_IRQHandler</STRONG> (Thumb, 0 bytes, Stack size 0 bytes, startup_stm32f10x_md.o(.text))
<BR>[Address Reference Count : 1]<UL><LI> startup_stm32f10x_md.o(RESET)
</UL>
<P><STRONG><a name="[37]"></a>USBWakeUp_IRQHandler</STRONG> (Thumb, 0 bytes, Stack size 0 bytes, startup_stm32f10x_md.o(.text))
<BR>[Address Reference Count : 1]<UL><LI> startup_stm32f10x_md.o(RESET)
</UL>
<P><STRONG><a name="[20]"></a>USB_HP_CAN1_TX_IRQHandler</STRONG> (Thumb, 0 bytes, Stack size 0 bytes, startup_stm32f10x_md.o(.text))
<BR>[Address Reference Count : 1]<UL><LI> startup_stm32f10x_md.o(RESET)
</UL>
<P><STRONG><a name="[21]"></a>USB_LP_CAN1_RX0_IRQHandler</STRONG> (Thumb, 0 bytes, Stack size 0 bytes, startup_stm32f10x_md.o(.text))
<BR>[Address Reference Count : 1]<UL><LI> startup_stm32f10x_md.o(RESET)
</UL>
<P><STRONG><a name="[d]"></a>WWDG_IRQHandler</STRONG> (Thumb, 0 bytes, Stack size 0 bytes, startup_stm32f10x_md.o(.text))
<BR>[Address Reference Count : 1]<UL><LI> startup_stm32f10x_md.o(RESET)
</UL>
<P><STRONG><a name="[22a]"></a>__user_initial_stackheap</STRONG> (Thumb, 0 bytes, Stack size unknown bytes, startup_stm32f10x_md.o(.text))
<BR><BR>[Called By]<UL><LI><a href="#[be]">&gt;&gt;</a>&nbsp;&nbsp;&nbsp;__user_setup_stackheap
</UL>

<P><STRONG><a name="[cc]"></a>DeviceResetCheck_Init</STRONG> (Thumb, 36 bytes, Stack size 8 bytes, devicereset.o(.text))
<BR><BR>[Stack]<UL><LI>Max Depth = 80<LI>Call Chain = DeviceResetCheck_Init &rArr; Thread_Login &rArr; Thread_Wake &rArr; memmove
</UL>
<BR>[Calls]<UL><LI><a href="#[ca]">&gt;&gt;</a>&nbsp;&nbsp;&nbsp;Thread_Login
<LI><a href="#[ce]">&gt;&gt;</a>&nbsp;&nbsp;&nbsp;GPIOx_Set
<LI><a href="#[cd]">&gt;&gt;</a>&nbsp;&nbsp;&nbsp;GPIOx_Cfg
</UL>
<BR>[Called By]<UL><LI><a href="#[c2]">&gt;&gt;</a>&nbsp;&nbsp;&nbsp;main
<LI><a href="#[3a]">&gt;&gt;</a>&nbsp;&nbsp;&nbsp;Reset_Check
</UL>

<P><STRONG><a name="[d5]"></a>Flash_Unlock</STRONG> (Thumb, 12 bytes, Stack size 0 bytes, flash.o(.text))
<BR><BR>[Called By]<UL><LI><a href="#[e6]">&gt;&gt;</a>&nbsp;&nbsp;&nbsp;Program_WriteEx
<LI><a href="#[58]">&gt;&gt;</a>&nbsp;&nbsp;&nbsp;Program_Write
<LI><a href="#[e4]">&gt;&gt;</a>&nbsp;&nbsp;&nbsp;Program_Erase
<LI><a href="#[d6]">&gt;&gt;</a>&nbsp;&nbsp;&nbsp;Flash_WriteOptionByte
<LI><a href="#[d4]">&gt;&gt;</a>&nbsp;&nbsp;&nbsp;Flash_EraseOptionByte
</UL>

<P><STRONG><a name="[e5]"></a>Flash_lock</STRONG> (Thumb, 14 bytes, Stack size 0 bytes, flash.o(.text))
<BR><BR>[Called By]<UL><LI><a href="#[e6]">&gt;&gt;</a>&nbsp;&nbsp;&nbsp;Program_WriteEx
<LI><a href="#[58]">&gt;&gt;</a>&nbsp;&nbsp;&nbsp;Program_Write
<LI><a href="#[e4]">&gt;&gt;</a>&nbsp;&nbsp;&nbsp;Program_Erase
</UL>

<P><STRONG><a name="[cf]"></a>FLASH_ErasePage</STRONG> (Thumb, 74 bytes, Stack size 16 bytes, flash.o(.text))
<BR><BR>[Stack]<UL><LI>Max Depth = 16<LI>Call Chain = FLASH_ErasePage
</UL>
<BR>[Calls]<UL><LI><a href="#[d0]">&gt;&gt;</a>&nbsp;&nbsp;&nbsp;Flash_Status
<LI><a href="#[d1]">&gt;&gt;</a>&nbsp;&nbsp;&nbsp;Flash_EOP
</UL>
<BR>[Called By]<UL><LI><a href="#[e6]">&gt;&gt;</a>&nbsp;&nbsp;&nbsp;Program_WriteEx
<LI><a href="#[e4]">&gt;&gt;</a>&nbsp;&nbsp;&nbsp;Program_Erase
</UL>

<P><STRONG><a name="[d2]"></a>Flash_ProgramHalfWord</STRONG> (Thumb, 68 bytes, Stack size 16 bytes, flash.o(.text), UNUSED)
<BR><BR>[Calls]<UL><LI><a href="#[d0]">&gt;&gt;</a>&nbsp;&nbsp;&nbsp;Flash_Status
<LI><a href="#[d1]">&gt;&gt;</a>&nbsp;&nbsp;&nbsp;Flash_EOP
</UL>

<P><STRONG><a name="[d3]"></a>Flash_Write</STRONG> (Thumb, 90 bytes, Stack size 16 bytes, flash.o(.text))
<BR><BR>[Stack]<UL><LI>Max Depth = 16<LI>Call Chain = Flash_Write
</UL>
<BR>[Calls]<UL><LI><a href="#[d0]">&gt;&gt;</a>&nbsp;&nbsp;&nbsp;Flash_Status
<LI><a href="#[d1]">&gt;&gt;</a>&nbsp;&nbsp;&nbsp;Flash_EOP
</UL>
<BR>[Called By]<UL><LI><a href="#[e6]">&gt;&gt;</a>&nbsp;&nbsp;&nbsp;Program_WriteEx
<LI><a href="#[58]">&gt;&gt;</a>&nbsp;&nbsp;&nbsp;Program_Write
</UL>

<P><STRONG><a name="[d4]"></a>Flash_EraseOptionByte</STRONG> (Thumb, 74 bytes, Stack size 8 bytes, flash.o(.text), UNUSED)
<BR><BR>[Calls]<UL><LI><a href="#[d5]">&gt;&gt;</a>&nbsp;&nbsp;&nbsp;Flash_Unlock
<LI><a href="#[d0]">&gt;&gt;</a>&nbsp;&nbsp;&nbsp;Flash_Status
<LI><a href="#[d1]">&gt;&gt;</a>&nbsp;&nbsp;&nbsp;Flash_EOP
</UL>

<P><STRONG><a name="[d6]"></a>Flash_WriteOptionByte</STRONG> (Thumb, 80 bytes, Stack size 16 bytes, flash.o(.text), UNUSED)
<BR><BR>[Calls]<UL><LI><a href="#[d5]">&gt;&gt;</a>&nbsp;&nbsp;&nbsp;Flash_Unlock
<LI><a href="#[d0]">&gt;&gt;</a>&nbsp;&nbsp;&nbsp;Flash_Status
<LI><a href="#[d1]">&gt;&gt;</a>&nbsp;&nbsp;&nbsp;Flash_EOP
</UL>

<P><STRONG><a name="[cd]"></a>GPIOx_Cfg</STRONG> (Thumb, 92 bytes, Stack size 20 bytes, gpio.o(.text))
<BR><BR>[Stack]<UL><LI>Max Depth = 20<LI>Call Chain = GPIOx_Cfg
</UL>
<BR>[Called By]<UL><LI><a href="#[136]">&gt;&gt;</a>&nbsp;&nbsp;&nbsp;Backlight_Init
<LI><a href="#[12f]">&gt;&gt;</a>&nbsp;&nbsp;&nbsp;KeyPort_Init
<LI><a href="#[129]">&gt;&gt;</a>&nbsp;&nbsp;&nbsp;HT1621_Init
<LI><a href="#[b2]">&gt;&gt;</a>&nbsp;&nbsp;&nbsp;HardWDGTest_Attr
<LI><a href="#[11b]">&gt;&gt;</a>&nbsp;&nbsp;&nbsp;WDG_Init
<LI><a href="#[46]">&gt;&gt;</a>&nbsp;&nbsp;&nbsp;UART_Init
<LI><a href="#[10e]">&gt;&gt;</a>&nbsp;&nbsp;&nbsp;Test_Init
<LI><a href="#[eb]">&gt;&gt;</a>&nbsp;&nbsp;&nbsp;Si4432_PortInit
<LI><a href="#[d7]">&gt;&gt;</a>&nbsp;&nbsp;&nbsp;I2C_Init
<LI><a href="#[df]">&gt;&gt;</a>&nbsp;&nbsp;&nbsp;I2C_RecvB_Ack
<LI><a href="#[dd]">&gt;&gt;</a>&nbsp;&nbsp;&nbsp;I2C_WaitAck
<LI><a href="#[cc]">&gt;&gt;</a>&nbsp;&nbsp;&nbsp;DeviceResetCheck_Init
<LI><a href="#[169]">&gt;&gt;</a>&nbsp;&nbsp;&nbsp;AirCondition_Init
</UL>

<P><STRONG><a name="[ce]"></a>GPIOx_Set</STRONG> (Thumb, 22 bytes, Stack size 0 bytes, gpio.o(.text))
<BR><BR>[Called By]<UL><LI><a href="#[135]">&gt;&gt;</a>&nbsp;&nbsp;&nbsp;Backlight_On
<LI><a href="#[10e]">&gt;&gt;</a>&nbsp;&nbsp;&nbsp;Test_Init
<LI><a href="#[3b]">&gt;&gt;</a>&nbsp;&nbsp;&nbsp;Si4432_Init
<LI><a href="#[eb]">&gt;&gt;</a>&nbsp;&nbsp;&nbsp;Si4432_PortInit
<LI><a href="#[e9]">&gt;&gt;</a>&nbsp;&nbsp;&nbsp;SPI_RW_Reg
<LI><a href="#[e3]">&gt;&gt;</a>&nbsp;&nbsp;&nbsp;IIC_WriteSame
<LI><a href="#[e2]">&gt;&gt;</a>&nbsp;&nbsp;&nbsp;IIC_Write
<LI><a href="#[d7]">&gt;&gt;</a>&nbsp;&nbsp;&nbsp;I2C_Init
<LI><a href="#[df]">&gt;&gt;</a>&nbsp;&nbsp;&nbsp;I2C_RecvB_Ack
<LI><a href="#[de]">&gt;&gt;</a>&nbsp;&nbsp;&nbsp;I2C_SendB_Ack
<LI><a href="#[dd]">&gt;&gt;</a>&nbsp;&nbsp;&nbsp;I2C_WaitAck
<LI><a href="#[dc]">&gt;&gt;</a>&nbsp;&nbsp;&nbsp;I2C_ACK
<LI><a href="#[db]">&gt;&gt;</a>&nbsp;&nbsp;&nbsp;I2C_Stop
<LI><a href="#[d8]">&gt;&gt;</a>&nbsp;&nbsp;&nbsp;I2C_Start
<LI><a href="#[cc]">&gt;&gt;</a>&nbsp;&nbsp;&nbsp;DeviceResetCheck_Init
</UL>

<P><STRONG><a name="[da]"></a>GPIOx_Rst</STRONG> (Thumb, 14 bytes, Stack size 0 bytes, gpio.o(.text))
<BR><BR>[Called By]<UL><LI><a href="#[134]">&gt;&gt;</a>&nbsp;&nbsp;&nbsp;Backlight_Off
<LI><a href="#[3b]">&gt;&gt;</a>&nbsp;&nbsp;&nbsp;Si4432_Init
<LI><a href="#[e9]">&gt;&gt;</a>&nbsp;&nbsp;&nbsp;SPI_RW_Reg
<LI><a href="#[e3]">&gt;&gt;</a>&nbsp;&nbsp;&nbsp;IIC_WriteSame
<LI><a href="#[e2]">&gt;&gt;</a>&nbsp;&nbsp;&nbsp;IIC_Write
<LI><a href="#[df]">&gt;&gt;</a>&nbsp;&nbsp;&nbsp;I2C_RecvB_Ack
<LI><a href="#[de]">&gt;&gt;</a>&nbsp;&nbsp;&nbsp;I2C_SendB_Ack
<LI><a href="#[dd]">&gt;&gt;</a>&nbsp;&nbsp;&nbsp;I2C_WaitAck
<LI><a href="#[dc]">&gt;&gt;</a>&nbsp;&nbsp;&nbsp;I2C_ACK
<LI><a href="#[db]">&gt;&gt;</a>&nbsp;&nbsp;&nbsp;I2C_Stop
<LI><a href="#[d8]">&gt;&gt;</a>&nbsp;&nbsp;&nbsp;I2C_Start
</UL>

<P><STRONG><a name="[11a]"></a>GPIOx_Rvrs</STRONG> (Thumb, 14 bytes, Stack size 0 bytes, gpio.o(.text))
<BR><BR>[Called By]<UL><LI><a href="#[119]">&gt;&gt;</a>&nbsp;&nbsp;&nbsp;WDG_Feed
</UL>

<P><STRONG><a name="[c9]"></a>GPIOx_Get</STRONG> (Thumb, 14 bytes, Stack size 0 bytes, gpio.o(.text))
<BR><BR>[Called By]<UL><LI><a href="#[130]">&gt;&gt;</a>&nbsp;&nbsp;&nbsp;KeyPort_ValueGet
<LI><a href="#[105]">&gt;&gt;</a>&nbsp;&nbsp;&nbsp;Check_433M_Busy
<LI><a href="#[ff]">&gt;&gt;</a>&nbsp;&nbsp;&nbsp;RecDataToFifo
<LI><a href="#[df]">&gt;&gt;</a>&nbsp;&nbsp;&nbsp;I2C_RecvB_Ack
<LI><a href="#[dd]">&gt;&gt;</a>&nbsp;&nbsp;&nbsp;I2C_WaitAck
<LI><a href="#[3a]">&gt;&gt;</a>&nbsp;&nbsp;&nbsp;Reset_Check
</UL>

<P><STRONG><a name="[d7]"></a>I2C_Init</STRONG> (Thumb, 40 bytes, Stack size 8 bytes, i2c.o(.text))
<BR><BR>[Stack]<UL><LI>Max Depth = 28<LI>Call Chain = I2C_Init &rArr; GPIOx_Cfg
</UL>
<BR>[Calls]<UL><LI><a href="#[ce]">&gt;&gt;</a>&nbsp;&nbsp;&nbsp;GPIOx_Set
<LI><a href="#[cd]">&gt;&gt;</a>&nbsp;&nbsp;&nbsp;GPIOx_Cfg
</UL>
<BR>[Called By]<UL><LI><a href="#[109]">&gt;&gt;</a>&nbsp;&nbsp;&nbsp;SysHard_Init
</UL>

<P><STRONG><a name="[e0]"></a>IIC_GetState</STRONG> (Thumb, 40 bytes, Stack size 16 bytes, i2c.o(.text))
<BR><BR>[Stack]<UL><LI>Max Depth = 60<LI>Call Chain = IIC_GetState &rArr; I2C_SendB_Ack &rArr; I2C_WaitAck &rArr; GPIOx_Cfg
</UL>
<BR>[Calls]<UL><LI><a href="#[de]">&gt;&gt;</a>&nbsp;&nbsp;&nbsp;I2C_SendB_Ack
<LI><a href="#[db]">&gt;&gt;</a>&nbsp;&nbsp;&nbsp;I2C_Stop
<LI><a href="#[d8]">&gt;&gt;</a>&nbsp;&nbsp;&nbsp;I2C_Start
</UL>
<BR>[Called By]<UL><LI><a href="#[1be]">&gt;&gt;</a>&nbsp;&nbsp;&nbsp;WriteDataToEEPROMEx
<LI><a href="#[19d]">&gt;&gt;</a>&nbsp;&nbsp;&nbsp;WriteDataToEEPROM
<LI><a href="#[19b]">&gt;&gt;</a>&nbsp;&nbsp;&nbsp;ReadDataFromEEPROM
</UL>

<P><STRONG><a name="[e1]"></a>IIC_Read</STRONG> (Thumb, 102 bytes, Stack size 24 bytes, i2c.o(.text))
<BR><BR>[Stack]<UL><LI>Max Depth = 68<LI>Call Chain = IIC_Read &rArr; I2C_SendB_Ack &rArr; I2C_WaitAck &rArr; GPIOx_Cfg
</UL>
<BR>[Calls]<UL><LI><a href="#[df]">&gt;&gt;</a>&nbsp;&nbsp;&nbsp;I2C_RecvB_Ack
<LI><a href="#[de]">&gt;&gt;</a>&nbsp;&nbsp;&nbsp;I2C_SendB_Ack
<LI><a href="#[db]">&gt;&gt;</a>&nbsp;&nbsp;&nbsp;I2C_Stop
<LI><a href="#[d8]">&gt;&gt;</a>&nbsp;&nbsp;&nbsp;I2C_Start
</UL>
<BR>[Called By]<UL><LI><a href="#[19b]">&gt;&gt;</a>&nbsp;&nbsp;&nbsp;ReadDataFromEEPROM
</UL>

<P><STRONG><a name="[e2]"></a>IIC_Write</STRONG> (Thumb, 96 bytes, Stack size 24 bytes, i2c.o(.text))
<BR><BR>[Stack]<UL><LI>Max Depth = 68<LI>Call Chain = IIC_Write &rArr; I2C_SendB_Ack &rArr; I2C_WaitAck &rArr; GPIOx_Cfg
</UL>
<BR>[Calls]<UL><LI><a href="#[de]">&gt;&gt;</a>&nbsp;&nbsp;&nbsp;I2C_SendB_Ack
<LI><a href="#[db]">&gt;&gt;</a>&nbsp;&nbsp;&nbsp;I2C_Stop
<LI><a href="#[d8]">&gt;&gt;</a>&nbsp;&nbsp;&nbsp;I2C_Start
<LI><a href="#[da]">&gt;&gt;</a>&nbsp;&nbsp;&nbsp;GPIOx_Rst
<LI><a href="#[ce]">&gt;&gt;</a>&nbsp;&nbsp;&nbsp;GPIOx_Set
</UL>
<BR>[Called By]<UL><LI><a href="#[19d]">&gt;&gt;</a>&nbsp;&nbsp;&nbsp;WriteDataToEEPROM
</UL>

<P><STRONG><a name="[e3]"></a>IIC_WriteSame</STRONG> (Thumb, 94 bytes, Stack size 24 bytes, i2c.o(.text))
<BR><BR>[Stack]<UL><LI>Max Depth = 68<LI>Call Chain = IIC_WriteSame &rArr; I2C_SendB_Ack &rArr; I2C_WaitAck &rArr; GPIOx_Cfg
</UL>
<BR>[Calls]<UL><LI><a href="#[de]">&gt;&gt;</a>&nbsp;&nbsp;&nbsp;I2C_SendB_Ack
<LI><a href="#[db]">&gt;&gt;</a>&nbsp;&nbsp;&nbsp;I2C_Stop
<LI><a href="#[d8]">&gt;&gt;</a>&nbsp;&nbsp;&nbsp;I2C_Start
<LI><a href="#[da]">&gt;&gt;</a>&nbsp;&nbsp;&nbsp;GPIOx_Rst
<LI><a href="#[ce]">&gt;&gt;</a>&nbsp;&nbsp;&nbsp;GPIOx_Set
</UL>
<BR>[Called By]<UL><LI><a href="#[1be]">&gt;&gt;</a>&nbsp;&nbsp;&nbsp;WriteDataToEEPROMEx
</UL>

<P><STRONG><a name="[120]"></a>Instruct_Init</STRONG> (Thumb, 2 bytes, Stack size 0 bytes, instruct.o(.text))
<BR><BR>[Called By]<UL><LI><a href="#[c2]">&gt;&gt;</a>&nbsp;&nbsp;&nbsp;main
</UL>

<P><STRONG><a name="[177]"></a>Instruct</STRONG> (Thumb, 2 bytes, Stack size 0 bytes, instruct.o(.text))
<BR><BR>[Called By]<UL><LI><a href="#[48]">&gt;&gt;</a>&nbsp;&nbsp;&nbsp;Msg_Process
</UL>

<P><STRONG><a name="[4f]"></a>Instruct_Run</STRONG> (Thumb, 2 bytes, Stack size 0 bytes, instruct.o(.text))
<BR>[Address Reference Count : 2]<UL><LI> faultmanage.o(.text)
<LI> unitshare_attr.o(.text)
</UL>
<P><STRONG><a name="[e4]"></a>Program_Erase</STRONG> (Thumb, 52 bytes, Stack size 16 bytes, program.o(.text))
<BR><BR>[Stack]<UL><LI>Max Depth = 32<LI>Call Chain = Program_Erase &rArr; FLASH_ErasePage
</UL>
<BR>[Calls]<UL><LI><a href="#[cf]">&gt;&gt;</a>&nbsp;&nbsp;&nbsp;FLASH_ErasePage
<LI><a href="#[e5]">&gt;&gt;</a>&nbsp;&nbsp;&nbsp;Flash_lock
<LI><a href="#[d5]">&gt;&gt;</a>&nbsp;&nbsp;&nbsp;Flash_Unlock
</UL>
<BR>[Called By]<UL><LI><a href="#[1b7]">&gt;&gt;</a>&nbsp;&nbsp;&nbsp;Updata_Channel
<LI><a href="#[1b5]">&gt;&gt;</a>&nbsp;&nbsp;&nbsp;Updata_Flag
<LI><a href="#[1b1]">&gt;&gt;</a>&nbsp;&nbsp;&nbsp;UpgradeReady
<LI><a href="#[a8]">&gt;&gt;</a>&nbsp;&nbsp;&nbsp;UserDataDownload_Ready
</UL>

<P><STRONG><a name="[58]"></a>Program_Write</STRONG> (Thumb, 44 bytes, Stack size 24 bytes, program.o(.text))
<BR><BR>[Stack]<UL><LI>Max Depth = 40<LI>Call Chain = Program_Write &rArr; Flash_Write
</UL>
<BR>[Calls]<UL><LI><a href="#[d3]">&gt;&gt;</a>&nbsp;&nbsp;&nbsp;Flash_Write
<LI><a href="#[e5]">&gt;&gt;</a>&nbsp;&nbsp;&nbsp;Flash_lock
<LI><a href="#[d5]">&gt;&gt;</a>&nbsp;&nbsp;&nbsp;Flash_Unlock
</UL>
<BR>[Called By]<UL><LI><a href="#[1b7]">&gt;&gt;</a>&nbsp;&nbsp;&nbsp;Updata_Channel
<LI><a href="#[1b5]">&gt;&gt;</a>&nbsp;&nbsp;&nbsp;Updata_Flag
<LI><a href="#[1b3]">&gt;&gt;</a>&nbsp;&nbsp;&nbsp;Updata_PackProcess
<LI><a href="#[198]">&gt;&gt;</a>&nbsp;&nbsp;&nbsp;SetDeviceChannelFlag
</UL>
<BR>[Address Reference Count : 1]<UL><LI> userdatadownload.o(.text)
</UL>
<P><STRONG><a name="[e7]"></a>Program_Read</STRONG> (Thumb, 22 bytes, Stack size 0 bytes, program.o(.text))
<BR><BR>[Called By]<UL><LI><a href="#[e6]">&gt;&gt;</a>&nbsp;&nbsp;&nbsp;Program_WriteEx
<LI><a href="#[1b7]">&gt;&gt;</a>&nbsp;&nbsp;&nbsp;Updata_Channel
<LI><a href="#[1b5]">&gt;&gt;</a>&nbsp;&nbsp;&nbsp;Updata_Flag
</UL>

<P><STRONG><a name="[e6]"></a>Program_WriteEx</STRONG> (Thumb, 242 bytes, Stack size 1064 bytes, program.o(.text))
<BR><BR>[Stack]<UL><LI>Max Depth = 1080<LI>Call Chain = Program_WriteEx &rArr; Flash_Write
</UL>
<BR>[Calls]<UL><LI><a href="#[e7]">&gt;&gt;</a>&nbsp;&nbsp;&nbsp;Program_Read
<LI><a href="#[d3]">&gt;&gt;</a>&nbsp;&nbsp;&nbsp;Flash_Write
<LI><a href="#[cf]">&gt;&gt;</a>&nbsp;&nbsp;&nbsp;FLASH_ErasePage
<LI><a href="#[e5]">&gt;&gt;</a>&nbsp;&nbsp;&nbsp;Flash_lock
<LI><a href="#[d5]">&gt;&gt;</a>&nbsp;&nbsp;&nbsp;Flash_Unlock
</UL>
<BR>[Called By]<UL><LI><a href="#[e8]">&gt;&gt;</a>&nbsp;&nbsp;&nbsp;FlashEncryptionInit
<LI><a href="#[1b2]">&gt;&gt;</a>&nbsp;&nbsp;&nbsp;UpgradePreStage
<LI><a href="#[1b1]">&gt;&gt;</a>&nbsp;&nbsp;&nbsp;UpgradeReady
<LI><a href="#[ab]">&gt;&gt;</a>&nbsp;&nbsp;&nbsp;Set_ResetAddr_Attr
<LI><a href="#[198]">&gt;&gt;</a>&nbsp;&nbsp;&nbsp;SetDeviceChannelFlag
</UL>

<P><STRONG><a name="[e8]"></a>FlashEncryptionInit</STRONG> (Thumb, 114 bytes, Stack size 16 bytes, program.o(.text))
<BR><BR>[Stack]<UL><LI>Max Depth = 1096<LI>Call Chain = FlashEncryptionInit &rArr; Program_WriteEx &rArr; Flash_Write
</UL>
<BR>[Calls]<UL><LI><a href="#[e6]">&gt;&gt;</a>&nbsp;&nbsp;&nbsp;Program_WriteEx
</UL>
<BR>[Called By]<UL><LI><a href="#[109]">&gt;&gt;</a>&nbsp;&nbsp;&nbsp;SysHard_Init
</UL>

<P><STRONG><a name="[1b6]"></a>Flash_DefaultValue</STRONG> (Thumb, 6 bytes, Stack size 0 bytes, program.o(.text))
<BR><BR>[Called By]<UL><LI><a href="#[f4]">&gt;&gt;</a>&nbsp;&nbsp;&nbsp;Channel_Get
<LI><a href="#[1b7]">&gt;&gt;</a>&nbsp;&nbsp;&nbsp;Updata_Channel
<LI><a href="#[1b5]">&gt;&gt;</a>&nbsp;&nbsp;&nbsp;Updata_Flag
<LI><a href="#[198]">&gt;&gt;</a>&nbsp;&nbsp;&nbsp;SetDeviceChannelFlag
<LI><a href="#[199]">&gt;&gt;</a>&nbsp;&nbsp;&nbsp;GetDeviceChannelFlag
</UL>

<P><STRONG><a name="[25d]"></a>Flash_PageSize</STRONG> (Thumb, 6 bytes, Stack size 0 bytes, program.o(.text), UNUSED)

<P><STRONG><a name="[1eb]"></a>Flash_ChipSize</STRONG> (Thumb, 8 bytes, Stack size 0 bytes, program.o(.text))
<BR><BR>[Called By]<UL><LI><a href="#[10a]">&gt;&gt;</a>&nbsp;&nbsp;&nbsp;DevPivotalSetInit
</UL>

<P><STRONG><a name="[222]"></a>Get_UniqueDeviceID</STRONG> (Thumb, 24 bytes, Stack size 0 bytes, program.o(.text))
<BR><BR>[Called By]<UL><LI><a href="#[ac]">&gt;&gt;</a>&nbsp;&nbsp;&nbsp;Get_ResetAddr_Attr
</UL>

<P><STRONG><a name="[18c]"></a>SetRecTestStatus</STRONG> (Thumb, 14 bytes, Stack size 0 bytes, si4432.o(.text))
<BR><BR>[Called By]<UL><LI><a href="#[51]">&gt;&gt;</a>&nbsp;&nbsp;&nbsp;ClearRecTestStatus
<LI><a href="#[8b]">&gt;&gt;</a>&nbsp;&nbsp;&nbsp;Set_Sign433_StartRecFrame_Attr
</UL>

<P><STRONG><a name="[18d]"></a>GetRSSIPara</STRONG> (Thumb, 4 bytes, Stack size 0 bytes, si4432.o(.text))
<BR><BR>[Called By]<UL><LI><a href="#[52]">&gt;&gt;</a>&nbsp;&nbsp;&nbsp;Sign433_SendTestReport
<LI><a href="#[8b]">&gt;&gt;</a>&nbsp;&nbsp;&nbsp;Set_Sign433_StartRecFrame_Attr
</UL>

<P><STRONG><a name="[18f]"></a>GetThresholdPara</STRONG> (Thumb, 6 bytes, Stack size 0 bytes, si4432.o(.text))
<BR><BR>[Called By]<UL><LI><a href="#[8f]">&gt;&gt;</a>&nbsp;&nbsp;&nbsp;Get_DeviceThreshold_Attr
</UL>

<P><STRONG><a name="[ef]"></a>Si4432_Idle</STRONG> (Thumb, 70 bytes, Stack size 8 bytes, si4432.o(.text))
<BR><BR>[Stack]<UL><LI>Max Depth = 24<LI>Call Chain = Si4432_Idle &rArr; delay_ms &rArr; WDG_Feed
</UL>
<BR>[Calls]<UL><LI><a href="#[f0]">&gt;&gt;</a>&nbsp;&nbsp;&nbsp;delay_ms
<LI><a href="#[e9]">&gt;&gt;</a>&nbsp;&nbsp;&nbsp;SPI_RW_Reg
</UL>
<BR>[Called By]<UL><LI><a href="#[3b]">&gt;&gt;</a>&nbsp;&nbsp;&nbsp;Si4432_Init
<LI><a href="#[f8]">&gt;&gt;</a>&nbsp;&nbsp;&nbsp;SI4432_Send_All_Data
<LI><a href="#[b3]">&gt;&gt;</a>&nbsp;&nbsp;&nbsp;SI4432Test_Attr
</UL>

<P><STRONG><a name="[3b]"></a>Si4432_Init</STRONG> (Thumb, 738 bytes, Stack size 8 bytes, si4432.o(.text))
<BR><BR>[Stack]<UL><LI>Max Depth = 80<LI>Call Chain = Si4432_Init &rArr; Thread_Login &rArr; Thread_Wake &rArr; memmove
</UL>
<BR>[Calls]<UL><LI><a href="#[f0]">&gt;&gt;</a>&nbsp;&nbsp;&nbsp;delay_ms
<LI><a href="#[f6]">&gt;&gt;</a>&nbsp;&nbsp;&nbsp;MY_NVIC_Init
<LI><a href="#[f5]">&gt;&gt;</a>&nbsp;&nbsp;&nbsp;Ex_NVIC_Config
<LI><a href="#[f4]">&gt;&gt;</a>&nbsp;&nbsp;&nbsp;Channel_Get
<LI><a href="#[ef]">&gt;&gt;</a>&nbsp;&nbsp;&nbsp;Si4432_Idle
<LI><a href="#[ee]">&gt;&gt;</a>&nbsp;&nbsp;&nbsp;SetMode_RX
<LI><a href="#[3d]">&gt;&gt;</a>&nbsp;&nbsp;&nbsp;SI4432_SendEn
<LI><a href="#[eb]">&gt;&gt;</a>&nbsp;&nbsp;&nbsp;Si4432_PortInit
<LI><a href="#[e9]">&gt;&gt;</a>&nbsp;&nbsp;&nbsp;SPI_RW_Reg
<LI><a href="#[da]">&gt;&gt;</a>&nbsp;&nbsp;&nbsp;GPIOx_Rst
<LI><a href="#[ca]">&gt;&gt;</a>&nbsp;&nbsp;&nbsp;Thread_Login
<LI><a href="#[ce]">&gt;&gt;</a>&nbsp;&nbsp;&nbsp;GPIOx_Set
</UL>
<BR>[Called By]<UL><LI><a href="#[109]">&gt;&gt;</a>&nbsp;&nbsp;&nbsp;SysHard_Init
</UL>
<BR>[Address Reference Count : 2]<UL><LI> si4432.o(.text)
<LI> flashattr.o(.text)
</UL>
<P><STRONG><a name="[35]"></a>EXTI15_10_IRQHandler</STRONG> (Thumb, 22 bytes, Stack size 8 bytes, si4432.o(.text))
<BR><BR>[Stack]<UL><LI>Max Depth = 244<LI>Call Chain = EXTI15_10_IRQHandler &rArr; RecDataToFifo &rArr; Si4432_Fault &rArr; Fault_Upload &rArr; FaultData_Save &rArr; WriteDataToEEPROM &rArr;  Fault_Upload (Cycle)
</UL>
<BR>[Calls]<UL><LI><a href="#[ff]">&gt;&gt;</a>&nbsp;&nbsp;&nbsp;RecDataToFifo
</UL>
<BR>[Address Reference Count : 1]<UL><LI> startup_stm32f10x_md.o(RESET)
</UL>
<P><STRONG><a name="[4a]"></a>Si4432_Send</STRONG> (Thumb, 72 bytes, Stack size 16 bytes, si4432.o(.text))
<BR><BR>[Stack]<UL><LI>Max Depth = 172<LI>Call Chain = Si4432_Send &rArr; SI4432_Send_All_Data &rArr; Si4432_Fault &rArr; Fault_Upload &rArr; FaultData_Save &rArr; WriteDataToEEPROM &rArr;  Fault_Upload (Cycle)
</UL>
<BR>[Calls]<UL><LI><a href="#[105]">&gt;&gt;</a>&nbsp;&nbsp;&nbsp;Check_433M_Busy
<LI><a href="#[f8]">&gt;&gt;</a>&nbsp;&nbsp;&nbsp;SI4432_Send_All_Data
<LI><a href="#[ca]">&gt;&gt;</a>&nbsp;&nbsp;&nbsp;Thread_Login
</UL>
<BR>[Address Reference Count : 2]<UL><LI> cmdprocess.o(.text)
<LI> systestattr.o(.text)
</UL>
<P><STRONG><a name="[ea]"></a>SPI2_ReadWriteByte</STRONG> (Thumb, 86 bytes, Stack size 0 bytes, spi.o(.text))
<BR><BR>[Called By]<UL><LI><a href="#[ec]">&gt;&gt;</a>&nbsp;&nbsp;&nbsp;SPI2_Init
<LI><a href="#[e9]">&gt;&gt;</a>&nbsp;&nbsp;&nbsp;SPI_RW_Reg
</UL>

<P><STRONG><a name="[ec]"></a>SPI2_Init</STRONG> (Thumb, 166 bytes, Stack size 4 bytes, spi.o(.text))
<BR><BR>[Stack]<UL><LI>Max Depth = 4<LI>Call Chain = SPI2_Init
</UL>
<BR>[Calls]<UL><LI><a href="#[ea]">&gt;&gt;</a>&nbsp;&nbsp;&nbsp;SPI2_ReadWriteByte
</UL>
<BR>[Called By]<UL><LI><a href="#[eb]">&gt;&gt;</a>&nbsp;&nbsp;&nbsp;Si4432_PortInit
</UL>

<P><STRONG><a name="[ed]"></a>SPI2_SetSpeed</STRONG> (Thumb, 44 bytes, Stack size 0 bytes, spi.o(.text))
<BR><BR>[Called By]<UL><LI><a href="#[eb]">&gt;&gt;</a>&nbsp;&nbsp;&nbsp;Si4432_PortInit
</UL>

<P><STRONG><a name="[25e]"></a>MY_NVIC_SetVectorTable</STRONG> (Thumb, 12 bytes, Stack size 0 bytes, sys.o(.text), UNUSED)

<P><STRONG><a name="[106]"></a>MY_NVIC_PriorityGroupConfig</STRONG> (Thumb, 36 bytes, Stack size 0 bytes, sys.o(.text))
<BR><BR>[Called By]<UL><LI><a href="#[f6]">&gt;&gt;</a>&nbsp;&nbsp;&nbsp;MY_NVIC_Init
</UL>

<P><STRONG><a name="[f6]"></a>MY_NVIC_Init</STRONG> (Thumb, 68 bytes, Stack size 24 bytes, sys.o(.text))
<BR><BR>[Stack]<UL><LI>Max Depth = 24<LI>Call Chain = MY_NVIC_Init
</UL>
<BR>[Calls]<UL><LI><a href="#[106]">&gt;&gt;</a>&nbsp;&nbsp;&nbsp;MY_NVIC_PriorityGroupConfig
</UL>
<BR>[Called By]<UL><LI><a href="#[46]">&gt;&gt;</a>&nbsp;&nbsp;&nbsp;UART_Init
<LI><a href="#[3b]">&gt;&gt;</a>&nbsp;&nbsp;&nbsp;Si4432_Init
</UL>

<P><STRONG><a name="[f5]"></a>Ex_NVIC_Config</STRONG> (Thumb, 146 bytes, Stack size 16 bytes, sys.o(.text))
<BR><BR>[Stack]<UL><LI>Max Depth = 16<LI>Call Chain = Ex_NVIC_Config
</UL>
<BR>[Called By]<UL><LI><a href="#[3b]">&gt;&gt;</a>&nbsp;&nbsp;&nbsp;Si4432_Init
</UL>

<P><STRONG><a name="[107]"></a>JumpToCode</STRONG> (Thumb, 30 bytes, Stack size 16 bytes, sys.o(.text))
<BR><BR>[Stack]<UL><LI>Max Depth = 16<LI>Call Chain = JumpToCode
</UL>
<BR>[Calls]<UL><LI><a href="#[108]">&gt;&gt;</a>&nbsp;&nbsp;&nbsp;Set_MSP
</UL>
<BR>[Called By]<UL><LI><a href="#[1b2]">&gt;&gt;</a>&nbsp;&nbsp;&nbsp;UpgradePreStage
</UL>

<P><STRONG><a name="[109]"></a>SysHard_Init</STRONG> (Thumb, 24 bytes, Stack size 8 bytes, syshard.o(.text))
<BR><BR>[Stack]<UL><LI>Max Depth = 1104<LI>Call Chain = SysHard_Init &rArr; FlashEncryptionInit &rArr; Program_WriteEx &rArr; Flash_Write
</UL>
<BR>[Calls]<UL><LI><a href="#[10b]">&gt;&gt;</a>&nbsp;&nbsp;&nbsp;SysTick_Init
<LI><a href="#[10a]">&gt;&gt;</a>&nbsp;&nbsp;&nbsp;DevPivotalSetInit
<LI><a href="#[3b]">&gt;&gt;</a>&nbsp;&nbsp;&nbsp;Si4432_Init
<LI><a href="#[e8]">&gt;&gt;</a>&nbsp;&nbsp;&nbsp;FlashEncryptionInit
<LI><a href="#[d7]">&gt;&gt;</a>&nbsp;&nbsp;&nbsp;I2C_Init
</UL>
<BR>[Called By]<UL><LI><a href="#[c2]">&gt;&gt;</a>&nbsp;&nbsp;&nbsp;main
</UL>

<P><STRONG><a name="[1c7]"></a>HardID_Check</STRONG> (Thumb, 122 bytes, Stack size 0 bytes, syshard.o(.text))
<BR><BR>[Called By]<UL><LI><a href="#[1c6]">&gt;&gt;</a>&nbsp;&nbsp;&nbsp;SysEEPROMData_Init
<LI><a href="#[191]">&gt;&gt;</a>&nbsp;&nbsp;&nbsp;UserData_Init
</UL>

<P><STRONG><a name="[5b]"></a>HardID_Change</STRONG> (Thumb, 96 bytes, Stack size 0 bytes, syshard.o(.text))
<BR>[Address Reference Count : 1]<UL><LI> deviceidsetattr.o(.text)
</UL>
<P><STRONG><a name="[10b]"></a>SysTick_Init</STRONG> (Thumb, 64 bytes, Stack size 16 bytes, systick.o(.text))
<BR><BR>[Stack]<UL><LI>Max Depth = 36<LI>Call Chain = SysTick_Init &rArr; Get_SysClk_FrqAndSrc
</UL>
<BR>[Calls]<UL><LI><a href="#[10c]">&gt;&gt;</a>&nbsp;&nbsp;&nbsp;Get_SysClk_FrqAndSrc
</UL>
<BR>[Called By]<UL><LI><a href="#[109]">&gt;&gt;</a>&nbsp;&nbsp;&nbsp;SysHard_Init
</UL>

<P><STRONG><a name="[f3]"></a>Time_Get</STRONG> (Thumb, 6 bytes, Stack size 0 bytes, systick.o(.text))
<BR><BR>[Called By]<UL><LI><a href="#[118]">&gt;&gt;</a>&nbsp;&nbsp;&nbsp;_SetTimeing_ms
<LI><a href="#[105]">&gt;&gt;</a>&nbsp;&nbsp;&nbsp;Check_433M_Busy
<LI><a href="#[3c]">&gt;&gt;</a>&nbsp;&nbsp;&nbsp;Si4432_Threshold
<LI><a href="#[8e]">&gt;&gt;</a>&nbsp;&nbsp;&nbsp;Set_DelayUpload_Attr
<LI><a href="#[163]">&gt;&gt;</a>&nbsp;&nbsp;&nbsp;Upload
<LI><a href="#[143]">&gt;&gt;</a>&nbsp;&nbsp;&nbsp;_CheckTime
</UL>

<P><STRONG><a name="[170]"></a>UpdateRandomTime</STRONG> (Thumb, 10 bytes, Stack size 0 bytes, systick.o(.text))
<BR><BR>[Called By]<UL><LI><a href="#[123]">&gt;&gt;</a>&nbsp;&nbsp;&nbsp;Process_FIFOData
</UL>

<P><STRONG><a name="[1b9]"></a>GetRandomTime</STRONG> (Thumb, 6 bytes, Stack size 0 bytes, systick.o(.text))
<BR><BR>[Called By]<UL><LI><a href="#[55]">&gt;&gt;</a>&nbsp;&nbsp;&nbsp;Upload_Idle
</UL>

<P><STRONG><a name="[c]"></a>SysTick_Handler</STRONG> (Thumb, 34 bytes, Stack size 8 bytes, systick.o(.text))
<BR><BR>[Stack]<UL><LI>Max Depth = 8<LI>Call Chain = SysTick_Handler
</UL>
<BR>[Calls]<UL><LI><a href="#[10d]">&gt;&gt;</a>&nbsp;&nbsp;&nbsp;Thread_RunCheck
</UL>
<BR>[Address Reference Count : 1]<UL><LI> startup_stm32f10x_md.o(RESET)
</UL>
<P><STRONG><a name="[10e]"></a>Test_Init</STRONG> (Thumb, 28 bytes, Stack size 8 bytes, test.o(.text))
<BR><BR>[Stack]<UL><LI>Max Depth = 28<LI>Call Chain = Test_Init &rArr; GPIOx_Cfg
</UL>
<BR>[Calls]<UL><LI><a href="#[ce]">&gt;&gt;</a>&nbsp;&nbsp;&nbsp;GPIOx_Set
<LI><a href="#[cd]">&gt;&gt;</a>&nbsp;&nbsp;&nbsp;GPIOx_Cfg
</UL>
<BR>[Called By]<UL><LI><a href="#[c2]">&gt;&gt;</a>&nbsp;&nbsp;&nbsp;main
</UL>

<P><STRONG><a name="[10f]"></a>Run_Test_485_EEPROM_WATCHDOG</STRONG> (Thumb, 14 bytes, Stack size 8 bytes, test.o(.text))
<BR><BR>[Stack]<UL><LI>Max Depth = 164<LI>Call Chain = Run_Test_485_EEPROM_WATCHDOG &rArr; UART_Send &rArr; UART_Init &rArr; UART_CfgDefault &rArr; UART_CfgSave &rArr; EEPROM_Write &rArr; WriteDataToEEPROM &rArr;  Fault_Upload (Cycle)
</UL>
<BR>[Calls]<UL><LI><a href="#[57]">&gt;&gt;</a>&nbsp;&nbsp;&nbsp;UART_Send
</UL>
<BR>[Address Reference Count : 1]<UL><LI> test.o(.text)
</UL>
<P><STRONG><a name="[110]"></a>Test_485_EEPROM_WATCHDOG</STRONG> (Thumb, 132 bytes, Stack size 8 bytes, test.o(.text))
<BR><BR>[Stack]<UL><LI>Max Depth = 80<LI>Call Chain = Test_485_EEPROM_WATCHDOG &rArr; Thread_Login &rArr; Thread_Wake &rArr; memmove
</UL>
<BR>[Calls]<UL><LI><a href="#[ca]">&gt;&gt;</a>&nbsp;&nbsp;&nbsp;Thread_Login
</UL>
<BR>[Called By]<UL><LI><a href="#[40]">&gt;&gt;</a>&nbsp;&nbsp;&nbsp;Air_run
</UL>

<P><STRONG><a name="[111]"></a>UART_CfgSave</STRONG> (Thumb, 16 bytes, Stack size 8 bytes, usart.o(.text))
<BR><BR>[Stack]<UL><LI>Max Depth = 116<LI>Call Chain = UART_CfgSave &rArr; EEPROM_Write &rArr; WriteDataToEEPROM &rArr;  Fault_Upload (Cycle)
</UL>
<BR>[Calls]<UL><LI><a href="#[59]">&gt;&gt;</a>&nbsp;&nbsp;&nbsp;EEPROM_Write
</UL>
<BR>[Called By]<UL><LI><a href="#[117]">&gt;&gt;</a>&nbsp;&nbsp;&nbsp;RS232_CfgDefault
<LI><a href="#[112]">&gt;&gt;</a>&nbsp;&nbsp;&nbsp;UART_CfgDefault
<LI><a href="#[78]">&gt;&gt;</a>&nbsp;&nbsp;&nbsp;Set_RS232Cfg_Attr
</UL>

<P><STRONG><a name="[112]"></a>UART_CfgDefault</STRONG> (Thumb, 30 bytes, Stack size 8 bytes, usart.o(.text))
<BR><BR>[Stack]<UL><LI>Max Depth = 124<LI>Call Chain = UART_CfgDefault &rArr; UART_CfgSave &rArr; EEPROM_Write &rArr; WriteDataToEEPROM &rArr;  Fault_Upload (Cycle)
</UL>
<BR>[Calls]<UL><LI><a href="#[111]">&gt;&gt;</a>&nbsp;&nbsp;&nbsp;UART_CfgSave
</UL>
<BR>[Called By]<UL><LI><a href="#[46]">&gt;&gt;</a>&nbsp;&nbsp;&nbsp;UART_Init
</UL>

<P><STRONG><a name="[115]"></a>UART_CfgCheck</STRONG> (Thumb, 200 bytes, Stack size 0 bytes, usart.o(.text))
<BR><BR>[Called By]<UL><LI><a href="#[46]">&gt;&gt;</a>&nbsp;&nbsp;&nbsp;UART_Init
<LI><a href="#[78]">&gt;&gt;</a>&nbsp;&nbsp;&nbsp;Set_RS232Cfg_Attr
</UL>

<P><STRONG><a name="[113]"></a>UART_CfgGet</STRONG> (Thumb, 16 bytes, Stack size 8 bytes, usart.o(.text))
<BR><BR>[Stack]<UL><LI>Max Depth = 116<LI>Call Chain = UART_CfgGet &rArr; EEPROM_Read &rArr; ReadDataFromEEPROM &rArr;  Fault_Upload (Cycle)
</UL>
<BR>[Calls]<UL><LI><a href="#[114]">&gt;&gt;</a>&nbsp;&nbsp;&nbsp;EEPROM_Read
</UL>
<BR>[Called By]<UL><LI><a href="#[46]">&gt;&gt;</a>&nbsp;&nbsp;&nbsp;UART_Init
<LI><a href="#[79]">&gt;&gt;</a>&nbsp;&nbsp;&nbsp;Get_RS232Cfg_Attr
</UL>

<P><STRONG><a name="[46]"></a>UART_Init</STRONG> (Thumb, 284 bytes, Stack size 16 bytes, usart.o(.text))
<BR><BR>[Stack]<UL><LI>Max Depth = 140<LI>Call Chain = UART_Init &rArr; UART_CfgDefault &rArr; UART_CfgSave &rArr; EEPROM_Write &rArr; WriteDataToEEPROM &rArr;  Fault_Upload (Cycle)
</UL>
<BR>[Calls]<UL><LI><a href="#[113]">&gt;&gt;</a>&nbsp;&nbsp;&nbsp;UART_CfgGet
<LI><a href="#[115]">&gt;&gt;</a>&nbsp;&nbsp;&nbsp;UART_CfgCheck
<LI><a href="#[112]">&gt;&gt;</a>&nbsp;&nbsp;&nbsp;UART_CfgDefault
<LI><a href="#[f6]">&gt;&gt;</a>&nbsp;&nbsp;&nbsp;MY_NVIC_Init
<LI><a href="#[cd]">&gt;&gt;</a>&nbsp;&nbsp;&nbsp;GPIOx_Cfg
</UL>
<BR>[Called By]<UL><LI><a href="#[5e]">&gt;&gt;</a>&nbsp;&nbsp;&nbsp;Air_ParaInit
<LI><a href="#[57]">&gt;&gt;</a>&nbsp;&nbsp;&nbsp;UART_Send
</UL>
<BR>[Address Reference Count : 1]<UL><LI> airattr.o(.text)
</UL>
<P><STRONG><a name="[116]"></a>UART_Write</STRONG> (Thumb, 50 bytes, Stack size 0 bytes, usart.o(.text))
<BR><BR>[Called By]<UL><LI><a href="#[57]">&gt;&gt;</a>&nbsp;&nbsp;&nbsp;UART_Send
</UL>

<P><STRONG><a name="[57]"></a>UART_Send</STRONG> (Thumb, 40 bytes, Stack size 16 bytes, usart.o(.text))
<BR><BR>[Stack]<UL><LI>Max Depth = 156<LI>Call Chain = UART_Send &rArr; UART_Init &rArr; UART_CfgDefault &rArr; UART_CfgSave &rArr; EEPROM_Write &rArr; WriteDataToEEPROM &rArr;  Fault_Upload (Cycle)
</UL>
<BR>[Calls]<UL><LI><a href="#[116]">&gt;&gt;</a>&nbsp;&nbsp;&nbsp;UART_Write
<LI><a href="#[46]">&gt;&gt;</a>&nbsp;&nbsp;&nbsp;UART_Init
</UL>
<BR>[Called By]<UL><LI><a href="#[10f]">&gt;&gt;</a>&nbsp;&nbsp;&nbsp;Run_Test_485_EEPROM_WATCHDOG
<LI><a href="#[146]">&gt;&gt;</a>&nbsp;&nbsp;&nbsp;Send_Data_To_RS485
</UL>
<BR>[Address Reference Count : 1]<UL><LI> systestattr.o(.text)
</UL>
<P><STRONG><a name="[117]"></a>RS232_CfgDefault</STRONG> (Thumb, 30 bytes, Stack size 8 bytes, usart.o(.text), UNUSED)
<BR><BR>[Calls]<UL><LI><a href="#[111]">&gt;&gt;</a>&nbsp;&nbsp;&nbsp;UART_CfgSave
</UL>

<P><STRONG><a name="[33]"></a>USART2_IRQHandler</STRONG> (Thumb, 66 bytes, Stack size 8 bytes, usart.o(.text))
<BR><BR>[Stack]<UL><LI>Max Depth = 24<LI>Call Chain = USART2_IRQHandler &rArr; _SetTimeing_ms
</UL>
<BR>[Calls]<UL><LI><a href="#[118]">&gt;&gt;</a>&nbsp;&nbsp;&nbsp;_SetTimeing_ms
</UL>
<BR>[Address Reference Count : 1]<UL><LI> startup_stm32f10x_md.o(RESET)
</UL>
<P><STRONG><a name="[119]"></a>WDG_Feed</STRONG> (Thumb, 20 bytes, Stack size 8 bytes, wdg.o(.text))
<BR><BR>[Stack]<UL><LI>Max Depth = 8<LI>Call Chain = WDG_Feed
</UL>
<BR>[Calls]<UL><LI><a href="#[11a]">&gt;&gt;</a>&nbsp;&nbsp;&nbsp;GPIOx_Rvrs
</UL>
<BR>[Called By]<UL><LI><a href="#[f0]">&gt;&gt;</a>&nbsp;&nbsp;&nbsp;delay_ms
<LI><a href="#[ad]">&gt;&gt;</a>&nbsp;&nbsp;&nbsp;Set_IAPReady_Attr
<LI><a href="#[af]">&gt;&gt;</a>&nbsp;&nbsp;&nbsp;Set_IAPPackSave_Attr
<LI><a href="#[ae]">&gt;&gt;</a>&nbsp;&nbsp;&nbsp;Get_IAPReady_Attr
<LI><a href="#[5a]">&gt;&gt;</a>&nbsp;&nbsp;&nbsp;DlyMsgProcess
<LI><a href="#[1ed]">&gt;&gt;</a>&nbsp;&nbsp;&nbsp;Get_IAPPackCheck_Attr
<LI><a href="#[1ec]">&gt;&gt;</a>&nbsp;&nbsp;&nbsp;Set_IAPDataCRC_Attr
</UL>
<BR>[Address Reference Count : 1]<UL><LI> wdg.o(.text)
</UL>
<P><STRONG><a name="[11b]"></a>WDG_Init</STRONG> (Thumb, 60 bytes, Stack size 16 bytes, wdg.o(.text))
<BR><BR>[Stack]<UL><LI>Max Depth = 88<LI>Call Chain = WDG_Init &rArr; Thread_Login &rArr; Thread_Wake &rArr; memmove
</UL>
<BR>[Calls]<UL><LI><a href="#[ca]">&gt;&gt;</a>&nbsp;&nbsp;&nbsp;Thread_Login
<LI><a href="#[cd]">&gt;&gt;</a>&nbsp;&nbsp;&nbsp;GPIOx_Cfg
</UL>
<BR>[Called By]<UL><LI><a href="#[c2]">&gt;&gt;</a>&nbsp;&nbsp;&nbsp;main
</UL>

<P><STRONG><a name="[11c]"></a>WDG_FeedOFF</STRONG> (Thumb, 12 bytes, Stack size 8 bytes, wdg.o(.text))
<BR><BR>[Stack]<UL><LI>Max Depth = 40<LI>Call Chain = WDG_FeedOFF &rArr; Thread_Logout &rArr; memmove
</UL>
<BR>[Calls]<UL><LI><a href="#[11d]">&gt;&gt;</a>&nbsp;&nbsp;&nbsp;Thread_Logout
</UL>
<BR>[Called By]<UL><LI><a href="#[f2]">&gt;&gt;</a>&nbsp;&nbsp;&nbsp;Fault_Upload
<LI><a href="#[1ec]">&gt;&gt;</a>&nbsp;&nbsp;&nbsp;Set_IAPDataCRC_Attr
</UL>

<P><STRONG><a name="[b2]"></a>HardWDGTest_Attr</STRONG> (Thumb, 18 bytes, Stack size 8 bytes, wdg.o(.text))
<BR><BR>[Stack]<UL><LI>Max Depth = 28<LI>Call Chain = HardWDGTest_Attr &rArr; GPIOx_Cfg
</UL>
<BR>[Calls]<UL><LI><a href="#[cd]">&gt;&gt;</a>&nbsp;&nbsp;&nbsp;GPIOx_Cfg
</UL>
<BR>[Address Reference Count : 1]<UL><LI> sysexeattr.o(.constdata)
</UL>
<P><STRONG><a name="[c2]"></a>main</STRONG> (Thumb, 66 bytes, Stack size 0 bytes, main.o(.text))
<BR><BR>[Stack]<UL><LI>Max Depth = 1104<LI>Call Chain = main &rArr; SysHard_Init &rArr; FlashEncryptionInit &rArr; Program_WriteEx &rArr; Flash_Write
</UL>
<BR>[Calls]<UL><LI><a href="#[121]">&gt;&gt;</a>&nbsp;&nbsp;&nbsp;Unit_Init
<LI><a href="#[124]">&gt;&gt;</a>&nbsp;&nbsp;&nbsp;Thread_Process
<LI><a href="#[11e]">&gt;&gt;</a>&nbsp;&nbsp;&nbsp;Thread_Init
<LI><a href="#[123]">&gt;&gt;</a>&nbsp;&nbsp;&nbsp;Process_FIFOData
<LI><a href="#[122]">&gt;&gt;</a>&nbsp;&nbsp;&nbsp;LCD_ShowALL
<LI><a href="#[11f]">&gt;&gt;</a>&nbsp;&nbsp;&nbsp;FIFOInit
<LI><a href="#[11b]">&gt;&gt;</a>&nbsp;&nbsp;&nbsp;WDG_Init
<LI><a href="#[10e]">&gt;&gt;</a>&nbsp;&nbsp;&nbsp;Test_Init
<LI><a href="#[109]">&gt;&gt;</a>&nbsp;&nbsp;&nbsp;SysHard_Init
<LI><a href="#[120]">&gt;&gt;</a>&nbsp;&nbsp;&nbsp;Instruct_Init
<LI><a href="#[cc]">&gt;&gt;</a>&nbsp;&nbsp;&nbsp;DeviceResetCheck_Init
</UL>
<BR>[Called By]<UL><LI><a href="#[c1]">&gt;&gt;</a>&nbsp;&nbsp;&nbsp;__rt_entry_main
</UL>

<P><STRONG><a name="[173]"></a>UnitCnt_Get</STRONG> (Thumb, 4 bytes, Stack size 0 bytes, unitcfg.o(.text))
<BR><BR>[Called By]<UL><LI><a href="#[7c]">&gt;&gt;</a>&nbsp;&nbsp;&nbsp;Set_UnitChecking_Attr
<LI><a href="#[1c5]">&gt;&gt;</a>&nbsp;&nbsp;&nbsp;UnitPublicEEPROMData_Init
<LI><a href="#[1c4]">&gt;&gt;</a>&nbsp;&nbsp;&nbsp;UnitPrivateEEPROMData_Init
<LI><a href="#[1c3]">&gt;&gt;</a>&nbsp;&nbsp;&nbsp;GroupEEPROM_Init
<LI><a href="#[1ba]">&gt;&gt;</a>&nbsp;&nbsp;&nbsp;Upload_Check
<LI><a href="#[1b8]">&gt;&gt;</a>&nbsp;&nbsp;&nbsp;Upload_Attr
<LI><a href="#[81]">&gt;&gt;</a>&nbsp;&nbsp;&nbsp;Set_Scene_Attr
<LI><a href="#[83]">&gt;&gt;</a>&nbsp;&nbsp;&nbsp;Set_Group_Attr
<LI><a href="#[1a2]">&gt;&gt;</a>&nbsp;&nbsp;&nbsp;SceneEEPROMUnit_Init
<LI><a href="#[82]">&gt;&gt;</a>&nbsp;&nbsp;&nbsp;Get_Scene_Attr
<LI><a href="#[84]">&gt;&gt;</a>&nbsp;&nbsp;&nbsp;Get_Group_Attr
<LI><a href="#[9b]">&gt;&gt;</a>&nbsp;&nbsp;&nbsp;Set_UserDataFormat_Attr
<LI><a href="#[9f]">&gt;&gt;</a>&nbsp;&nbsp;&nbsp;Get_UnitAble_Attr
<LI><a href="#[9e]">&gt;&gt;</a>&nbsp;&nbsp;&nbsp;Set_UnitAble_Attr
<LI><a href="#[9d]">&gt;&gt;</a>&nbsp;&nbsp;&nbsp;Get_UploadAble_Attr
<LI><a href="#[9c]">&gt;&gt;</a>&nbsp;&nbsp;&nbsp;Set_UploadAble_Attr
<LI><a href="#[a3]">&gt;&gt;</a>&nbsp;&nbsp;&nbsp;Get_CommonType_Attr
<LI><a href="#[a2]">&gt;&gt;</a>&nbsp;&nbsp;&nbsp;Set_CommonType_Attr
<LI><a href="#[a1]">&gt;&gt;</a>&nbsp;&nbsp;&nbsp;Get_UnitType_Attr
<LI><a href="#[a0]">&gt;&gt;</a>&nbsp;&nbsp;&nbsp;Set_UnitType_Attr
[...]
<LI><a href="#[1af]">&gt;&gt;</a>&nbsp;&nbsp;&nbsp;Thread_Query
<LI><a href="#[1ae]">&gt;&gt;</a>&nbsp;&nbsp;&nbsp;Thread_Hang
<LI><a href="#[1ac]">&gt;&gt;</a>&nbsp;&nbsp;&nbsp;Thread_Wake
</UL>

<P><STRONG><a name="[1b1]"></a>UpgradeReady</STRONG> (Thumb, 90 bytes, Stack size 16 bytes, updata.o(.text))
<BR><BR>[Stack]<UL><LI>Max Depth = 1096<LI>Call Chain = UpgradeReady &rArr; Program_WriteEx &rArr; Flash_Write
</UL>
<BR>[Calls]<UL><LI><a href="#[e6]">&gt;&gt;</a>&nbsp;&nbsp;&nbsp;Program_WriteEx
<LI><a href="#[e4]">&gt;&gt;</a>&nbsp;&nbsp;&nbsp;Program_Erase
<LI><a href="#[197]">&gt;&gt;</a>&nbsp;&nbsp;&nbsp;GetDevPivotalSet
<LI><a href="#[18e]">&gt;&gt;</a>&nbsp;&nbsp;&nbsp;memset
</UL>
<BR>[Called By]<UL><LI><a href="#[1b2]">&gt;&gt;</a>&nbsp;&nbsp;&nbsp;UpgradePreStage
</UL>

<P><STRONG><a name="[56]"></a>FaultMsg</STRONG> (Thumb, 16 bytes, Stack size 8 bytes, upload.o(.text))
<BR><BR>[Stack]<UL><LI>Max Depth = 732<LI>Call Chain = FaultMsg &rArr; Msg_Upload &rArr; Msg_UploadUnit &rArr; Msg_Package &rArr; Msg_Feedback &rArr; EncryptCmd_put &rArr; fifo_puts &rArr; memcpy
</UL>
<BR>[Calls]<UL><LI><a href="#[18b]">&gt;&gt;</a>&nbsp;&nbsp;&nbsp;Msg_Upload
</UL>
<BR>[Address Reference Count : 1]<UL><LI> upload.o(.text)
</UL>
<P><STRONG><a name="[1b8]"></a>Upload_Attr</STRONG> (Thumb, 118 bytes, Stack size 272 bytes, upload.o(.text))
<BR><BR>[Stack]<UL><LI>Max Depth = 908<LI>Call Chain = Upload_Attr &rArr; Msg_UploadUnit &rArr; Msg_Package &rArr; Msg_Feedback &rArr; EncryptCmd_put &rArr; fifo_puts &rArr; memcpy
</UL>
<BR>[Calls]<UL><LI><a href="#[173]">&gt;&gt;</a>&nbsp;&nbsp;&nbsp;UnitCnt_Get
<LI><a href="#[7b]">&gt;&gt;</a>&nbsp;&nbsp;&nbsp;Get_ManyUnit_Attr
<LI><a href="#[18a]">&gt;&gt;</a>&nbsp;&nbsp;&nbsp;Msg_UploadUnit
<LI><a href="#[16f]">&gt;&gt;</a>&nbsp;&nbsp;&nbsp;__aeabi_memclr4
</UL>
<BR>[Called By]<UL><LI><a href="#[1ba]">&gt;&gt;</a>&nbsp;&nbsp;&nbsp;Upload_Check
<LI><a href="#[55]">&gt;&gt;</a>&nbsp;&nbsp;&nbsp;Upload_Idle
</UL>

<P><STRONG><a name="[55]"></a>Upload_Idle</STRONG> (Thumb, 52 bytes, Stack size 8 bytes, upload.o(.text))
<BR><BR>[Stack]<UL><LI>Max Depth = 916<LI>Call Chain = Upload_Idle &rArr; Upload_Attr &rArr; Msg_UploadUnit &rArr; Msg_Package &rArr; Msg_Feedback &rArr; EncryptCmd_put &rArr; fifo_puts &rArr; memcpy
</UL>
<BR>[Calls]<UL><LI><a href="#[1b9]">&gt;&gt;</a>&nbsp;&nbsp;&nbsp;GetRandomTime
<LI><a href="#[ca]">&gt;&gt;</a>&nbsp;&nbsp;&nbsp;Thread_Login
<LI><a href="#[1b8]">&gt;&gt;</a>&nbsp;&nbsp;&nbsp;Upload_Attr
</UL>
<BR>[Address Reference Count : 1]<UL><LI> upload.o(.text)
</UL>
<P><STRONG><a name="[1d3]"></a>FindScene</STRONG> (Thumb, 80 bytes, Stack size 12 bytes, userdata.o(.text))
<BR><BR>[Stack]<UL><LI>Max Depth = 12<LI>Call Chain = FindScene
</UL>
<BR>[Called By]<UL><LI><a href="#[1e3]">&gt;&gt;</a>&nbsp;&nbsp;&nbsp;SceneEEPROM_Get
<LI><a href="#[1e0]">&gt;&gt;</a>&nbsp;&nbsp;&nbsp;SceneEEPROM_GetEx
<LI><a href="#[1dc]">&gt;&gt;</a>&nbsp;&nbsp;&nbsp;SceneEEPROM_SetEx
<LI><a href="#[1d8]">&gt;&gt;</a>&nbsp;&nbsp;&nbsp;SceneEEPROM_Set
<LI><a href="#[1d2]">&gt;&gt;</a>&nbsp;&nbsp;&nbsp;SceneEEPROM_Clr
</UL>

<P><STRONG><a name="[1cc]"></a>DeleteScene</STRONG> (Thumb, 152 bytes, Stack size 16 bytes, userdata.o(.text))
<BR><BR>[Stack]<UL><LI>Max Depth = 164<LI>Call Chain = DeleteScene &rArr; WriteDataToEEPROMEx &rArr; Fault_Upload &rArr; FaultData_Save &rArr; WriteDataToEEPROM &rArr;  Fault_Upload (Cycle)
</UL>
<BR>[Calls]<UL><LI><a href="#[1be]">&gt;&gt;</a>&nbsp;&nbsp;&nbsp;WriteDataToEEPROMEx
<LI><a href="#[19d]">&gt;&gt;</a>&nbsp;&nbsp;&nbsp;WriteDataToEEPROM
<LI><a href="#[18e]">&gt;&gt;</a>&nbsp;&nbsp;&nbsp;memset
</UL>
<BR>[Called By]<UL><LI><a href="#[1dc]">&gt;&gt;</a>&nbsp;&nbsp;&nbsp;SceneEEPROM_SetEx
<LI><a href="#[1d8]">&gt;&gt;</a>&nbsp;&nbsp;&nbsp;SceneEEPROM_Set
<LI><a href="#[1d2]">&gt;&gt;</a>&nbsp;&nbsp;&nbsp;SceneEEPROM_Clr
</UL>

<P><STRONG><a name="[1cd]"></a>SceneUseFlag_Set</STRONG> (Thumb, 106 bytes, Stack size 16 bytes, userdata.o(.text))
<BR><BR>[Stack]<UL><LI>Max Depth = 108<LI>Call Chain = SceneUseFlag_Set &rArr; WriteDataToEEPROM &rArr;  Fault_Upload (Cycle)
</UL>
<BR>[Calls]<UL><LI><a href="#[19d]">&gt;&gt;</a>&nbsp;&nbsp;&nbsp;WriteDataToEEPROM
</UL>
<BR>[Called By]<UL><LI><a href="#[1dc]">&gt;&gt;</a>&nbsp;&nbsp;&nbsp;SceneEEPROM_SetEx
<LI><a href="#[1d8]">&gt;&gt;</a>&nbsp;&nbsp;&nbsp;SceneEEPROM_Set
</UL>

<P><STRONG><a name="[1ce]"></a>SceneTimeUseFlag_Clr</STRONG> (Thumb, 104 bytes, Stack size 16 bytes, userdata.o(.text))
<BR><BR>[Stack]<UL><LI>Max Depth = 108<LI>Call Chain = SceneTimeUseFlag_Clr &rArr; WriteDataToEEPROM &rArr;  Fault_Upload (Cycle)
</UL>
<BR>[Calls]<UL><LI><a href="#[19d]">&gt;&gt;</a>&nbsp;&nbsp;&nbsp;WriteDataToEEPROM
</UL>
<BR>[Called By]<UL><LI><a href="#[1dc]">&gt;&gt;</a>&nbsp;&nbsp;&nbsp;SceneEEPROM_SetEx
<LI><a href="#[1d2]">&gt;&gt;</a>&nbsp;&nbsp;&nbsp;SceneEEPROM_Clr
<LI><a href="#[1d7]">&gt;&gt;</a>&nbsp;&nbsp;&nbsp;ClearSceneTimePara
</UL>

<P><STRONG><a name="[1cf]"></a>SceneTimeUseFlag_Set</STRONG> (Thumb, 106 bytes, Stack size 16 bytes, userdata.o(.text))
<BR><BR>[Stack]<UL><LI>Max Depth = 108<LI>Call Chain = SceneTimeUseFlag_Set &rArr; WriteDataToEEPROM &rArr;  Fault_Upload (Cycle)
</UL>
<BR>[Calls]<UL><LI><a href="#[19d]">&gt;&gt;</a>&nbsp;&nbsp;&nbsp;WriteDataToEEPROM
</UL>
<BR>[Called By]<UL><LI><a href="#[1dc]">&gt;&gt;</a>&nbsp;&nbsp;&nbsp;SceneEEPROM_SetEx
</UL>

<P><STRONG><a name="[1d1]"></a>SceneTimeSave_Seat</STRONG> (Thumb, 30 bytes, Stack size 0 bytes, userdata.o(.text))
<BR><BR>[Called By]<UL><LI><a href="#[1dc]">&gt;&gt;</a>&nbsp;&nbsp;&nbsp;SceneEEPROM_SetEx
<LI><a href="#[1d0]">&gt;&gt;</a>&nbsp;&nbsp;&nbsp;SceneEEPROMTimeData_Seat
</UL>

<P><STRONG><a name="[1d0]"></a>SceneEEPROMTimeData_Seat</STRONG> (Thumb, 78 bytes, Stack size 24 bytes, userdata.o(.text))
<BR><BR>[Stack]<UL><LI>Max Depth = 24<LI>Call Chain = SceneEEPROMTimeData_Seat
</UL>
<BR>[Calls]<UL><LI><a href="#[1d1]">&gt;&gt;</a>&nbsp;&nbsp;&nbsp;SceneTimeSave_Seat
</UL>
<BR>[Called By]<UL><LI><a href="#[1dc]">&gt;&gt;</a>&nbsp;&nbsp;&nbsp;SceneEEPROM_SetEx
</UL>

<P><STRONG><a name="[1de]"></a>SceneTimeEEPROMSave_Addr</STRONG> (Thumb, 84 bytes, Stack size 0 bytes, userdata.o(.text))
<BR><BR>[Called By]<UL><LI><a href="#[1e0]">&gt;&gt;</a>&nbsp;&nbsp;&nbsp;SceneEEPROM_GetEx
<LI><a href="#[1dc]">&gt;&gt;</a>&nbsp;&nbsp;&nbsp;SceneEEPROM_SetEx
</UL>

<P><STRONG><a name="[1d6]"></a>SceneEEPROMSave_Seat</STRONG> (Thumb, 38 bytes, Stack size 0 bytes, userdata.o(.text))
<BR><BR>[Called By]<UL><LI><a href="#[1dc]">&gt;&gt;</a>&nbsp;&nbsp;&nbsp;SceneEEPROM_SetEx
<LI><a href="#[1d8]">&gt;&gt;</a>&nbsp;&nbsp;&nbsp;SceneEEPROM_Set
<LI><a href="#[1d5]">&gt;&gt;</a>&nbsp;&nbsp;&nbsp;SceneEEPROMData_Seat
</UL>

<P><STRONG><a name="[1da]"></a>SceneEEPROMSave_Addr</STRONG> (Thumb, 60 bytes, Stack size 0 bytes, userdata.o(.text))
<BR><BR>[Called By]<UL><LI><a href="#[1e3]">&gt;&gt;</a>&nbsp;&nbsp;&nbsp;SceneEEPROM_Get
<LI><a href="#[1e0]">&gt;&gt;</a>&nbsp;&nbsp;&nbsp;SceneEEPROM_GetEx
<LI><a href="#[1dc]">&gt;&gt;</a>&nbsp;&nbsp;&nbsp;SceneEEPROM_SetEx
<LI><a href="#[1d8]">&gt;&gt;</a>&nbsp;&nbsp;&nbsp;SceneEEPROM_Set
</UL>

<P><STRONG><a name="[1d4]"></a>SceneEEPROMData_Save</STRONG> (Thumb, 20 bytes, Stack size 16 bytes, userdata.o(.text))
<BR><BR>[Stack]<UL><LI>Max Depth = 108<LI>Call Chain = SceneEEPROMData_Save &rArr; WriteDataToEEPROM &rArr;  Fault_Upload (Cycle)
</UL>
<BR>[Calls]<UL><LI><a href="#[19d]">&gt;&gt;</a>&nbsp;&nbsp;&nbsp;WriteDataToEEPROM
</UL>
<BR>[Called By]<UL><LI><a href="#[1dc]">&gt;&gt;</a>&nbsp;&nbsp;&nbsp;SceneEEPROM_SetEx
<LI><a href="#[1d8]">&gt;&gt;</a>&nbsp;&nbsp;&nbsp;SceneEEPROM_Set
</UL>

<P><STRONG><a name="[1d5]"></a>SceneEEPROMData_Seat</STRONG> (Thumb, 78 bytes, Stack size 24 bytes, userdata.o(.text))
<BR><BR>[Stack]<UL><LI>Max Depth = 24<LI>Call Chain = SceneEEPROMData_Seat
</UL>
<BR>[Calls]<UL><LI><a href="#[1d6]">&gt;&gt;</a>&nbsp;&nbsp;&nbsp;SceneEEPROMSave_Seat
</UL>
<BR>[Called By]<UL><LI><a href="#[1dc]">&gt;&gt;</a>&nbsp;&nbsp;&nbsp;SceneEEPROM_SetEx
<LI><a href="#[1d8]">&gt;&gt;</a>&nbsp;&nbsp;&nbsp;SceneEEPROM_Set
</UL>

<P><STRONG><a name="[1d7]"></a>ClearSceneTimePara</STRONG> (Thumb, 100 bytes, Stack size 16 bytes, userdata.o(.text))
<BR><BR>[Stack]<UL><LI>Max Depth = 164<LI>Call Chain = ClearSceneTimePara &rArr; WriteDataToEEPROMEx &rArr; Fault_Upload &rArr; FaultData_Save &rArr; WriteDataToEEPROM &rArr;  Fault_Upload (Cycle)
</UL>
<BR>[Calls]<UL><LI><a href="#[1be]">&gt;&gt;</a>&nbsp;&nbsp;&nbsp;WriteDataToEEPROMEx
<LI><a href="#[1ce]">&gt;&gt;</a>&nbsp;&nbsp;&nbsp;SceneTimeUseFlag_Clr
</UL>
<BR>[Called By]<UL><LI><a href="#[1d8]">&gt;&gt;</a>&nbsp;&nbsp;&nbsp;SceneEEPROM_Set
</UL>

<P><STRONG><a name="[1db]"></a>SceneParamSeparate</STRONG> (Thumb, 90 bytes, Stack size 32 bytes, userdata.o(.text))
<BR><BR>[Stack]<UL><LI>Max Depth = 48<LI>Call Chain = SceneParamSeparate &rArr; memmove
</UL>
<BR>[Calls]<UL><LI><a href="#[175]">&gt;&gt;</a>&nbsp;&nbsp;&nbsp;memmove
<LI><a href="#[149]">&gt;&gt;</a>&nbsp;&nbsp;&nbsp;memcpy
</UL>
<BR>[Called By]<UL><LI><a href="#[1dc]">&gt;&gt;</a>&nbsp;&nbsp;&nbsp;SceneEEPROM_SetEx
</UL>

<P><STRONG><a name="[1df]"></a>SceneParamCombine</STRONG> (Thumb, 90 bytes, Stack size 32 bytes, userdata.o(.text))
<BR><BR>[Stack]<UL><LI>Max Depth = 48<LI>Call Chain = SceneParamCombine &rArr; memmove
</UL>
<BR>[Calls]<UL><LI><a href="#[175]">&gt;&gt;</a>&nbsp;&nbsp;&nbsp;memmove
<LI><a href="#[149]">&gt;&gt;</a>&nbsp;&nbsp;&nbsp;memcpy
</UL>
<BR>[Called By]<UL><LI><a href="#[1e0]">&gt;&gt;</a>&nbsp;&nbsp;&nbsp;SceneEEPROM_GetEx
</UL>

<P><STRONG><a name="[1e2]"></a>GetCurSceneTimeSpace</STRONG> (Thumb, 22 bytes, Stack size 0 bytes, userdata.o(.text))
<BR><BR>[Called By]<UL><LI><a href="#[1e0]">&gt;&gt;</a>&nbsp;&nbsp;&nbsp;SceneEEPROM_GetEx
</UL>

<P><STRONG><a name="[1e1]"></a>GetCurSceneSpace</STRONG> (Thumb, 22 bytes, Stack size 0 bytes, userdata.o(.text))
<BR><BR>[Called By]<UL><LI><a href="#[1e3]">&gt;&gt;</a>&nbsp;&nbsp;&nbsp;SceneEEPROM_Get
<LI><a href="#[1e0]">&gt;&gt;</a>&nbsp;&nbsp;&nbsp;SceneEEPROM_GetEx
</UL>

<P><STRONG><a name="[1e5]"></a>KeyEncodeSwapBits</STRONG> (Thumb, 60 bytes, Stack size 8 bytes, dataencrypt.o(.text))
<BR><BR>[Stack]<UL><LI>Max Depth = 8<LI>Call Chain = KeyEncodeSwapBits
</UL>
<BR>[Called By]<UL><LI><a href="#[1e4]">&gt;&gt;</a>&nbsp;&nbsp;&nbsp;KeyEncode
</UL>

<P><STRONG><a name="[1e7]"></a>KeyEncodeXor</STRONG> (Thumb, 26 bytes, Stack size 0 bytes, dataencrypt.o(.text))
<BR><BR>[Called By]<UL><LI><a href="#[1e4]">&gt;&gt;</a>&nbsp;&nbsp;&nbsp;KeyEncode
</UL>

<P><STRONG><a name="[1e6]"></a>KeyEncodeShift</STRONG> (Thumb, 402 bytes, Stack size 24 bytes, dataencrypt.o(.text))
<BR><BR>[Stack]<UL><LI>Max Depth = 24<LI>Call Chain = KeyEncodeShift
</UL>
<BR>[Called By]<UL><LI><a href="#[1e4]">&gt;&gt;</a>&nbsp;&nbsp;&nbsp;KeyEncode
</UL>

<P><STRONG><a name="[1e4]"></a>KeyEncode</STRONG> (Thumb, 142 bytes, Stack size 8 bytes, dataencrypt.o(.text))
<BR><BR>[Stack]<UL><LI>Max Depth = 32<LI>Call Chain = KeyEncode &rArr; KeyEncodeShift
</UL>
<BR>[Calls]<UL><LI><a href="#[1e6]">&gt;&gt;</a>&nbsp;&nbsp;&nbsp;KeyEncodeShift
<LI><a href="#[1e7]">&gt;&gt;</a>&nbsp;&nbsp;&nbsp;KeyEncodeXor
<LI><a href="#[1e5]">&gt;&gt;</a>&nbsp;&nbsp;&nbsp;KeyEncodeSwapBits
</UL>
<BR>[Called By]<UL><LI><a href="#[1e9]">&gt;&gt;</a>&nbsp;&nbsp;&nbsp;GetEncodeFromKey
<LI><a href="#[196]">&gt;&gt;</a>&nbsp;&nbsp;&nbsp;EncryptInit
</UL>

<P><STRONG><a name="[1ea]"></a>DataFieldEncodeOrDecode</STRONG> (Thumb, 32 bytes, Stack size 12 bytes, dataencrypt.o(.text))
<BR><BR>[Stack]<UL><LI>Max Depth = 12<LI>Call Chain = DataFieldEncodeOrDecode
</UL>
<BR>[Called By]<UL><LI><a href="#[fe]">&gt;&gt;</a>&nbsp;&nbsp;&nbsp;EncryptData
<LI><a href="#[fb]">&gt;&gt;</a>&nbsp;&nbsp;&nbsp;DecryptData
</UL>

<P><STRONG><a name="[1e8]"></a>CheckDataFieldCRC</STRONG> (Thumb, 24 bytes, Stack size 16 bytes, dataencrypt.o(.text))
<BR><BR>[Stack]<UL><LI>Max Depth = 32<LI>Call Chain = CheckDataFieldCRC &rArr; ChkCrcValue
</UL>
<BR>[Calls]<UL><LI><a href="#[180]">&gt;&gt;</a>&nbsp;&nbsp;&nbsp;ChkCrcValue
</UL>
<BR>[Called By]<UL><LI><a href="#[fb]">&gt;&gt;</a>&nbsp;&nbsp;&nbsp;DecryptData
</UL>

<P><STRONG><a name="[1e9]"></a>GetEncodeFromKey</STRONG> (Thumb, 48 bytes, Stack size 16 bytes, dataencrypt.o(.text))
<BR><BR>[Stack]<UL><LI>Max Depth = 48<LI>Call Chain = GetEncodeFromKey &rArr; KeyEncode &rArr; KeyEncodeShift
</UL>
<BR>[Calls]<UL><LI><a href="#[1e4]">&gt;&gt;</a>&nbsp;&nbsp;&nbsp;KeyEncode
<LI><a href="#[15d]">&gt;&gt;</a>&nbsp;&nbsp;&nbsp;memcmp
<LI><a href="#[149]">&gt;&gt;</a>&nbsp;&nbsp;&nbsp;memcpy
</UL>
<BR>[Called By]<UL><LI><a href="#[fb]">&gt;&gt;</a>&nbsp;&nbsp;&nbsp;DecryptData
</UL>

<P><STRONG><a name="[1ec]"></a>Set_IAPDataCRC_Attr</STRONG> (Thumb, 94 bytes, Stack size 8 bytes, flashattr.o(.text))
<BR><BR>[Stack]<UL><LI>Max Depth = 80<LI>Call Chain = Set_IAPDataCRC_Attr &rArr; Updata_Flag &rArr; Program_Write &rArr; Flash_Write
</UL>
<BR>[Calls]<UL><LI><a href="#[11c]">&gt;&gt;</a>&nbsp;&nbsp;&nbsp;WDG_FeedOFF
<LI><a href="#[119]">&gt;&gt;</a>&nbsp;&nbsp;&nbsp;WDG_Feed
<LI><a href="#[1b5]">&gt;&gt;</a>&nbsp;&nbsp;&nbsp;Updata_Flag
<LI><a href="#[1b4]">&gt;&gt;</a>&nbsp;&nbsp;&nbsp;Updata_Calibrate
</UL>
<BR>[Called By]<UL><LI><a href="#[ad]">&gt;&gt;</a>&nbsp;&nbsp;&nbsp;Set_IAPReady_Attr
</UL>

<P><STRONG><a name="[1ed]"></a>Get_IAPPackCheck_Attr</STRONG> (Thumb, 62 bytes, Stack size 16 bytes, flashattr.o(.text))
<BR><BR>[Stack]<UL><LI>Max Depth = 28<LI>Call Chain = Get_IAPPackCheck_Attr &rArr; Updata_PackCheck
</UL>
<BR>[Calls]<UL><LI><a href="#[119]">&gt;&gt;</a>&nbsp;&nbsp;&nbsp;WDG_Feed
<LI><a href="#[1ee]">&gt;&gt;</a>&nbsp;&nbsp;&nbsp;Updata_PackCheck
</UL>
<BR>[Called By]<UL><LI><a href="#[ae]">&gt;&gt;</a>&nbsp;&nbsp;&nbsp;Get_IAPReady_Attr
</UL>

<P><STRONG><a name="[1ef]"></a>Get_DevUpgradeReady_Attr</STRONG> (Thumb, 146 bytes, Stack size 32 bytes, flashattr.o(.text))
<BR><BR>[Stack]<UL><LI>Max Depth = 32<LI>Call Chain = Get_DevUpgradeReady_Attr
</UL>
<BR>[Calls]<UL><LI><a href="#[197]">&gt;&gt;</a>&nbsp;&nbsp;&nbsp;GetDevPivotalSet
</UL>
<BR>[Called By]<UL><LI><a href="#[ae]">&gt;&gt;</a>&nbsp;&nbsp;&nbsp;Get_IAPReady_Attr
</UL>

<P><STRONG><a name="[210]"></a>Check_Repeat</STRONG> (Thumb, 186 bytes, Stack size 12 bytes, object.o(.text))
<BR><BR>[Stack]<UL><LI>Max Depth = 12<LI>Call Chain = Check_Repeat
</UL>
<BR>[Called By]<UL><LI><a href="#[171]">&gt;&gt;</a>&nbsp;&nbsp;&nbsp;ShortObject_Check
<LI><a href="#[176]">&gt;&gt;</a>&nbsp;&nbsp;&nbsp;Object_Check
</UL>

<P><STRONG><a name="[212]"></a>Short_Len</STRONG> (Thumb, 18 bytes, Stack size 0 bytes, object.o(.text))
<BR><BR>[Called By]<UL><LI><a href="#[211]">&gt;&gt;</a>&nbsp;&nbsp;&nbsp;ShortMsg_Check
</UL>

<P><STRONG><a name="[211]"></a>ShortMsg_Check</STRONG> (Thumb, 24 bytes, Stack size 16 bytes, object.o(.text))
<BR><BR>[Stack]<UL><LI>Max Depth = 16<LI>Call Chain = ShortMsg_Check
</UL>
<BR>[Calls]<UL><LI><a href="#[212]">&gt;&gt;</a>&nbsp;&nbsp;&nbsp;Short_Len
</UL>
<BR>[Called By]<UL><LI><a href="#[171]">&gt;&gt;</a>&nbsp;&nbsp;&nbsp;ShortObject_Check
</UL>

<P><STRONG><a name="[216]"></a>QueryAttrRelateValue</STRONG> (Thumb, 100 bytes, Stack size 24 bytes, dlyattrprocess.o(.text))
<BR><BR>[Stack]<UL><LI>Max Depth = 24<LI>Call Chain = QueryAttrRelateValue
</UL>
<BR>[Calls]<UL><LI><a href="#[173]">&gt;&gt;</a>&nbsp;&nbsp;&nbsp;UnitCnt_Get
</UL>
<BR>[Called By]<UL><LI><a href="#[1b0]">&gt;&gt;</a>&nbsp;&nbsp;&nbsp;CreateBufferNode
<LI><a href="#[219]">&gt;&gt;</a>&nbsp;&nbsp;&nbsp;DeleteRelateNode
</UL>

<P><STRONG><a name="[218]"></a>DlyBufferIsEmpty</STRONG> (Thumb, 18 bytes, Stack size 0 bytes, dlyattrprocess.o(.text))
<BR><BR>[Called By]<UL><LI><a href="#[174]">&gt;&gt;</a>&nbsp;&nbsp;&nbsp;DlyMsgFilterProcess
<LI><a href="#[5a]">&gt;&gt;</a>&nbsp;&nbsp;&nbsp;DlyMsgProcess
<LI><a href="#[217]">&gt;&gt;</a>&nbsp;&nbsp;&nbsp;DeleteBufferNode
</UL>

<P><STRONG><a name="[217]"></a>DeleteBufferNode</STRONG> (Thumb, 126 bytes, Stack size 8 bytes, dlyattrprocess.o(.text))
<BR><BR>[Stack]<UL><LI>Max Depth = 20<LI>Call Chain = DeleteBufferNode &rArr; memcpy
</UL>
<BR>[Calls]<UL><LI><a href="#[18e]">&gt;&gt;</a>&nbsp;&nbsp;&nbsp;memset
<LI><a href="#[149]">&gt;&gt;</a>&nbsp;&nbsp;&nbsp;memcpy
<LI><a href="#[218]">&gt;&gt;</a>&nbsp;&nbsp;&nbsp;DlyBufferIsEmpty
</UL>
<BR>[Called By]<UL><LI><a href="#[21a]">&gt;&gt;</a>&nbsp;&nbsp;&nbsp;DlyRepeatHandle
<LI><a href="#[219]">&gt;&gt;</a>&nbsp;&nbsp;&nbsp;DeleteRelateNode
</UL>

<P><STRONG><a name="[219]"></a>DeleteRelateNode</STRONG> (Thumb, 176 bytes, Stack size 24 bytes, dlyattrprocess.o(.text))
<BR><BR>[Stack]<UL><LI>Max Depth = 48<LI>Call Chain = DeleteRelateNode &rArr; QueryAttrRelateValue
</UL>
<BR>[Calls]<UL><LI><a href="#[217]">&gt;&gt;</a>&nbsp;&nbsp;&nbsp;DeleteBufferNode
<LI><a href="#[216]">&gt;&gt;</a>&nbsp;&nbsp;&nbsp;QueryAttrRelateValue
</UL>
<BR>[Called By]<UL><LI><a href="#[174]">&gt;&gt;</a>&nbsp;&nbsp;&nbsp;DlyMsgFilterProcess
</UL>

<P><STRONG><a name="[21e]"></a>DlyBufferIsFull</STRONG> (Thumb, 20 bytes, Stack size 0 bytes, dlyattrprocess.o(.text))
<BR><BR>[Called By]<UL><LI><a href="#[1b0]">&gt;&gt;</a>&nbsp;&nbsp;&nbsp;CreateBufferNode
</UL>

<P><STRONG><a name="[21a]"></a>DlyRepeatHandle</STRONG> (Thumb, 78 bytes, Stack size 16 bytes, dlyattrprocess.o(.text))
<BR><BR>[Stack]<UL><LI>Max Depth = 36<LI>Call Chain = DlyRepeatHandle &rArr; DeleteBufferNode &rArr; memcpy
</UL>
<BR>[Calls]<UL><LI><a href="#[21b]">&gt;&gt;</a>&nbsp;&nbsp;&nbsp;TransformTimePara
<LI><a href="#[217]">&gt;&gt;</a>&nbsp;&nbsp;&nbsp;DeleteBufferNode
</UL>
<BR>[Called By]<UL><LI><a href="#[5a]">&gt;&gt;</a>&nbsp;&nbsp;&nbsp;DlyMsgProcess
</UL>

<P><STRONG><a name="[21c]"></a>Msg_ExecuteEx</STRONG> (Thumb, 128 bytes, Stack size 24 bytes, dlyattrprocess.o(.text))
<BR><BR>[Stack]<UL><LI>Max Depth = 24<LI>Call Chain = Msg_ExecuteEx
</UL>
<BR>[Calls]<UL><LI><a href="#[173]">&gt;&gt;</a>&nbsp;&nbsp;&nbsp;UnitCnt_Get
</UL>
<BR>[Called By]<UL><LI><a href="#[5a]">&gt;&gt;</a>&nbsp;&nbsp;&nbsp;DlyMsgProcess
</UL>

<P><STRONG><a name="[5a]"></a>DlyMsgProcess</STRONG> (Thumb, 550 bytes, Stack size 32 bytes, dlyattrprocess.o(.text))
<BR><BR>[Stack]<UL><LI>Max Depth = 68<LI>Call Chain = DlyMsgProcess &rArr; DlyRepeatHandle &rArr; DeleteBufferNode &rArr; memcpy
</UL>
<BR>[Calls]<UL><LI><a href="#[119]">&gt;&gt;</a>&nbsp;&nbsp;&nbsp;WDG_Feed
<LI><a href="#[149]">&gt;&gt;</a>&nbsp;&nbsp;&nbsp;memcpy
<LI><a href="#[21d]">&gt;&gt;</a>&nbsp;&nbsp;&nbsp;CheckTimeParaIsZero
<LI><a href="#[21c]">&gt;&gt;</a>&nbsp;&nbsp;&nbsp;Msg_ExecuteEx
<LI><a href="#[21a]">&gt;&gt;</a>&nbsp;&nbsp;&nbsp;DlyRepeatHandle
<LI><a href="#[218]">&gt;&gt;</a>&nbsp;&nbsp;&nbsp;DlyBufferIsEmpty
</UL>
<BR>[Address Reference Count : 1]<UL><LI> dlyattrprocess.o(.text)
</UL>
<P><STRONG><a name="[221]"></a>CheckTimePara</STRONG> (Thumb, 130 bytes, Stack size 8 bytes, timehandle.o(.text))
<BR><BR>[Stack]<UL><LI>Max Depth = 8<LI>Call Chain = CheckTimePara
</UL>
<BR>[Called By]<UL><LI><a href="#[220]">&gt;&gt;</a>&nbsp;&nbsp;&nbsp;CheckTimeParaIsOK
</UL>

<P><STRONG><a name="[220]"></a>CheckTimeParaIsOK</STRONG> (Thumb, 62 bytes, Stack size 16 bytes, timehandle.o(.text))
<BR><BR>[Stack]<UL><LI>Max Depth = 24<LI>Call Chain = CheckTimeParaIsOK &rArr; CheckTimePara
</UL>
<BR>[Calls]<UL><LI><a href="#[221]">&gt;&gt;</a>&nbsp;&nbsp;&nbsp;CheckTimePara
<LI><a href="#[21d]">&gt;&gt;</a>&nbsp;&nbsp;&nbsp;CheckTimeParaIsZero
</UL>
<BR>[Called By]<UL><LI><a href="#[1dd]">&gt;&gt;</a>&nbsp;&nbsp;&nbsp;CheckAllTimeParaIsOK
</UL>

<P><STRONG><a name="[233]"></a>_dadd1</STRONG> (Thumb, 0 bytes, Stack size unknown bytes, daddsub_clz.o(x$fpl$dadd), UNUSED)
<BR><BR>[Called By]<UL><LI><a href="#[232]">&gt;&gt;</a>&nbsp;&nbsp;&nbsp;_dsub
</UL>

<P><STRONG><a name="[22d]"></a>_dsub1</STRONG> (Thumb, 0 bytes, Stack size unknown bytes, daddsub_clz.o(x$fpl$dsub), UNUSED)
<BR><BR>[Called By]<UL><LI><a href="#[22c]">&gt;&gt;</a>&nbsp;&nbsp;&nbsp;_dadd
</UL>
<P>
<H3>
Undefined Global Symbols
</H3><HR></body></html>
